Archive member included to satisfy reference by file (symbol)

freertos_kernel/libfreertos_kernel.a(port.c.obj)
                              CMakeFiles/ENERGIS_RTOS.dir/src/tasks/NetTask.c.obj (vPortYield)
freertos_kernel/libfreertos_kernel.a(exception.c.obj)
                              freertos_kernel/libfreertos_kernel.a(port.c.obj) (exception_set_exclusive_handler)
freertos_kernel/libfreertos_kernel.a(event_groups.c.obj)
                              CMakeFiles/ENERGIS_RTOS.dir/src/tasks/StorageTask.c.obj (xEventGroupCreate)
freertos_kernel/libfreertos_kernel.a(list.c.obj)
                              freertos_kernel/libfreertos_kernel.a(event_groups.c.obj) (vListInitialise)
freertos_kernel/libfreertos_kernel.a(queue.c.obj)
                              CMakeFiles/ENERGIS_RTOS.dir/src/drivers/i2c_bus.c.obj (xQueueGenericCreate)
freertos_kernel/libfreertos_kernel.a(tasks.c.obj)
                              CMakeFiles/ENERGIS_RTOS.dir/src/drivers/i2c_bus.c.obj (xTaskCreate)
freertos_kernel/libfreertos_kernel.a(timers.c.obj)
                              freertos_kernel/libfreertos_kernel.a(tasks.c.obj) (xTimerCreateTimerTask)
freertos_kernel/libfreertos_kernel.a(heap_4.c.obj)
                              CMakeFiles/ENERGIS_RTOS.dir/src/drivers/i2c_bus.c.obj (pvPortMalloc)
C:/Users/sdvid/.pico-sdk/toolchain/14_2_Rel1/bin/../lib/gcc/arm-none-eabi/14.2.1/thumb/v6-m/nofp\libgcc.a(_dvmd_tls.o)
                              CMakeFiles/ENERGIS_RTOS.dir/C_/Users/sdvid/.pico-sdk/sdk/2.2.0/src/rp2_common/pico_divider/divider_hardware.S.obj (__aeabi_idiv0)
C:/Users/sdvid/.pico-sdk/toolchain/14_2_Rel1/bin/../lib/gcc/arm-none-eabi/14.2.1/thumb/v6-m/nofp\libg.a(libc_a-atof.o)
                              CMakeFiles/ENERGIS_RTOS.dir/src/tasks/ConsoleTask.c.obj (atof)
C:/Users/sdvid/.pico-sdk/toolchain/14_2_Rel1/bin/../lib/gcc/arm-none-eabi/14.2.1/thumb/v6-m/nofp\libg.a(libc_a-atoi.o)
                              CMakeFiles/ENERGIS_RTOS.dir/src/tasks/ConsoleTask.c.obj (atoi)
C:/Users/sdvid/.pico-sdk/toolchain/14_2_Rel1/bin/../lib/gcc/arm-none-eabi/14.2.1/thumb/v6-m/nofp\libg.a(libc_a-calloc.o)
                              CMakeFiles/ENERGIS_RTOS.dir/C_/Users/sdvid/.pico-sdk/sdk/2.2.0/src/rp2_common/pico_malloc/malloc.c.obj (calloc)
C:/Users/sdvid/.pico-sdk/toolchain/14_2_Rel1/bin/../lib/gcc/arm-none-eabi/14.2.1/thumb/v6-m/nofp\libg.a(libc_a-callocr.o)
                              C:/Users/sdvid/.pico-sdk/toolchain/14_2_Rel1/bin/../lib/gcc/arm-none-eabi/14.2.1/thumb/v6-m/nofp\libg.a(libc_a-calloc.o) (_calloc_r)
C:/Users/sdvid/.pico-sdk/toolchain/14_2_Rel1/bin/../lib/gcc/arm-none-eabi/14.2.1/thumb/v6-m/nofp\libg.a(libc_a-malloc.o)
                              CMakeFiles/ENERGIS_RTOS.dir/C_/Users/sdvid/.pico-sdk/sdk/2.2.0/src/rp2_common/pico_malloc/malloc.c.obj (malloc)
C:/Users/sdvid/.pico-sdk/toolchain/14_2_Rel1/bin/../lib/gcc/arm-none-eabi/14.2.1/thumb/v6-m/nofp\libg.a(libc_a-mallocr.o)
                              C:/Users/sdvid/.pico-sdk/toolchain/14_2_Rel1/bin/../lib/gcc/arm-none-eabi/14.2.1/thumb/v6-m/nofp\libg.a(libc_a-callocr.o) (_malloc_r)
C:/Users/sdvid/.pico-sdk/toolchain/14_2_Rel1/bin/../lib/gcc/arm-none-eabi/14.2.1/thumb/v6-m/nofp\libg.a(libc_a-mlock.o)
                              C:/Users/sdvid/.pico-sdk/toolchain/14_2_Rel1/bin/../lib/gcc/arm-none-eabi/14.2.1/thumb/v6-m/nofp\libg.a(libc_a-mallocr.o) (__malloc_lock)
C:/Users/sdvid/.pico-sdk/toolchain/14_2_Rel1/bin/../lib/gcc/arm-none-eabi/14.2.1/thumb/v6-m/nofp\libg.a(libc_a-realloc.o)
                              CMakeFiles/ENERGIS_RTOS.dir/C_/Users/sdvid/.pico-sdk/sdk/2.2.0/src/rp2_common/pico_malloc/malloc.c.obj (realloc)
C:/Users/sdvid/.pico-sdk/toolchain/14_2_Rel1/bin/../lib/gcc/arm-none-eabi/14.2.1/thumb/v6-m/nofp\libg.a(libc_a-reallocr.o)
                              C:/Users/sdvid/.pico-sdk/toolchain/14_2_Rel1/bin/../lib/gcc/arm-none-eabi/14.2.1/thumb/v6-m/nofp\libg.a(libc_a-realloc.o) (_realloc_r)
C:/Users/sdvid/.pico-sdk/toolchain/14_2_Rel1/bin/../lib/gcc/arm-none-eabi/14.2.1/thumb/v6-m/nofp\libg.a(libc_a-strtod.o)
                              C:/Users/sdvid/.pico-sdk/toolchain/14_2_Rel1/bin/../lib/gcc/arm-none-eabi/14.2.1/thumb/v6-m/nofp\libg.a(libc_a-atof.o) (strtod)
C:/Users/sdvid/.pico-sdk/toolchain/14_2_Rel1/bin/../lib/gcc/arm-none-eabi/14.2.1/thumb/v6-m/nofp\libg.a(libc_a-strtol.o)
                              C:/Users/sdvid/.pico-sdk/toolchain/14_2_Rel1/bin/../lib/gcc/arm-none-eabi/14.2.1/thumb/v6-m/nofp\libg.a(libc_a-atoi.o) (_strtol_r)
C:/Users/sdvid/.pico-sdk/toolchain/14_2_Rel1/bin/../lib/gcc/arm-none-eabi/14.2.1/thumb/v6-m/nofp\libg.a(libc_a-strtoul.o)
                              CMakeFiles/ENERGIS_RTOS.dir/src/web_handlers/preset_handler.c.obj (strtoul)
C:/Users/sdvid/.pico-sdk/toolchain/14_2_Rel1/bin/../lib/gcc/arm-none-eabi/14.2.1/thumb/v6-m/nofp\libg.a(libc_a-ctype_.o)
                              CMakeFiles/ENERGIS_RTOS.dir/src/drivers/snmp.c.obj (_ctype_)
[...]
Memory Configuration

Name             Origin             Length             Attributes
FLASH            0x10000000         0x00200000         xr
RAM              0x20000000         0x00040000         xrw
SCRATCH_X        0x20040000         0x00001000         xrw
SCRATCH_Y        0x20041000         0x00001000         xrw
*default*        0x00000000         0xffffffff

Linker script and memory map

LOAD C:/Users/sdvid/.pico-sdk/toolchain/14_2_Rel1/bin/../lib/gcc/arm-none-eabi/14.2.1/thumb/v6-m/nofp/crti.o
LOAD C:/Users/sdvid/.pico-sdk/toolchain/14_2_Rel1/bin/../lib/gcc/arm-none-eabi/14.2.1/thumb/v6-m/nofp/crtbegin.o
LOAD C:/Users/sdvid/.pico-sdk/toolchain/14_2_Rel1/bin/../lib/gcc/arm-none-eabi/14.2.1/thumb/v6-m/nofp/crt0.o

.flash_begin    0x10000000        0x0
                0x10000000                        __flash_binary_start = .

.boot2          0x10000000      0x100
                0x10000000                        __boot2_start__ = .
 *(.boot2)
 .boot2         0x10000000      0x100 pico-sdk/src/rp2040/boot_stage2/CMakeFiles/bs2_default_library.dir/./bs2_default_padded_checksummed.S.obj
                0x10000100                        __boot2_end__ = .
                0x00000001                        ASSERT (((__boot2_end__ - __boot2_start__) == 0x100), ERROR: Pico second stage bootloader must be 256 bytes in size)

.text           0x10000100    0x274a8
                0x10000100                        __logical_binary_start = .
 *(.vectors)
 .vectors       0x10000100       0xd4 CMakeFiles/ENERGIS_RTOS.dir/C_/Users/sdvid/.pico-sdk/sdk/2.2.0/src/rp2_common/pico_crt0/crt0.S.obj
                0x10000100                __VECTOR_TABLE
                0x10000100                __vectors
                0x100001c0                isr_irq13
                0x100001c0                isr_irq27
                0x100001c0                isr_irq31
                0x100001c0                isr_irq5
                0x100001c0                isr_irq11
                0x100001c0                isr_irq12
                0x100001c0                isr_irq23
                0x100001c0                __unhandled_user_irq
                0x100001c0                isr_irq3
                0x100001c0                isr_irq28
                0x100001c0                isr_irq19
                0x100001c0                isr_irq0
                0x100001c0                isr_irq6
                0x100001c0                isr_irq26
                0x100001c0                isr_irq29
                0x100001c0                isr_irq22
                0x100001c0                isr_irq18
                0x100001c0                isr_irq17
                0x100001c0                isr_irq14
                0x100001c0                __vectors_end
                0x100001c0                __default_isrs_start
                0x100001c0                isr_irq2
                0x100001c0                isr_irq10
                0x100001c0                isr_irq8
                0x100001c0                isr_irq24
                0x100001c0                isr_irq1
                0x100001c0                isr_irq7
                0x100001c0                isr_irq21
                0x100001c0                isr_irq20
                0x100001c0                isr_irq15
                0x100001c0                isr_irq25
                0x100001c0                isr_irq30
                0x100001c0                isr_irq4
                0x100001c0                isr_irq16
                0x100001c0                isr_irq9
                0x100001c6                unhandled_user_irq_num_in_r0
                0x100001c8                isr_invalid
                0x100001ca                isr_nmi
                0x100001cc                isr_hardfault
                0x100001d4                __default_isrs_end
 *(.binary_info_header)
 .binary_info_header
                0x100001d4       0x14 CMakeFiles/ENERGIS_RTOS.dir/C_/Users/sdvid/.pico-sdk/sdk/2.2.0/src/rp2_common/pico_crt0/crt0.S.obj
                0x100001e8                        __binary_info_header_end = .
 *(.embedded_block)
                0x100001e8                        __embedded_block_end = .
 *(.reset)
 .reset         0x100001e8       0x9c CMakeFiles/ENERGIS_RTOS.dir/C_/Users/sdvid/.pico-sdk/sdk/2.2.0/src/rp2_common/pico_crt0/crt0.S.obj
                0x100001e8                _entry_point
 *(.init)
 .init          0x10000284        0x4 C:/Users/sdvid/.pico-sdk/toolchain/14_2_Rel1/bin/../lib/gcc/arm-none-eabi/14.2.1/thumb/v6-m/nofp/crti.o
                0x10000284                _init
 *(EXCLUDE_FILE(*libm.a: *libc.a:*lib_a-mem*.o *libgcc.a:) .text*)
 .text.register_tm_clones
                0x10000288       0x28 C:/Users/sdvid/.pico-sdk/toolchain/14_2_Rel1/bin/../lib/gcc/arm-none-eabi/14.2.1/thumb/v6-m/nofp/crtbegin.o
 .text.frame_dummy
                0x100002b0       0x24 C:/Users/sdvid/.pico-sdk/toolchain/14_2_Rel1/bin/../lib/gcc/arm-none-eabi/14.2.1/thumb/v6-m/nofp/crtbegin.o
 .text.startup.main
                0x100002d4       0x68 CMakeFiles/ENERGIS_RTOS.dir/src/ENERGIS_RTOS.c.obj
                0x100002d4                main
 .text.ButtonDrv_InitGPIO
                0x1000033c       0x5c CMakeFiles/ENERGIS_RTOS.dir/src/drivers/button_driver.c.obj
                0x1000033c                ButtonDrv_InitGPIO
 .text.ButtonDrv_ReadPlus
                0x10000398        0xc CMakeFiles/ENERGIS_RTOS.dir/src/drivers/button_driver.c.obj
                0x10000398                ButtonDrv_ReadPlus
 .text.ButtonDrv_ReadMinus
                0x100003a4        0xc CMakeFiles/ENERGIS_RTOS.dir/src/drivers/button_driver.c.obj
                0x100003a4                ButtonDrv_ReadMinus
 .text.ButtonDrv_ReadSet
                0x100003b0        0xc CMakeFiles/ENERGIS_RTOS.dir/src/drivers/button_driver.c.obj
                0x100003b0                ButtonDrv_ReadSet
 .text.ButtonDrv_SelectAllOff
                0x100003bc       0x14 CMakeFiles/ENERGIS_RTOS.dir/src/drivers/button_driver.c.obj
                0x100003bc                ButtonDrv_SelectAllOff
 .text.ButtonDrv_SelectShow
                0x100003d0       0x44 CMakeFiles/ENERGIS_RTOS.dir/src/drivers/button_driver.c.obj
                0x100003d0                ButtonDrv_SelectShow
 .text.ButtonDrv_SelectLeft
                0x10000414       0x64 CMakeFiles/ENERGIS_RTOS.dir/src/drivers/button_driver.c.obj
                0x10000414                ButtonDrv_SelectLeft
 .text.ButtonDrv_SelectRight
                0x10000478       0x64 CMakeFiles/ENERGIS_RTOS.dir/src/drivers/button_driver.c.obj
                0x10000478                ButtonDrv_SelectRight
 .text.ButtonDrv_DoSetShort
                0x100004dc       0x10 CMakeFiles/ENERGIS_RTOS.dir/src/drivers/button_driver.c.obj
                0x100004dc                ButtonDrv_DoSetShort
 .text.ButtonDrv_NowMs
                0x100004ec       0x20 CMakeFiles/ENERGIS_RTOS.dir/src/drivers/button_driver.c.obj
                0x100004ec                ButtonDrv_NowMs
 .text.i2c_bus_task
                0x1000050c      0x12c CMakeFiles/ENERGIS_RTOS.dir/src/drivers/i2c_bus.c.obj
 .text.I2C_BusInit
                0x10000638       0x64 CMakeFiles/ENERGIS_RTOS.dir/src/drivers/i2c_bus.c.obj
                0x10000638                I2C_BusInit
 .text.i2c_bus_read_timeout_us
                0x1000069c       0xb8 CMakeFiles/ENERGIS_RTOS.dir/src/drivers/i2c_bus.c.obj
                0x1000069c                i2c_bus_read_timeout_us
 .text.i2c_bus_write_reg8
                0x10000754       0xdc CMakeFiles/ENERGIS_RTOS.dir/src/drivers/i2c_bus.c.obj
                0x10000754                i2c_bus_write_reg8
 .text.i2c_bus_read_reg8
                0x10000830      0x120 CMakeFiles/ENERGIS_RTOS.dir/src/drivers/i2c_bus.c.obj
                0x10000830                i2c_bus_read_reg8
 .text.i2c_bus_write_mem16
                0x10000950      0x21c CMakeFiles/ENERGIS_RTOS.dir/src/drivers/i2c_bus.c.obj
                0x10000950                i2c_bus_write_mem16
 .text.i2c_bus_read_mem16
                0x10000b6c      0x134 CMakeFiles/ENERGIS_RTOS.dir/src/drivers/i2c_bus.c.obj
                0x10000b6c                i2c_bus_read_mem16
 .text.mcp_init.part.0
                0x10000ca0      0x104 CMakeFiles/ENERGIS_RTOS.dir/src/drivers/MCP23017_driver.c.obj
 .text.mcp_register
                0x10000da4      0x190 CMakeFiles/ENERGIS_RTOS.dir/src/drivers/MCP23017_driver.c.obj
                0x10000da4                mcp_register
 .text.mcp_recover
                0x10000f34       0xd4 CMakeFiles/ENERGIS_RTOS.dir/src/drivers/MCP23017_driver.c.obj
                0x10000f34                mcp_recover
 .text.mcp_write_pin
                0x10001008       0xa0 CMakeFiles/ENERGIS_RTOS.dir/src/drivers/MCP23017_driver.c.obj
                0x10001008                mcp_write_pin
 .text.mcp_read_pin
                0x100010a8       0x64 CMakeFiles/ENERGIS_RTOS.dir/src/drivers/MCP23017_driver.c.obj
                0x100010a8                mcp_read_pin
 .text.mcp_write_mask
                0x1000110c       0xac CMakeFiles/ENERGIS_RTOS.dir/src/drivers/MCP23017_driver.c.obj
                0x1000110c                mcp_write_mask
 .text.MCP2017_Init
                0x100011b8       0xa0 CMakeFiles/ENERGIS_RTOS.dir/src/drivers/MCP23017_driver.c.obj
                0x100011b8                MCP2017_Init
 .text.mcp_relay
                0x10001258        0xc CMakeFiles/ENERGIS_RTOS.dir/src/drivers/MCP23017_driver.c.obj
                0x10001258                mcp_relay
 .text.mcp_display
                0x10001264        0xc CMakeFiles/ENERGIS_RTOS.dir/src/drivers/MCP23017_driver.c.obj
                0x10001264                mcp_display
 .text.mcp_selection
                0x10001270        0xc CMakeFiles/ENERGIS_RTOS.dir/src/drivers/MCP23017_driver.c.obj
                0x10001270                mcp_selection
 .text.CAT24C256_Init
                0x1000127c       0x38 CMakeFiles/ENERGIS_RTOS.dir/src/drivers/CAT24C256_driver.c.obj
                0x1000127c                CAT24C256_Init
 .text.CAT24C256_WriteBuffer
                0x100012b4       0xa0 CMakeFiles/ENERGIS_RTOS.dir/src/drivers/CAT24C256_driver.c.obj
                0x100012b4                CAT24C256_WriteBuffer
 .text.CAT24C256_ReadBuffer
                0x10001354       0x54 CMakeFiles/ENERGIS_RTOS.dir/src/drivers/CAT24C256_driver.c.obj
                0x10001354                CAT24C256_ReadBuffer
 .text._w5500_cs_select
                0x100013a8        0xc CMakeFiles/ENERGIS_RTOS.dir/src/drivers/ethernet_driver.c.obj
 .text._w5500_cs_deselect
                0x100013b4        0xc CMakeFiles/ENERGIS_RTOS.dir/src/drivers/ethernet_driver.c.obj
 .text._w5500_cris_exit
                0x100013c0       0x1c CMakeFiles/ENERGIS_RTOS.dir/src/drivers/ethernet_driver.c.obj
 .text._w5500_cris_enter
                0x100013dc       0x18 CMakeFiles/ENERGIS_RTOS.dir/src/drivers/ethernet_driver.c.obj
 .text.w5500_read_reg
                0x100013f4       0x54 CMakeFiles/ENERGIS_RTOS.dir/src/drivers/ethernet_driver.c.obj
                0x100013f4                w5500_read_reg
 .text.w5500_write_reg
                0x10001448       0x60 CMakeFiles/ENERGIS_RTOS.dir/src/drivers/ethernet_driver.c.obj
                0x10001448                w5500_write_reg
 .text.w5500_read_buf
                0x100014a8       0x64 CMakeFiles/ENERGIS_RTOS.dir/src/drivers/ethernet_driver.c.obj
                0x100014a8                w5500_read_buf
 .text.w5500_write_buf
                0x1000150c       0x64 CMakeFiles/ENERGIS_RTOS.dir/src/drivers/ethernet_driver.c.obj
                0x1000150c                w5500_write_buf
 .text.setSn_PORT
                0x10001570       0x68 CMakeFiles/ENERGIS_RTOS.dir/src/drivers/ethernet_driver.c.obj
                0x10001570                setSn_PORT
 .text.setSn_DPORT
                0x100015d8       0x6c CMakeFiles/ENERGIS_RTOS.dir/src/drivers/ethernet_driver.c.obj
                0x100015d8                setSn_DPORT
 .text.w5500_get_tx_fsr
                0x10001644      0x108 CMakeFiles/ENERGIS_RTOS.dir/src/drivers/ethernet_driver.c.obj
                0x10001644                w5500_get_tx_fsr
 .text.w5500_get_rx_rsr
                0x1000174c      0x108 CMakeFiles/ENERGIS_RTOS.dir/src/drivers/ethernet_driver.c.obj
                0x1000174c                w5500_get_rx_rsr
 .text.eth_send_data
                0x10001854      0x230 CMakeFiles/ENERGIS_RTOS.dir/src/drivers/ethernet_driver.c.obj
                0x10001854                eth_send_data
 .text.eth_recv_data
                0x10001a84      0x234 CMakeFiles/ENERGIS_RTOS.dir/src/drivers/ethernet_driver.c.obj
                0x10001a84                eth_recv_data
 .text.eth_recv_ignore
                0x10001cb8      0x124 CMakeFiles/ENERGIS_RTOS.dir/src/drivers/ethernet_driver.c.obj
                0x10001cb8                eth_recv_ignore
 .text.w5500_hw_init
                0x10001ddc       0xa0 CMakeFiles/ENERGIS_RTOS.dir/src/drivers/ethernet_driver.c.obj
                0x10001ddc                w5500_hw_init
 .text.w5500_chip_init
                0x10001e7c      0x498 CMakeFiles/ENERGIS_RTOS.dir/src/drivers/ethernet_driver.c.obj
                0x10001e7c                w5500_chip_init
 .text.w5500_set_network
                0x10002314      0x114 CMakeFiles/ENERGIS_RTOS.dir/src/drivers/ethernet_driver.c.obj
                0x10002314                w5500_set_network
 .text.w5500_get_link_status
                0x10002428       0x50 CMakeFiles/ENERGIS_RTOS.dir/src/drivers/ethernet_driver.c.obj
                0x10002428                w5500_get_link_status
 .text.w5500_sw_reset
                0x10002478       0x94 CMakeFiles/ENERGIS_RTOS.dir/src/drivers/ethernet_driver.c.obj
                0x10002478                w5500_sw_reset
 .text.dumpCode.constprop.0
                0x1000250c      0x158 CMakeFiles/ENERGIS_RTOS.dir/src/drivers/snmp.c.obj
 .text.SNMP_Init
                0x10002664       0x94 CMakeFiles/ENERGIS_RTOS.dir/src/drivers/snmp.c.obj
                0x10002664                SNMP_Init
 .text.SNMP_Poll
                0x100026f8      0xd24 CMakeFiles/ENERGIS_RTOS.dir/src/drivers/snmp.c.obj
                0x100026f8                SNMP_Poll
 .text.SNMP_Tick10ms
                0x1000341c       0x10 CMakeFiles/ENERGIS_RTOS.dir/src/drivers/snmp.c.obj
                0x1000341c                SNMP_Tick10ms
 .text.SNMP_GetUptime
                0x1000342c       0x1c CMakeFiles/ENERGIS_RTOS.dir/src/drivers/snmp.c.obj
                0x1000342c                SNMP_GetUptime
 .text.SNMP_SendTrap
                0x10003448      0x1f0 CMakeFiles/ENERGIS_RTOS.dir/src/drivers/snmp.c.obj
                0x10003448                SNMP_SendTrap
 .text.closesocket
                0x10003638       0xac CMakeFiles/ENERGIS_RTOS.dir/src/drivers/socket.c.obj
                0x10003638                closesocket
 .text.socket   0x100036e4      0x1b0 CMakeFiles/ENERGIS_RTOS.dir/src/drivers/socket.c.obj
                0x100036e4                socket
 .text.disconnect
                0x10003894       0xc8 CMakeFiles/ENERGIS_RTOS.dir/src/drivers/socket.c.obj
                0x10003894                disconnect
 .text.listen   0x1000395c       0xe0 CMakeFiles/ENERGIS_RTOS.dir/src/drivers/socket.c.obj
                0x1000395c                listen
 .text.send     0x10003a3c      0x1a4 CMakeFiles/ENERGIS_RTOS.dir/src/drivers/socket.c.obj
                0x10003a3c                send
 .text.recv     0x10003be0      0x150 CMakeFiles/ENERGIS_RTOS.dir/src/drivers/socket.c.obj
                0x10003be0                recv
 .text.sendto   0x10003d30      0x178 CMakeFiles/ENERGIS_RTOS.dir/src/drivers/socket.c.obj
                0x10003d30                sendto
 .text.recvfrom_SNMP
                0x10003ea8      0x278 CMakeFiles/ENERGIS_RTOS.dir/src/drivers/socket.c.obj
                0x10003ea8                recvfrom_SNMP
 .text.setsockopt
                0x10004120      0x144 CMakeFiles/ENERGIS_RTOS.dir/src/drivers/socket.c.obj
                0x10004120                setsockopt
 .text.hlw8032_read.part.0
                0x10004264      0x904 CMakeFiles/ENERGIS_RTOS.dir/src/drivers/HLW8032_driver.c.obj
 .text.hlw8032_poll_once
                0x10004b68      0x2fc CMakeFiles/ENERGIS_RTOS.dir/src/drivers/HLW8032_driver.c.obj
                0x10004b68                hlw8032_poll_once
 .text.hlw8032_cached_voltage
                0x10004e64       0x34 CMakeFiles/ENERGIS_RTOS.dir/src/drivers/HLW8032_driver.c.obj
                0x10004e64                hlw8032_cached_voltage
 .text.hlw8032_cached_current
                0x10004e98       0x34 CMakeFiles/ENERGIS_RTOS.dir/src/drivers/HLW8032_driver.c.obj
                0x10004e98                hlw8032_cached_current
 .text.hlw8032_cached_power
                0x10004ecc       0x64 CMakeFiles/ENERGIS_RTOS.dir/src/drivers/HLW8032_driver.c.obj
                0x10004ecc                hlw8032_cached_power
 .text.hlw8032_cached_uptime
                0x10004f30       0x14 CMakeFiles/ENERGIS_RTOS.dir/src/drivers/HLW8032_driver.c.obj
                0x10004f30                hlw8032_cached_uptime
 .text.hlw8032_cached_state
                0x10004f44       0x14 CMakeFiles/ENERGIS_RTOS.dir/src/drivers/HLW8032_driver.c.obj
                0x10004f44                hlw8032_cached_state
 .text.hlw8032_get_total_current
                0x10004f58        0xc CMakeFiles/ENERGIS_RTOS.dir/src/drivers/HLW8032_driver.c.obj
                0x10004f58                hlw8032_get_total_current
 .text.hlw8032_cycle_complete
                0x10004f64       0x14 CMakeFiles/ENERGIS_RTOS.dir/src/drivers/HLW8032_driver.c.obj
                0x10004f64                hlw8032_cycle_complete
 .text.hlw8032_load_calibration
                0x10004f78      0x148 CMakeFiles/ENERGIS_RTOS.dir/src/drivers/HLW8032_driver.c.obj
                0x10004f78                hlw8032_load_calibration
 .text.hlw8032_init
                0x100050c0       0xe4 CMakeFiles/ENERGIS_RTOS.dir/src/drivers/HLW8032_driver.c.obj
                0x100050c0                hlw8032_init
 .text.hlw8032_calibration_start_zero_all
                0x100051a4       0x64 CMakeFiles/ENERGIS_RTOS.dir/src/drivers/HLW8032_driver.c.obj
                0x100051a4                hlw8032_calibration_start_zero_all
 .text.hlw8032_calibration_start_zero_single
                0x10005208       0x70 CMakeFiles/ENERGIS_RTOS.dir/src/drivers/HLW8032_driver.c.obj
                0x10005208                hlw8032_calibration_start_zero_single
 .text.hlw8032_calibration_start_voltage_all
                0x10005278       0x78 CMakeFiles/ENERGIS_RTOS.dir/src/drivers/HLW8032_driver.c.obj
                0x10005278                hlw8032_calibration_start_voltage_all
 .text.hlw8032_calibration_start_voltage_single
                0x100052f0       0x8c CMakeFiles/ENERGIS_RTOS.dir/src/drivers/HLW8032_driver.c.obj
                0x100052f0                hlw8032_calibration_start_voltage_single
 .text.hlw8032_calibration_start_current_single
                0x1000537c       0x8c CMakeFiles/ENERGIS_RTOS.dir/src/drivers/HLW8032_driver.c.obj
                0x1000537c                hlw8032_calibration_start_current_single
 .text.hlw8032_calibration_start_current_all
                0x10005408       0x78 CMakeFiles/ENERGIS_RTOS.dir/src/drivers/HLW8032_driver.c.obj
                0x10005408                hlw8032_calibration_start_current_all
 .text.hlw8032_calibration_is_running
                0x10005480        0xc CMakeFiles/ENERGIS_RTOS.dir/src/drivers/HLW8032_driver.c.obj
                0x10005480                hlw8032_calibration_is_running
 .text.hlw8032_print_calibration
                0x1000548c      0x100 CMakeFiles/ENERGIS_RTOS.dir/src/drivers/HLW8032_driver.c.obj
                0x1000548c                hlw8032_print_calibration
 .text.get_form_value
                0x1000558c       0x64 CMakeFiles/ENERGIS_RTOS.dir/src/misc/helpers.c.obj
                0x1000558c                get_form_value
 .text.urldecode
                0x100055f0       0x90 CMakeFiles/ENERGIS_RTOS.dir/src/misc/helpers.c.obj
                0x100055f0                urldecode
 .text.ethernet_apply_network_from_storage
                0x10005680       0x84 CMakeFiles/ENERGIS_RTOS.dir/src/misc/helpers.c.obj
                0x10005680                ethernet_apply_network_from_storage
 .text.Helpers_EarlyBootSnapshot
                0x10005704       0x68 CMakeFiles/ENERGIS_RTOS.dir/src/misc/helpers.c.obj
                0x10005704                Helpers_EarlyBootSnapshot
 .text.Helpers_LateBootDumpAndClear
                0x1000576c       0xa8 CMakeFiles/ENERGIS_RTOS.dir/src/misc/helpers.c.obj
                0x1000576c                Helpers_LateBootDumpAndClear
 .text.vApplicationIdleHook
                0x10005814       0x1c CMakeFiles/ENERGIS_RTOS.dir/src/misc/rtos_hooks.c.obj
                0x10005814                vApplicationIdleHook
 .text.RTOS_IdleCanary_Read
                0x10005830        0xc CMakeFiles/ENERGIS_RTOS.dir/src/misc/rtos_hooks.c.obj
                0x10005830                RTOS_IdleCanary_Read
 .text.vApplicationStackOverflowHook
                0x1000583c       0x28 CMakeFiles/ENERGIS_RTOS.dir/src/misc/rtos_hooks.c.obj
                0x1000583c                vApplicationStackOverflowHook
 .text.vApplicationMallocFailedHook
                0x10005864       0x30 CMakeFiles/ENERGIS_RTOS.dir/src/misc/rtos_hooks.c.obj
                0x10005864                vApplicationMallocFailedHook
 .text.vAssertCalled
                0x10005894       0x24 CMakeFiles/ENERGIS_RTOS.dir/src/misc/rtos_hooks.c.obj
                0x10005894                vAssertCalled
 .text.crash_fresh_init
                0x100058b8       0x9c CMakeFiles/ENERGIS_RTOS.dir/src/misc/crashlog.c.obj
 .text.CrashLog_RecordWdtFeed
                0x10005954      0x14c CMakeFiles/ENERGIS_RTOS.dir/src/misc/crashlog.c.obj
                0x10005954                CrashLog_RecordWdtFeed
 .text.CrashLog_RecordSoftwareRebootTag
                0x10005aa0      0x140 CMakeFiles/ENERGIS_RTOS.dir/src/misc/crashlog.c.obj
                0x10005aa0                CrashLog_RecordSoftwareRebootTag
 .text.Power_Init
                0x10005be0       0x38 CMakeFiles/ENERGIS_RTOS.dir/src/misc/power_mgr.c.obj
                0x10005be0                Power_Init
 .text.Power_GetState
                0x10005c18        0xc CMakeFiles/ENERGIS_RTOS.dir/src/misc/power_mgr.c.obj
                0x10005c18                Power_GetState
 .text.Power_EnterStandby
                0x10005c24       0x7c CMakeFiles/ENERGIS_RTOS.dir/src/misc/power_mgr.c.obj
                0x10005c24                Power_EnterStandby
 .text.Power_ExitStandby
                0x10005ca0       0x9c CMakeFiles/ENERGIS_RTOS.dir/src/misc/power_mgr.c.obj
                0x10005ca0                Power_ExitStandby
 .text.Power_ServiceStandbyLED
                0x10005d3c      0x150 CMakeFiles/ENERGIS_RTOS.dir/src/misc/power_mgr.c.obj
                0x10005d3c                Power_ServiceStandbyLED
 .text.get_sysLocation
                0x10005e8c       0x18 CMakeFiles/ENERGIS_RTOS.dir/src/snmp/snmp_custom.c.obj
 .text.get_sysContact
                0x10005ea4       0x18 CMakeFiles/ENERGIS_RTOS.dir/src/snmp/snmp_custom.c.obj
 .text.get_sysName
                0x10005ebc       0x18 CMakeFiles/ENERGIS_RTOS.dir/src/snmp/snmp_custom.c.obj
 .text.get_sysSN
                0x10005ed4       0x24 CMakeFiles/ENERGIS_RTOS.dir/src/snmp/snmp_custom.c.obj
 .text.initTable
                0x10005ef8        0x4 CMakeFiles/ENERGIS_RTOS.dir/src/snmp/snmp_custom.c.obj
                0x10005ef8                initTable
 .text.initial_Trap
                0x10005efc       0x40 CMakeFiles/ENERGIS_RTOS.dir/src/snmp/snmp_custom.c.obj
                0x10005efc                initial_Trap
 .text.get_networkIP
                0x10005f3c       0x48 CMakeFiles/ENERGIS_RTOS.dir/src/snmp/snmp_networkCtrl.c.obj
                0x10005f3c                get_networkIP
 .text.get_networkMask
                0x10005f84       0x48 CMakeFiles/ENERGIS_RTOS.dir/src/snmp/snmp_networkCtrl.c.obj
                0x10005f84                get_networkMask
 .text.get_networkGateway
                0x10005fcc       0x48 CMakeFiles/ENERGIS_RTOS.dir/src/snmp/snmp_networkCtrl.c.obj
                0x10005fcc                get_networkGateway
 .text.get_networkDNS
                0x10006014       0x48 CMakeFiles/ENERGIS_RTOS.dir/src/snmp/snmp_networkCtrl.c.obj
                0x10006014                get_networkDNS
 .text.get_networkMAC
                0x1000605c       0x54 CMakeFiles/ENERGIS_RTOS.dir/src/snmp/snmp_networkCtrl.c.obj
                0x1000605c                get_networkMAC
 .text.get_outlet1_State
                0x100060b0       0x38 CMakeFiles/ENERGIS_RTOS.dir/src/snmp/snmp_outletCtrl.c.obj
                0x100060b0                get_outlet1_State
 .text.get_outlet2_State
                0x100060e8       0x38 CMakeFiles/ENERGIS_RTOS.dir/src/snmp/snmp_outletCtrl.c.obj
                0x100060e8                get_outlet2_State
 .text.get_outlet3_State
                0x10006120       0x38 CMakeFiles/ENERGIS_RTOS.dir/src/snmp/snmp_outletCtrl.c.obj
                0x10006120                get_outlet3_State
 .text.get_outlet4_State
                0x10006158       0x38 CMakeFiles/ENERGIS_RTOS.dir/src/snmp/snmp_outletCtrl.c.obj
                0x10006158                get_outlet4_State
 .text.get_outlet5_State
                0x10006190       0x38 CMakeFiles/ENERGIS_RTOS.dir/src/snmp/snmp_outletCtrl.c.obj
                0x10006190                get_outlet5_State
 .text.get_outlet6_State
                0x100061c8       0x38 CMakeFiles/ENERGIS_RTOS.dir/src/snmp/snmp_outletCtrl.c.obj
                0x100061c8                get_outlet6_State
 .text.get_outlet7_State
                0x10006200       0x38 CMakeFiles/ENERGIS_RTOS.dir/src/snmp/snmp_outletCtrl.c.obj
                0x10006200                get_outlet7_State
 .text.get_outlet8_State
                0x10006238       0x38 CMakeFiles/ENERGIS_RTOS.dir/src/snmp/snmp_outletCtrl.c.obj
                0x10006238                get_outlet8_State
 .text.set_outlet1_State
                0x10006270       0x4c CMakeFiles/ENERGIS_RTOS.dir/src/snmp/snmp_outletCtrl.c.obj
                0x10006270                set_outlet1_State
 .text.set_outlet2_State
                0x100062bc       0x4c CMakeFiles/ENERGIS_RTOS.dir/src/snmp/snmp_outletCtrl.c.obj
                0x100062bc                set_outlet2_State
 .text.set_outlet3_State
                0x10006308       0x4c CMakeFiles/ENERGIS_RTOS.dir/src/snmp/snmp_outletCtrl.c.obj
                0x10006308                set_outlet3_State
 .text.set_outlet4_State
                0x10006354       0x4c CMakeFiles/ENERGIS_RTOS.dir/src/snmp/snmp_outletCtrl.c.obj
                0x10006354                set_outlet4_State
 .text.set_outlet5_State
                0x100063a0       0x4c CMakeFiles/ENERGIS_RTOS.dir/src/snmp/snmp_outletCtrl.c.obj
                0x100063a0                set_outlet5_State
 .text.set_outlet6_State
                0x100063ec       0x4c CMakeFiles/ENERGIS_RTOS.dir/src/snmp/snmp_outletCtrl.c.obj
                0x100063ec                set_outlet6_State
 .text.set_outlet7_State
                0x10006438       0x4c CMakeFiles/ENERGIS_RTOS.dir/src/snmp/snmp_outletCtrl.c.obj
                0x10006438                set_outlet7_State
 .text.set_outlet8_State
                0x10006484       0x4c CMakeFiles/ENERGIS_RTOS.dir/src/snmp/snmp_outletCtrl.c.obj
                0x10006484                set_outlet8_State
 .text.get_allOn_State
                0x100064d0       0x1c CMakeFiles/ENERGIS_RTOS.dir/src/snmp/snmp_outletCtrl.c.obj
                0x100064d0                get_allOn_State
 .text.set_allOn_State
                0x100064ec       0x48 CMakeFiles/ENERGIS_RTOS.dir/src/snmp/snmp_outletCtrl.c.obj
                0x100064ec                set_allOn_State
 .text.get_allOff_State
                0x10006534       0x1c CMakeFiles/ENERGIS_RTOS.dir/src/snmp/snmp_outletCtrl.c.obj
                0x10006534                get_allOff_State
 .text.set_allOff_State
                0x10006550       0x48 CMakeFiles/ENERGIS_RTOS.dir/src/snmp/snmp_outletCtrl.c.obj
                0x10006550                set_allOff_State
 .text.get_power_0_MEAS_VOLTAGE
                0x10006598       0x48 CMakeFiles/ENERGIS_RTOS.dir/src/snmp/snmp_powerMon.c.obj
                0x10006598                get_power_0_MEAS_VOLTAGE
 .text.get_power_0_MEAS_CURRENT
                0x100065e0       0x48 CMakeFiles/ENERGIS_RTOS.dir/src/snmp/snmp_powerMon.c.obj
                0x100065e0                get_power_0_MEAS_CURRENT
 .text.get_power_0_MEAS_WATT
                0x10006628       0x48 CMakeFiles/ENERGIS_RTOS.dir/src/snmp/snmp_powerMon.c.obj
                0x10006628                get_power_0_MEAS_WATT
 .text.get_power_0_MEAS_PF
                0x10006670       0x48 CMakeFiles/ENERGIS_RTOS.dir/src/snmp/snmp_powerMon.c.obj
                0x10006670                get_power_0_MEAS_PF
 .text.get_power_0_MEAS_KWH
                0x100066b8       0x48 CMakeFiles/ENERGIS_RTOS.dir/src/snmp/snmp_powerMon.c.obj
                0x100066b8                get_power_0_MEAS_KWH
 .text.get_power_0_MEAS_UPTIME
                0x10006700       0x38 CMakeFiles/ENERGIS_RTOS.dir/src/snmp/snmp_powerMon.c.obj
                0x10006700                get_power_0_MEAS_UPTIME
 .text.get_power_1_MEAS_VOLTAGE
                0x10006738       0x48 CMakeFiles/ENERGIS_RTOS.dir/src/snmp/snmp_powerMon.c.obj
                0x10006738                get_power_1_MEAS_VOLTAGE
 .text.get_power_1_MEAS_CURRENT
                0x10006780       0x48 CMakeFiles/ENERGIS_RTOS.dir/src/snmp/snmp_powerMon.c.obj
                0x10006780                get_power_1_MEAS_CURRENT
 .text.get_power_1_MEAS_WATT
                0x100067c8       0x48 CMakeFiles/ENERGIS_RTOS.dir/src/snmp/snmp_powerMon.c.obj
                0x100067c8                get_power_1_MEAS_WATT
 .text.get_power_1_MEAS_PF
                0x10006810       0x48 CMakeFiles/ENERGIS_RTOS.dir/src/snmp/snmp_powerMon.c.obj
                0x10006810                get_power_1_MEAS_PF
 .text.get_power_1_MEAS_KWH
                0x10006858       0x48 CMakeFiles/ENERGIS_RTOS.dir/src/snmp/snmp_powerMon.c.obj
                0x10006858                get_power_1_MEAS_KWH
 .text.get_power_1_MEAS_UPTIME
                0x100068a0       0x38 CMakeFiles/ENERGIS_RTOS.dir/src/snmp/snmp_powerMon.c.obj
                0x100068a0                get_power_1_MEAS_UPTIME
 .text.get_power_2_MEAS_VOLTAGE
                0x100068d8       0x48 CMakeFiles/ENERGIS_RTOS.dir/src/snmp/snmp_powerMon.c.obj
                0x100068d8                get_power_2_MEAS_VOLTAGE
 .text.get_power_2_MEAS_CURRENT
                0x10006920       0x48 CMakeFiles/ENERGIS_RTOS.dir/src/snmp/snmp_powerMon.c.obj
                0x10006920                get_power_2_MEAS_CURRENT
 .text.get_power_2_MEAS_WATT
                0x10006968       0x48 CMakeFiles/ENERGIS_RTOS.dir/src/snmp/snmp_powerMon.c.obj
                0x10006968                get_power_2_MEAS_WATT
 .text.get_power_2_MEAS_PF
                0x100069b0       0x48 CMakeFiles/ENERGIS_RTOS.dir/src/snmp/snmp_powerMon.c.obj
                0x100069b0                get_power_2_MEAS_PF
 .text.get_power_2_MEAS_KWH
                0x100069f8       0x48 CMakeFiles/ENERGIS_RTOS.dir/src/snmp/snmp_powerMon.c.obj
                0x100069f8                get_power_2_MEAS_KWH
 .text.get_power_2_MEAS_UPTIME
                0x10006a40       0x38 CMakeFiles/ENERGIS_RTOS.dir/src/snmp/snmp_powerMon.c.obj
                0x10006a40                get_power_2_MEAS_UPTIME
 .text.get_power_3_MEAS_VOLTAGE
                0x10006a78       0x48 CMakeFiles/ENERGIS_RTOS.dir/src/snmp/snmp_powerMon.c.obj
                0x10006a78                get_power_3_MEAS_VOLTAGE
 .text.get_power_3_MEAS_CURRENT
                0x10006ac0       0x48 CMakeFiles/ENERGIS_RTOS.dir/src/snmp/snmp_powerMon.c.obj
                0x10006ac0                get_power_3_MEAS_CURRENT
 .text.get_power_3_MEAS_WATT
                0x10006b08       0x48 CMakeFiles/ENERGIS_RTOS.dir/src/snmp/snmp_powerMon.c.obj
                0x10006b08                get_power_3_MEAS_WATT
 .text.get_power_3_MEAS_PF
                0x10006b50       0x48 CMakeFiles/ENERGIS_RTOS.dir/src/snmp/snmp_powerMon.c.obj
                0x10006b50                get_power_3_MEAS_PF
 .text.get_power_3_MEAS_KWH
                0x10006b98       0x48 CMakeFiles/ENERGIS_RTOS.dir/src/snmp/snmp_powerMon.c.obj
                0x10006b98                get_power_3_MEAS_KWH
 .text.get_power_3_MEAS_UPTIME
                0x10006be0       0x38 CMakeFiles/ENERGIS_RTOS.dir/src/snmp/snmp_powerMon.c.obj
                0x10006be0                get_power_3_MEAS_UPTIME
 .text.get_power_4_MEAS_VOLTAGE
                0x10006c18       0x48 CMakeFiles/ENERGIS_RTOS.dir/src/snmp/snmp_powerMon.c.obj
                0x10006c18                get_power_4_MEAS_VOLTAGE
 .text.get_power_4_MEAS_CURRENT
                0x10006c60       0x48 CMakeFiles/ENERGIS_RTOS.dir/src/snmp/snmp_powerMon.c.obj
                0x10006c60                get_power_4_MEAS_CURRENT
 .text.get_power_4_MEAS_WATT
                0x10006ca8       0x48 CMakeFiles/ENERGIS_RTOS.dir/src/snmp/snmp_powerMon.c.obj
                0x10006ca8                get_power_4_MEAS_WATT
 .text.get_power_4_MEAS_PF
                0x10006cf0       0x48 CMakeFiles/ENERGIS_RTOS.dir/src/snmp/snmp_powerMon.c.obj
                0x10006cf0                get_power_4_MEAS_PF
 .text.get_power_4_MEAS_KWH
                0x10006d38       0x48 CMakeFiles/ENERGIS_RTOS.dir/src/snmp/snmp_powerMon.c.obj
                0x10006d38                get_power_4_MEAS_KWH
 .text.get_power_4_MEAS_UPTIME
                0x10006d80       0x38 CMakeFiles/ENERGIS_RTOS.dir/src/snmp/snmp_powerMon.c.obj
                0x10006d80                get_power_4_MEAS_UPTIME
 .text.get_power_5_MEAS_VOLTAGE
                0x10006db8       0x48 CMakeFiles/ENERGIS_RTOS.dir/src/snmp/snmp_powerMon.c.obj
                0x10006db8                get_power_5_MEAS_VOLTAGE
 .text.get_power_5_MEAS_CURRENT
                0x10006e00       0x48 CMakeFiles/ENERGIS_RTOS.dir/src/snmp/snmp_powerMon.c.obj
                0x10006e00                get_power_5_MEAS_CURRENT
 .text.get_power_5_MEAS_WATT
                0x10006e48       0x48 CMakeFiles/ENERGIS_RTOS.dir/src/snmp/snmp_powerMon.c.obj
                0x10006e48                get_power_5_MEAS_WATT
 .text.get_power_5_MEAS_PF
                0x10006e90       0x48 CMakeFiles/ENERGIS_RTOS.dir/src/snmp/snmp_powerMon.c.obj
                0x10006e90                get_power_5_MEAS_PF
 .text.get_power_5_MEAS_KWH
                0x10006ed8       0x48 CMakeFiles/ENERGIS_RTOS.dir/src/snmp/snmp_powerMon.c.obj
                0x10006ed8                get_power_5_MEAS_KWH
 .text.get_power_5_MEAS_UPTIME
                0x10006f20       0x38 CMakeFiles/ENERGIS_RTOS.dir/src/snmp/snmp_powerMon.c.obj
                0x10006f20                get_power_5_MEAS_UPTIME
 .text.get_power_6_MEAS_VOLTAGE
                0x10006f58       0x48 CMakeFiles/ENERGIS_RTOS.dir/src/snmp/snmp_powerMon.c.obj
                0x10006f58                get_power_6_MEAS_VOLTAGE
 .text.get_power_6_MEAS_CURRENT
                0x10006fa0       0x48 CMakeFiles/ENERGIS_RTOS.dir/src/snmp/snmp_powerMon.c.obj
                0x10006fa0                get_power_6_MEAS_CURRENT
 .text.get_power_6_MEAS_WATT
                0x10006fe8       0x48 CMakeFiles/ENERGIS_RTOS.dir/src/snmp/snmp_powerMon.c.obj
                0x10006fe8                get_power_6_MEAS_WATT
 .text.get_power_6_MEAS_PF
                0x10007030       0x48 CMakeFiles/ENERGIS_RTOS.dir/src/snmp/snmp_powerMon.c.obj
                0x10007030                get_power_6_MEAS_PF
 .text.get_power_6_MEAS_KWH
                0x10007078       0x48 CMakeFiles/ENERGIS_RTOS.dir/src/snmp/snmp_powerMon.c.obj
                0x10007078                get_power_6_MEAS_KWH
 .text.get_power_6_MEAS_UPTIME
                0x100070c0       0x38 CMakeFiles/ENERGIS_RTOS.dir/src/snmp/snmp_powerMon.c.obj
                0x100070c0                get_power_6_MEAS_UPTIME
 .text.get_power_7_MEAS_VOLTAGE
                0x100070f8       0x48 CMakeFiles/ENERGIS_RTOS.dir/src/snmp/snmp_powerMon.c.obj
                0x100070f8                get_power_7_MEAS_VOLTAGE
 .text.get_power_7_MEAS_CURRENT
                0x10007140       0x48 CMakeFiles/ENERGIS_RTOS.dir/src/snmp/snmp_powerMon.c.obj
                0x10007140                get_power_7_MEAS_CURRENT
 .text.get_power_7_MEAS_WATT
                0x10007188       0x48 CMakeFiles/ENERGIS_RTOS.dir/src/snmp/snmp_powerMon.c.obj
                0x10007188                get_power_7_MEAS_WATT
 .text.get_power_7_MEAS_PF
                0x100071d0       0x48 CMakeFiles/ENERGIS_RTOS.dir/src/snmp/snmp_powerMon.c.obj
                0x100071d0                get_power_7_MEAS_PF
 .text.get_power_7_MEAS_KWH
                0x10007218       0x48 CMakeFiles/ENERGIS_RTOS.dir/src/snmp/snmp_powerMon.c.obj
                0x10007218                get_power_7_MEAS_KWH
 .text.get_power_7_MEAS_UPTIME
                0x10007260       0x38 CMakeFiles/ENERGIS_RTOS.dir/src/snmp/snmp_powerMon.c.obj
                0x10007260                get_power_7_MEAS_UPTIME
 .text.get_ocp_STATE
                0x10007298       0x30 CMakeFiles/ENERGIS_RTOS.dir/src/snmp/snmp_powerMon.c.obj
                0x10007298                get_ocp_STATE
 .text.get_ocp_TOTAL_CURRENT_A
                0x100072c8       0x4c CMakeFiles/ENERGIS_RTOS.dir/src/snmp/snmp_powerMon.c.obj
                0x100072c8                get_ocp_TOTAL_CURRENT_A
 .text.get_ocp_LIMIT_A
                0x10007314       0x4c CMakeFiles/ENERGIS_RTOS.dir/src/snmp/snmp_powerMon.c.obj
                0x10007314                get_ocp_LIMIT_A
 .text.get_ocp_WARNING_THRESHOLD_A
                0x10007360       0x4c CMakeFiles/ENERGIS_RTOS.dir/src/snmp/snmp_powerMon.c.obj
                0x10007360                get_ocp_WARNING_THRESHOLD_A
 .text.get_ocp_CRITICAL_THRESHOLD_A
                0x100073ac       0x4c CMakeFiles/ENERGIS_RTOS.dir/src/snmp/snmp_powerMon.c.obj
                0x100073ac                get_ocp_CRITICAL_THRESHOLD_A
 .text.get_ocp_RECOVERY_THRESHOLD_A
                0x100073f8       0x4c CMakeFiles/ENERGIS_RTOS.dir/src/snmp/snmp_powerMon.c.obj
                0x100073f8                get_ocp_RECOVERY_THRESHOLD_A
 .text.get_ocp_LAST_TRIPPED_CH
                0x10007444       0x3c CMakeFiles/ENERGIS_RTOS.dir/src/snmp/snmp_powerMon.c.obj
                0x10007444                get_ocp_LAST_TRIPPED_CH
 .text.get_ocp_TRIP_COUNT
                0x10007480       0x2c CMakeFiles/ENERGIS_RTOS.dir/src/snmp/snmp_powerMon.c.obj
                0x10007480                get_ocp_TRIP_COUNT
 .text.get_ocp_LAST_TRIP_MS
                0x100074ac       0x2c CMakeFiles/ENERGIS_RTOS.dir/src/snmp/snmp_powerMon.c.obj
                0x100074ac                get_ocp_LAST_TRIP_MS
 .text.get_ocp_SWITCHING_ALLOWED
                0x100074d8       0x34 CMakeFiles/ENERGIS_RTOS.dir/src/snmp/snmp_powerMon.c.obj
                0x100074d8                get_ocp_SWITCHING_ALLOWED
 .text.get_ocp_RESET
                0x1000750c       0x1c CMakeFiles/ENERGIS_RTOS.dir/src/snmp/snmp_powerMon.c.obj
                0x1000750c                get_ocp_RESET
 .text.set_ocp_RESET
                0x10007528       0x10 CMakeFiles/ENERGIS_RTOS.dir/src/snmp/snmp_powerMon.c.obj
                0x10007528                set_ocp_RESET
 .text.get_tempSensorVoltage
                0x10007538       0x64 CMakeFiles/ENERGIS_RTOS.dir/src/snmp/snmp_voltageMon.c.obj
                0x10007538                get_tempSensorVoltage
 .text.get_tempSensorTemperature
                0x1000759c       0x54 CMakeFiles/ENERGIS_RTOS.dir/src/snmp/snmp_voltageMon.c.obj
                0x1000759c                get_tempSensorTemperature
 .text.get_VSUPPLY
                0x100075f0       0x54 CMakeFiles/ENERGIS_RTOS.dir/src/snmp/snmp_voltageMon.c.obj
                0x100075f0                get_VSUPPLY
 .text.get_VUSB
                0x10007644       0x54 CMakeFiles/ENERGIS_RTOS.dir/src/snmp/snmp_voltageMon.c.obj
                0x10007644                get_VUSB
 .text.get_VSUPPLY_divider
                0x10007698       0x64 CMakeFiles/ENERGIS_RTOS.dir/src/snmp/snmp_voltageMon.c.obj
                0x10007698                get_VSUPPLY_divider
 .text.get_VUSB_divider
                0x100076fc       0x64 CMakeFiles/ENERGIS_RTOS.dir/src/snmp/snmp_voltageMon.c.obj
                0x100076fc                get_VUSB_divider
 .text.get_coreVREG
                0x10007760       0x4c CMakeFiles/ENERGIS_RTOS.dir/src/snmp/snmp_voltageMon.c.obj
                0x10007760                get_coreVREG
 .text.get_coreVREG_status
                0x100077ac       0x34 CMakeFiles/ENERGIS_RTOS.dir/src/snmp/snmp_voltageMon.c.obj
                0x100077ac                get_coreVREG_status
 .text.get_bandgapRef
                0x100077e0       0x18 CMakeFiles/ENERGIS_RTOS.dir/src/snmp/snmp_voltageMon.c.obj
                0x100077e0                get_bandgapRef
 .text.get_usbPHYrail
                0x100077f8       0x18 CMakeFiles/ENERGIS_RTOS.dir/src/snmp/snmp_voltageMon.c.obj
                0x100077f8                get_usbPHYrail
 .text.get_ioRail
                0x10007810       0x18 CMakeFiles/ENERGIS_RTOS.dir/src/snmp/snmp_voltageMon.c.obj
                0x10007810                get_ioRail
 .text.Overcurrent_Init
                0x10007828      0x2bc CMakeFiles/ENERGIS_RTOS.dir/src/tasks/OCP.c.obj
                0x10007828                Overcurrent_Init
 .text.Overcurrent_Update
                0x10007ae4      0x1c4 CMakeFiles/ENERGIS_RTOS.dir/src/tasks/OCP.c.obj
                0x10007ae4                Overcurrent_Update
 .text.Overcurrent_IsSwitchingAllowed
                0x10007ca8       0x1c CMakeFiles/ENERGIS_RTOS.dir/src/tasks/OCP.c.obj
                0x10007ca8                Overcurrent_IsSwitchingAllowed
 .text.Overcurrent_GetStatus
                0x10007cc4       0x74 CMakeFiles/ENERGIS_RTOS.dir/src/tasks/OCP.c.obj
                0x10007cc4                Overcurrent_GetStatus
 .text.Overcurrent_ClearLockout
                0x10007d38       0x3c CMakeFiles/ENERGIS_RTOS.dir/src/tasks/OCP.c.obj
                0x10007d38                Overcurrent_ClearLockout
 .text.InitTask
                0x10007d74      0xaac CMakeFiles/ENERGIS_RTOS.dir/src/tasks/InitTask.c.obj
 .text.InitTask_Create
                0x10008820       0x28 CMakeFiles/ENERGIS_RTOS.dir/src/tasks/InitTask.c.obj
                0x10008820                InitTask_Create
 .text.Logger_IsReady
                0x10008848       0x10 CMakeFiles/ENERGIS_RTOS.dir/src/tasks/LoggerTask.c.obj
                0x10008848                Logger_IsReady
 .text.LoggerTask_Init
                0x10008858       0x68 CMakeFiles/ENERGIS_RTOS.dir/src/tasks/LoggerTask.c.obj
                0x10008858                LoggerTask_Init
 .text.log_printf
                0x100088c0       0x4c CMakeFiles/ENERGIS_RTOS.dir/src/tasks/LoggerTask.c.obj
                0x100088c0                log_printf
 .text.LoggerTask
                0x1000890c       0x90 CMakeFiles/ENERGIS_RTOS.dir/src/tasks/LoggerTask.c.obj
 .text.log_printf_force
                0x1000899c       0x3c CMakeFiles/ENERGIS_RTOS.dir/src/tasks/LoggerTask.c.obj
                0x1000899c                log_printf_force
 .text.Logger_MutePush
                0x100089d8       0x18 CMakeFiles/ENERGIS_RTOS.dir/src/tasks/LoggerTask.c.obj
                0x100089d8                Logger_MutePush
 .text.Logger_MutePop
                0x100089f0       0x20 CMakeFiles/ENERGIS_RTOS.dir/src/tasks/LoggerTask.c.obj
                0x100089f0                Logger_MutePop
 .text.ConsoleTask
                0x10008a10     0x2000 CMakeFiles/ENERGIS_RTOS.dir/src/tasks/ConsoleTask.c.obj
 .text.ConsoleTask_Init
                0x1000aa10       0xdc CMakeFiles/ENERGIS_RTOS.dir/src/tasks/ConsoleTask.c.obj
                0x1000aa10                ConsoleTask_Init
 .text.Console_IsReady
                0x1000aaec       0x10 CMakeFiles/ENERGIS_RTOS.dir/src/tasks/ConsoleTask.c.obj
                0x1000aaec                Console_IsReady
 .text.load_config_from_eeprom
                0x1000aafc      0x100 CMakeFiles/ENERGIS_RTOS.dir/src/tasks/StorageTask.c.obj
 .text.commit_dirty_sections
                0x1000abfc      0x3ac CMakeFiles/ENERGIS_RTOS.dir/src/tasks/StorageTask.c.obj
 .text.StorageTask
                0x1000afa8      0xd4c CMakeFiles/ENERGIS_RTOS.dir/src/tasks/StorageTask.c.obj
 .text.Storage_Config_IsReady
                0x1000bcf4        0xc CMakeFiles/ENERGIS_RTOS.dir/src/tasks/StorageTask.c.obj
                0x1000bcf4                Storage_Config_IsReady
 .text.storage_dump_formatted_async
                0x1000bd00       0x40 CMakeFiles/ENERGIS_RTOS.dir/src/tasks/StorageTask.c.obj
                0x1000bd00                storage_dump_formatted_async
 .text.storage_dump_error_log_async
                0x1000bd40       0x40 CMakeFiles/ENERGIS_RTOS.dir/src/tasks/StorageTask.c.obj
                0x1000bd40                storage_dump_error_log_async
 .text.storage_dump_warning_log_async
                0x1000bd80       0x40 CMakeFiles/ENERGIS_RTOS.dir/src/tasks/StorageTask.c.obj
                0x1000bd80                storage_dump_warning_log_async
 .text.storage_clear_error_log_async
                0x1000bdc0       0x40 CMakeFiles/ENERGIS_RTOS.dir/src/tasks/StorageTask.c.obj
                0x1000bdc0                storage_clear_error_log_async
 .text.storage_clear_warning_log_async
                0x1000be00       0x40 CMakeFiles/ENERGIS_RTOS.dir/src/tasks/StorageTask.c.obj
                0x1000be00                storage_clear_warning_log_async
 .text.storage_erase_all_async
                0x1000be40       0x64 CMakeFiles/ENERGIS_RTOS.dir/src/tasks/StorageTask.c.obj
                0x1000be40                storage_erase_all_async
 .text.Storage_EnqueueErrorCode
                0x1000bea4       0x24 CMakeFiles/ENERGIS_RTOS.dir/src/tasks/StorageTask.c.obj
                0x1000bea4                Storage_EnqueueErrorCode
 .text.Storage_EnqueueWarningCode
                0x1000bec8       0x24 CMakeFiles/ENERGIS_RTOS.dir/src/tasks/StorageTask.c.obj
                0x1000bec8                Storage_EnqueueWarningCode
 .text.StorageTask_Init
                0x1000beec       0xe8 CMakeFiles/ENERGIS_RTOS.dir/src/tasks/StorageTask.c.obj
                0x1000beec                StorageTask_Init
 .text.Storage_IsReady
                0x1000bfd4       0x2c CMakeFiles/ENERGIS_RTOS.dir/src/tasks/StorageTask.c.obj
                0x1000bfd4                Storage_IsReady
 .text.storage_wait_ready
                0x1000c000       0x24 CMakeFiles/ENERGIS_RTOS.dir/src/tasks/StorageTask.c.obj
                0x1000c000                storage_wait_ready
 .text.storage_get_network
                0x1000c024       0x70 CMakeFiles/ENERGIS_RTOS.dir/src/tasks/StorageTask.c.obj
                0x1000c024                storage_get_network
 .text.storage_set_network
                0x1000c094       0x58 CMakeFiles/ENERGIS_RTOS.dir/src/tasks/StorageTask.c.obj
                0x1000c094                storage_set_network
 .text.storage_get_prefs
                0x1000c0ec       0x7c CMakeFiles/ENERGIS_RTOS.dir/src/tasks/StorageTask.c.obj
                0x1000c0ec                storage_get_prefs
 .text.storage_set_prefs
                0x1000c168       0x58 CMakeFiles/ENERGIS_RTOS.dir/src/tasks/StorageTask.c.obj
                0x1000c168                storage_set_prefs
 .text.storage_get_auth
                0x1000c1c0       0x7c CMakeFiles/ENERGIS_RTOS.dir/src/tasks/StorageTask.c.obj
                0x1000c1c0                storage_get_auth
 .text.storage_set_auth
                0x1000c23c       0x58 CMakeFiles/ENERGIS_RTOS.dir/src/tasks/StorageTask.c.obj
                0x1000c23c                storage_set_auth
 .text.storage_commit_now
                0x1000c294       0x70 CMakeFiles/ENERGIS_RTOS.dir/src/tasks/StorageTask.c.obj
                0x1000c294                storage_commit_now
 .text.storage_load_defaults
                0x1000c304       0x70 CMakeFiles/ENERGIS_RTOS.dir/src/tasks/StorageTask.c.obj
                0x1000c304                storage_load_defaults
 .text.storage_set_sensor_cal
                0x1000c374       0x60 CMakeFiles/ENERGIS_RTOS.dir/src/tasks/StorageTask.c.obj
                0x1000c374                storage_set_sensor_cal
 .text.storage_save_preset
                0x1000c3d4       0x5c CMakeFiles/ENERGIS_RTOS.dir/src/tasks/StorageTask.c.obj
                0x1000c3d4                storage_save_preset
 .text.storage_delete_preset
                0x1000c430       0x44 CMakeFiles/ENERGIS_RTOS.dir/src/tasks/StorageTask.c.obj
                0x1000c430                storage_delete_preset
 .text.storage_set_startup_preset
                0x1000c474       0x44 CMakeFiles/ENERGIS_RTOS.dir/src/tasks/StorageTask.c.obj
                0x1000c474                storage_set_startup_preset
 .text.storage_clear_startup_preset
                0x1000c4b8       0x40 CMakeFiles/ENERGIS_RTOS.dir/src/tasks/StorageTask.c.obj
                0x1000c4b8                storage_clear_startup_preset
 .text.net_reinit_from_cache.isra.0
                0x1000c4f8       0xb4 CMakeFiles/ENERGIS_RTOS.dir/src/tasks/NetTask.c.obj
 .text.NetTask_Function
                0x1000c5ac      0x49c CMakeFiles/ENERGIS_RTOS.dir/src/tasks/NetTask.c.obj
 .text.NetTask_Init
                0x1000ca48       0x88 CMakeFiles/ENERGIS_RTOS.dir/src/tasks/NetTask.c.obj
                0x1000ca48                NetTask_Init
 .text.Net_IsReady
                0x1000cad0       0x10 CMakeFiles/ENERGIS_RTOS.dir/src/tasks/NetTask.c.obj
                0x1000cad0                Net_IsReady
 .text.MeterTask_Loop
                0x1000cae0      0x564 CMakeFiles/ENERGIS_RTOS.dir/src/tasks/MeterTask.c.obj
 .text.MeterTask_Init
                0x1000d044      0x1a0 CMakeFiles/ENERGIS_RTOS.dir/src/tasks/MeterTask.c.obj
                0x1000d044                MeterTask_Init
 .text.Meter_IsReady
                0x1000d1e4       0x10 CMakeFiles/ENERGIS_RTOS.dir/src/tasks/MeterTask.c.obj
                0x1000d1e4                Meter_IsReady
 .text.MeterTask_GetTelemetry
                0x1000d1f4       0x38 CMakeFiles/ENERGIS_RTOS.dir/src/tasks/MeterTask.c.obj
                0x1000d1f4                MeterTask_GetTelemetry
 .text.MeterTask_GetSystemTelemetry
                0x1000d22c       0x30 CMakeFiles/ENERGIS_RTOS.dir/src/tasks/MeterTask.c.obj
                0x1000d22c                MeterTask_GetSystemTelemetry
 .text.MeterTask_SetTempCalibration
                0x1000d25c       0x80 CMakeFiles/ENERGIS_RTOS.dir/src/tasks/MeterTask.c.obj
                0x1000d25c                MeterTask_SetTempCalibration
 .text.MeterTask_GetTempCalibrationInfo
                0x1000d2dc       0x8c CMakeFiles/ENERGIS_RTOS.dir/src/tasks/MeterTask.c.obj
                0x1000d2dc                MeterTask_GetTempCalibrationInfo
 .text.vBlinkTimerCb
                0x1000d368        0xc CMakeFiles/ENERGIS_RTOS.dir/src/tasks/ButtonTask.c.obj
 .text.vButtonTask
                0x1000d374      0x608 CMakeFiles/ENERGIS_RTOS.dir/src/tasks/ButtonTask.c.obj
 .text.ButtonTask_Init
                0x1000d97c      0x108 CMakeFiles/ENERGIS_RTOS.dir/src/tasks/ButtonTask.c.obj
                0x1000d97c                ButtonTask_Init
 .text.Button_IsReady
                0x1000da84        0xc CMakeFiles/ENERGIS_RTOS.dir/src/tasks/ButtonTask.c.obj
                0x1000da84                Button_IsReady
 .text.report_stale
                0x1000da90      0x214 CMakeFiles/ENERGIS_RTOS.dir/src/tasks/HealthTask.c.obj
 .text.health_task
                0x1000dca4      0x47c CMakeFiles/ENERGIS_RTOS.dir/src/tasks/HealthTask.c.obj
 .text.HealthTask_Start
                0x1000e120       0x34 CMakeFiles/ENERGIS_RTOS.dir/src/tasks/HealthTask.c.obj
                0x1000e120                HealthTask_Start
 .text.Health_RegisterTask
                0x1000e154       0x74 CMakeFiles/ENERGIS_RTOS.dir/src/tasks/HealthTask.c.obj
                0x1000e154                Health_RegisterTask
 .text.Health_Heartbeat
                0x1000e1c8       0x3c CMakeFiles/ENERGIS_RTOS.dir/src/tasks/HealthTask.c.obj
                0x1000e1c8                Health_Heartbeat
 .text.Health_RecordBlocked
                0x1000e204       0x70 CMakeFiles/ENERGIS_RTOS.dir/src/tasks/HealthTask.c.obj
                0x1000e204                Health_RecordBlocked
 .text.Health_RebootNow
                0x1000e274       0x9c CMakeFiles/ENERGIS_RTOS.dir/src/tasks/HealthTask.c.obj
                0x1000e274                Health_RebootNow
 .text.mirror_display_from_relay
                0x1000e310       0xc4 CMakeFiles/ENERGIS_RTOS.dir/src/tasks/SwitchTask.c.obj
 .text.Switch_SetChannel.part.0
                0x1000e3d4       0x54 CMakeFiles/ENERGIS_RTOS.dir/src/tasks/SwitchTask.c.obj
 .text.SwitchTask_Init
                0x1000e428       0x34 CMakeFiles/ENERGIS_RTOS.dir/src/tasks/SwitchTask.c.obj
                0x1000e428                SwitchTask_Init
 .text.Switch_IsReady
                0x1000e45c       0x20 CMakeFiles/ENERGIS_RTOS.dir/src/tasks/SwitchTask.c.obj
                0x1000e45c                Switch_IsReady
 .text.Switch_GetState
                0x1000e47c       0x84 CMakeFiles/ENERGIS_RTOS.dir/src/tasks/SwitchTask.c.obj
                0x1000e47c                Switch_GetState
 .text.Switch_GetAllStates
                0x1000e500       0xa8 CMakeFiles/ENERGIS_RTOS.dir/src/tasks/SwitchTask.c.obj
                0x1000e500                Switch_GetAllStates
 .text.Switch_SetChannel
                0x1000e5a8       0x54 CMakeFiles/ENERGIS_RTOS.dir/src/tasks/SwitchTask.c.obj
                0x1000e5a8                Switch_SetChannel
 .text.Switch_Toggle
                0x1000e5fc       0xac CMakeFiles/ENERGIS_RTOS.dir/src/tasks/SwitchTask.c.obj
                0x1000e5fc                Switch_Toggle
 .text.Switch_AllOff
                0x1000e6a8       0x80 CMakeFiles/ENERGIS_RTOS.dir/src/tasks/SwitchTask.c.obj
                0x1000e6a8                Switch_AllOff
 .text.Switch_SetMask
                0x1000e728       0x94 CMakeFiles/ENERGIS_RTOS.dir/src/tasks/SwitchTask.c.obj
                0x1000e728                Switch_SetMask
 .text.Switch_GetStateCompat
                0x1000e7bc       0x74 CMakeFiles/ENERGIS_RTOS.dir/src/tasks/SwitchTask.c.obj
                0x1000e7bc                Switch_GetStateCompat
 .text.Switch_SetChannelCompat
                0x1000e830       0x54 CMakeFiles/ENERGIS_RTOS.dir/src/tasks/SwitchTask.c.obj
                0x1000e830                Switch_SetChannelCompat
 .text.Switch_AllOnCompat
                0x1000e884       0x84 CMakeFiles/ENERGIS_RTOS.dir/src/tasks/SwitchTask.c.obj
                0x1000e884                Switch_AllOnCompat
 .text.Switch_AllOffCompat
                0x1000e908       0x78 CMakeFiles/ENERGIS_RTOS.dir/src/tasks/SwitchTask.c.obj
                0x1000e908                Switch_AllOffCompat
 .text.Switch_SelectAllOff
                0x1000e980       0x74 CMakeFiles/ENERGIS_RTOS.dir/src/tasks/SwitchTask.c.obj
                0x1000e980                Switch_SelectAllOff
 .text.Switch_SelectShow
                0x1000e9f4       0x90 CMakeFiles/ENERGIS_RTOS.dir/src/tasks/SwitchTask.c.obj
                0x1000e9f4                Switch_SelectShow
 .text.Switch_SetFaultLed
                0x1000ea84       0xa0 CMakeFiles/ENERGIS_RTOS.dir/src/tasks/SwitchTask.c.obj
                0x1000ea84                Switch_SetFaultLed
 .text.Switch_SetPwrLed
                0x1000eb24       0xa0 CMakeFiles/ENERGIS_RTOS.dir/src/tasks/SwitchTask.c.obj
                0x1000eb24                Switch_SetPwrLed
 .text.Switch_SetEthLed
                0x1000ebc4       0xa0 CMakeFiles/ENERGIS_RTOS.dir/src/tasks/SwitchTask.c.obj
                0x1000ebc4                Switch_SetEthLed
 .text.Switch_SyncFromHardware
                0x1000ec64       0x44 CMakeFiles/ENERGIS_RTOS.dir/src/tasks/SwitchTask.c.obj
                0x1000ec64                Switch_SyncFromHardware
 .text.Switch_SetManualPanelActive
                0x1000eca8        0xc CMakeFiles/ENERGIS_RTOS.dir/src/tasks/SwitchTask.c.obj
                0x1000eca8                Switch_SetManualPanelActive
 .text.Switch_SetRelayPortBMasked
                0x1000ecb4       0x58 CMakeFiles/ENERGIS_RTOS.dir/src/tasks/SwitchTask.c.obj
                0x1000ecb4                Switch_SetRelayPortBMasked
 .text.cmd_prov
                0x1000ed0c      0x560 CMakeFiles/ENERGIS_RTOS.dir/src/tasks/provisioning_commands.c.obj
                0x1000ed0c                cmd_prov
 .text.EEPROM_WriteSensorCalibration
                0x1000f26c       0x28 CMakeFiles/ENERGIS_RTOS.dir/src/tasks/storage_submodule/calibration.c.obj
                0x1000f26c                EEPROM_WriteSensorCalibration
 .text.EEPROM_WriteSensorCalibrationForChannel
                0x1000f294       0x34 CMakeFiles/ENERGIS_RTOS.dir/src/tasks/storage_submodule/calibration.c.obj
                0x1000f294                EEPROM_WriteSensorCalibrationForChannel
 .text.EEPROM_ReadSensorCalibrationForChannel
                0x1000f2c8       0x64 CMakeFiles/ENERGIS_RTOS.dir/src/tasks/storage_submodule/calibration.c.obj
                0x1000f2c8                EEPROM_ReadSensorCalibrationForChannel
 .text.EEPROM_WriteTempCalibration
                0x1000f32c       0xb4 CMakeFiles/ENERGIS_RTOS.dir/src/tasks/storage_submodule/calibration.c.obj
                0x1000f32c                EEPROM_WriteTempCalibration
 .text.TempCalibration_ComputeSinglePoint
                0x1000f3e0       0xec CMakeFiles/ENERGIS_RTOS.dir/src/tasks/storage_submodule/calibration.c.obj
                0x1000f3e0                TempCalibration_ComputeSinglePoint
 .text.TempCalibration_ComputeTwoPoint
                0x1000f4cc      0x18c CMakeFiles/ENERGIS_RTOS.dir/src/tasks/storage_submodule/calibration.c.obj
                0x1000f4cc                TempCalibration_ComputeTwoPoint
 .text.TempCalibration_ApplyToMeterTask
                0x1000f658      0x128 CMakeFiles/ENERGIS_RTOS.dir/src/tasks/storage_submodule/calibration.c.obj
                0x1000f658                TempCalibration_ApplyToMeterTask
 .text.TempCalibration_LoadAndApply
                0x1000f780      0x248 CMakeFiles/ENERGIS_RTOS.dir/src/tasks/storage_submodule/calibration.c.obj
                0x1000f780                TempCalibration_LoadAndApply
 .text.ChannelLabels_LoadFromEEPROM
                0x1000f9c8       0x78 CMakeFiles/ENERGIS_RTOS.dir/src/tasks/storage_submodule/channel_labels.c.obj
                0x1000f9c8                ChannelLabels_LoadFromEEPROM
 .text.ChannelLabels_GetCached
                0x1000fa40       0x54 CMakeFiles/ENERGIS_RTOS.dir/src/tasks/storage_submodule/channel_labels.c.obj
                0x1000fa40                ChannelLabels_GetCached
 .text.ChannelLabels_SetAndWrite
                0x1000fa94       0x7c CMakeFiles/ENERGIS_RTOS.dir/src/tasks/storage_submodule/channel_labels.c.obj
                0x1000fa94                ChannelLabels_SetAndWrite
 .text.storage_get_channel_label
                0x1000fb10       0x6c CMakeFiles/ENERGIS_RTOS.dir/src/tasks/storage_submodule/channel_labels.c.obj
                0x1000fb10                storage_get_channel_label
 .text.storage_set_channel_label
                0x1000fb7c       0x68 CMakeFiles/ENERGIS_RTOS.dir/src/tasks/storage_submodule/channel_labels.c.obj
                0x1000fb7c                storage_set_channel_label
 .text.EEPROM_WriteEnergyMonitoring
                0x1000fbe4       0x28 CMakeFiles/ENERGIS_RTOS.dir/src/tasks/storage_submodule/energy_monitor.c.obj
                0x1000fbe4                EEPROM_WriteEnergyMonitoring
 .text.EEPROM_WriteEventLogs
                0x1000fc0c       0x20 CMakeFiles/ENERGIS_RTOS.dir/src/tasks/storage_submodule/event_log.c.obj
                0x1000fc0c                EEPROM_WriteEventLogs
 .text.EEPROM_AppendErrorCode
                0x1000fc2c       0x70 CMakeFiles/ENERGIS_RTOS.dir/src/tasks/storage_submodule/event_log.c.obj
                0x1000fc2c                EEPROM_AppendErrorCode
 .text.EEPROM_AppendWarningCode
                0x1000fc9c       0x70 CMakeFiles/ENERGIS_RTOS.dir/src/tasks/storage_submodule/event_log.c.obj
                0x1000fc9c                EEPROM_AppendWarningCode
 .text.EEPROM_WriteFactoryDefaults
                0x1000fd0c      0x2b8 CMakeFiles/ENERGIS_RTOS.dir/src/tasks/storage_submodule/factory_defaults.c.obj
                0x1000fd0c                EEPROM_WriteFactoryDefaults
 .text.check_factory_defaults
                0x1000ffc4      0x1c4 CMakeFiles/ENERGIS_RTOS.dir/src/tasks/storage_submodule/factory_defaults.c.obj
                0x1000ffc4                check_factory_defaults
 .text.EEPROM_WriteSystemInfo
                0x10010188       0x24 CMakeFiles/ENERGIS_RTOS.dir/src/tasks/storage_submodule/network.c.obj
                0x10010188                EEPROM_WriteSystemInfo
 .text.EEPROM_WriteUserNetworkWithChecksum
                0x100101ac       0x78 CMakeFiles/ENERGIS_RTOS.dir/src/tasks/storage_submodule/network.c.obj
                0x100101ac                EEPROM_WriteUserNetworkWithChecksum
 .text.EEPROM_ReadUserNetworkWithChecksum
                0x10010224       0x8c CMakeFiles/ENERGIS_RTOS.dir/src/tasks/storage_submodule/network.c.obj
                0x10010224                EEPROM_ReadUserNetworkWithChecksum
 .text.LoadUserNetworkConfig
                0x100102b0       0xb4 CMakeFiles/ENERGIS_RTOS.dir/src/tasks/storage_submodule/network.c.obj
                0x100102b0                LoadUserNetworkConfig
 .text.calculate_crc8
                0x10010364       0xd0 CMakeFiles/ENERGIS_RTOS.dir/src/tasks/storage_submodule/storage_common.c.obj
                0x10010364                calculate_crc8
 .text.Energis_FillMacFromSerial
                0x10010434        0x8 CMakeFiles/ENERGIS_RTOS.dir/src/tasks/storage_submodule/storage_common.c.obj
                0x10010434                Energis_FillMacFromSerial
 .text.Energis_RepairMac
                0x1001043c       0x80 CMakeFiles/ENERGIS_RTOS.dir/src/tasks/storage_submodule/storage_common.c.obj
                0x1001043c                Energis_RepairMac
 .text.user_output_write_eeprom
                0x100104bc      0x168 CMakeFiles/ENERGIS_RTOS.dir/src/tasks/storage_submodule/user_output.c.obj
 .text.UserOutput_Init
                0x10010624      0x3d8 CMakeFiles/ENERGIS_RTOS.dir/src/tasks/storage_submodule/user_output.c.obj
                0x10010624                UserOutput_Init
 .text.UserOutput_GetAllPresets
                0x100109fc       0x48 CMakeFiles/ENERGIS_RTOS.dir/src/tasks/storage_submodule/user_output.c.obj
                0x100109fc                UserOutput_GetAllPresets
 .text.UserOutput_GetPreset
                0x10010a44       0x54 CMakeFiles/ENERGIS_RTOS.dir/src/tasks/storage_submodule/user_output.c.obj
                0x10010a44                UserOutput_GetPreset
 .text.UserOutput_SavePreset
                0x10010a98       0xf0 CMakeFiles/ENERGIS_RTOS.dir/src/tasks/storage_submodule/user_output.c.obj
                0x10010a98                UserOutput_SavePreset
 .text.UserOutput_DeletePreset
                0x10010b88       0xac CMakeFiles/ENERGIS_RTOS.dir/src/tasks/storage_submodule/user_output.c.obj
                0x10010b88                UserOutput_DeletePreset
 .text.UserOutput_GetStartupPreset
                0x10010c34       0x3c CMakeFiles/ENERGIS_RTOS.dir/src/tasks/storage_submodule/user_output.c.obj
                0x10010c34                UserOutput_GetStartupPreset
 .text.UserOutput_SetStartupPreset
                0x10010c70       0xb4 CMakeFiles/ENERGIS_RTOS.dir/src/tasks/storage_submodule/user_output.c.obj
                0x10010c70                UserOutput_SetStartupPreset
 .text.UserOutput_ClearStartupPreset
                0x10010d24       0x84 CMakeFiles/ENERGIS_RTOS.dir/src/tasks/storage_submodule/user_output.c.obj
                0x10010d24                UserOutput_ClearStartupPreset
 .text.UserOutput_ApplyPreset
                0x10010da8       0xac CMakeFiles/ENERGIS_RTOS.dir/src/tasks/storage_submodule/user_output.c.obj
                0x10010da8                UserOutput_ApplyPreset
 .text.UserOutput_ApplyStartupPreset
                0x10010e54      0x104 CMakeFiles/ENERGIS_RTOS.dir/src/tasks/storage_submodule/user_output.c.obj
                0x10010e54                UserOutput_ApplyStartupPreset
 .text.EEPROM_WriteUserOutput
                0x10010f58       0x24 CMakeFiles/ENERGIS_RTOS.dir/src/tasks/storage_submodule/user_output.c.obj
                0x10010f58                EEPROM_WriteUserOutput
 .text.EEPROM_ReadUserOutput
                0x10010f7c       0x28 CMakeFiles/ENERGIS_RTOS.dir/src/tasks/storage_submodule/user_output.c.obj
                0x10010f7c                EEPROM_ReadUserOutput
 .text.EEPROM_WriteUserPrefsWithChecksum
                0x10010fa4       0x6c CMakeFiles/ENERGIS_RTOS.dir/src/tasks/storage_submodule/user_prefs.c.obj
                0x10010fa4                EEPROM_WriteUserPrefsWithChecksum
 .text.EEPROM_ReadUserPrefsWithChecksum
                0x10011010       0x98 CMakeFiles/ENERGIS_RTOS.dir/src/tasks/storage_submodule/user_prefs.c.obj
                0x10011010                EEPROM_ReadUserPrefsWithChecksum
 .text.LoadUserPreferences
                0x100110a8       0x4c CMakeFiles/ENERGIS_RTOS.dir/src/tasks/storage_submodule/user_prefs.c.obj
                0x100110a8                LoadUserPreferences
 .text.EEPROM_WriteDefaultNameLocation
                0x100110f4       0x5c CMakeFiles/ENERGIS_RTOS.dir/src/tasks/storage_submodule/user_prefs.c.obj
                0x100110f4                EEPROM_WriteDefaultNameLocation
 .text.DeviceIdentity_Init
                0x10011150      0x110 CMakeFiles/ENERGIS_RTOS.dir/src/tasks/storage_submodule/device_identity.c.obj
                0x10011150                DeviceIdentity_Init
 .text.DeviceIdentity_Get
                0x10011260        0x8 CMakeFiles/ENERGIS_RTOS.dir/src/tasks/storage_submodule/device_identity.c.obj
                0x10011260                DeviceIdentity_Get
 .text.DeviceIdentity_GetSerialNumber
                0x10011268        0x8 CMakeFiles/ENERGIS_RTOS.dir/src/tasks/storage_submodule/device_identity.c.obj
                0x10011268                DeviceIdentity_GetSerialNumber
 .text.DeviceIdentity_GetRegion
                0x10011270        0xc CMakeFiles/ENERGIS_RTOS.dir/src/tasks/storage_submodule/device_identity.c.obj
                0x10011270                DeviceIdentity_GetRegion
 .text.DeviceIdentity_GetCurrentLimitA
                0x1001127c       0x1c CMakeFiles/ENERGIS_RTOS.dir/src/tasks/storage_submodule/device_identity.c.obj
                0x1001127c                DeviceIdentity_GetCurrentLimitA
 .text.DeviceIdentity_IsValid
                0x10011298        0xc CMakeFiles/ENERGIS_RTOS.dir/src/tasks/storage_submodule/device_identity.c.obj
                0x10011298                DeviceIdentity_IsValid
 .text.DeviceIdentity_Unlock
                0x100112a4       0x60 CMakeFiles/ENERGIS_RTOS.dir/src/tasks/storage_submodule/device_identity.c.obj
                0x100112a4                DeviceIdentity_Unlock
 .text.DeviceIdentity_Lock
                0x10011304       0x20 CMakeFiles/ENERGIS_RTOS.dir/src/tasks/storage_submodule/device_identity.c.obj
                0x10011304                DeviceIdentity_Lock
 .text.DeviceIdentity_IsUnlocked
                0x10011324       0x44 CMakeFiles/ENERGIS_RTOS.dir/src/tasks/storage_submodule/device_identity.c.obj
                0x10011324                DeviceIdentity_IsUnlocked
 .text.DeviceIdentity_SetSerialNumber
                0x10011368      0x1b0 CMakeFiles/ENERGIS_RTOS.dir/src/tasks/storage_submodule/device_identity.c.obj
                0x10011368                DeviceIdentity_SetSerialNumber
 .text.DeviceIdentity_SetRegion
                0x10011518      0x17c CMakeFiles/ENERGIS_RTOS.dir/src/tasks/storage_submodule/device_identity.c.obj
                0x10011518                DeviceIdentity_SetRegion
 .text.DeviceIdentity_FillMac
                0x10011694       0x58 CMakeFiles/ENERGIS_RTOS.dir/src/tasks/storage_submodule/device_identity.c.obj
                0x10011694                DeviceIdentity_FillMac
 .text.EEPROM_WriteAuthConfigWithChecksum
                0x100116ec       0x3c CMakeFiles/ENERGIS_RTOS.dir/src/tasks/storage_submodule/auth_store.c.obj
                0x100116ec                EEPROM_WriteAuthConfigWithChecksum
 .text.LoadAuthConfig
                0x10011728       0xc8 CMakeFiles/ENERGIS_RTOS.dir/src/tasks/storage_submodule/auth_store.c.obj
                0x10011728                LoadAuthConfig
 .text.EEPROM_WriteDefaultAuthConfig
                0x100117f0       0x3c CMakeFiles/ENERGIS_RTOS.dir/src/tasks/storage_submodule/auth_store.c.obj
                0x100117f0                EEPROM_WriteDefaultAuthConfig
 .text.send_all.isra.0
                0x1001182c       0x58 CMakeFiles/ENERGIS_RTOS.dir/src/web_handlers/http_server.c.obj
 .text.http_server_init
                0x10011884       0xa0 CMakeFiles/ENERGIS_RTOS.dir/src/web_handlers/http_server.c.obj
                0x10011884                http_server_init
 .text.http_server_process
                0x10011924      0x504 CMakeFiles/ENERGIS_RTOS.dir/src/web_handlers/http_server.c.obj
                0x10011924                http_server_process
 .text.handle_control_request
                0x10011e28      0x290 CMakeFiles/ENERGIS_RTOS.dir/src/web_handlers/control_handler.c.obj
                0x10011e28                handle_control_request
 .text.handle_settings_request
                0x100120b8       0xd4 CMakeFiles/ENERGIS_RTOS.dir/src/web_handlers/settings_handler.c.obj
                0x100120b8                handle_settings_request
 .text.handle_settings_api
                0x1001218c      0x2d8 CMakeFiles/ENERGIS_RTOS.dir/src/web_handlers/settings_handler.c.obj
                0x1001218c                handle_settings_api
 .text.handle_settings_post
                0x10012464      0x320 CMakeFiles/ENERGIS_RTOS.dir/src/web_handlers/settings_handler.c.obj
                0x10012464                handle_settings_post
 .text.handle_status_request
                0x10012784      0x4d8 CMakeFiles/ENERGIS_RTOS.dir/src/web_handlers/status_handler.c.obj
                0x10012784                handle_status_request
 .text.get_page_content
                0x10012c5c       0x6c CMakeFiles/ENERGIS_RTOS.dir/src/web_handlers/page_content.c.obj
                0x10012c5c                get_page_content
 .text.get_page_length
                0x10012cc8       0xbc CMakeFiles/ENERGIS_RTOS.dir/src/web_handlers/page_content.c.obj
                0x10012cc8                get_page_length
 .text.handle_metrics_request
                0x10012d84      0x870 CMakeFiles/ENERGIS_RTOS.dir/src/web_handlers/metrics_handler.c.obj
                0x10012d84                handle_metrics_request
 .text.handle_config_presets_get
                0x100135f4      0x328 CMakeFiles/ENERGIS_RTOS.dir/src/web_handlers/preset_handler.c.obj
                0x100135f4                handle_config_presets_get
 .text.handle_config_presets_post
                0x1001391c      0x1c4 CMakeFiles/ENERGIS_RTOS.dir/src/web_handlers/preset_handler.c.obj
                0x1001391c                handle_config_presets_post
 .text.handle_apply_config_post
                0x10013ae0       0xc0 CMakeFiles/ENERGIS_RTOS.dir/src/web_handlers/preset_handler.c.obj
                0x10013ae0                handle_apply_config_post
 .text.handle_startup_config_post
                0x10013ba0      0x138 CMakeFiles/ENERGIS_RTOS.dir/src/web_handlers/preset_handler.c.obj
                0x10013ba0                handle_startup_config_post
 .text.auth_init
                0x10013cd8       0x68 CMakeFiles/ENERGIS_RTOS.dir/src/web_handlers/auth.c.obj
                0x10013cd8                auth_init
 .text.auth_is_enabled
                0x10013d40       0x10 CMakeFiles/ENERGIS_RTOS.dir/src/web_handlers/auth.c.obj
                0x10013d40                auth_is_enabled
 .text.auth_check_request
                0x10013d50       0xe8 CMakeFiles/ENERGIS_RTOS.dir/src/web_handlers/auth.c.obj
                0x10013d50                auth_check_request
 .text.auth_login
                0x10013e38      0x100 CMakeFiles/ENERGIS_RTOS.dir/src/web_handlers/auth.c.obj
                0x10013e38                auth_login
 .text.handle_auth_login
                0x10013f38       0x58 CMakeFiles/ENERGIS_RTOS.dir/src/web_handlers/auth.c.obj
                0x10013f38                handle_auth_login
 .text.handle_auth_logout
                0x10013f90       0x44 CMakeFiles/ENERGIS_RTOS.dir/src/web_handlers/auth.c.obj
                0x10013f90                handle_auth_logout
 .text.handle_auth_status
                0x10013fd4       0x74 CMakeFiles/ENERGIS_RTOS.dir/src/web_handlers/auth.c.obj
                0x10013fd4                handle_auth_status
 .text.handle_auth_config
                0x10014048      0x118 CMakeFiles/ENERGIS_RTOS.dir/src/web_handlers/auth.c.obj
                0x10014048                handle_auth_config
 .text.auth_send_login_page
                0x10014160       0x1c CMakeFiles/ENERGIS_RTOS.dir/src/web_handlers/auth.c.obj
                0x10014160                auth_send_login_page
 .text.log_err  0x1001417c       0x40 CMakeFiles/ENERGIS_RTOS.dir/src/wrap_watchdog.c.obj
 .text.__wrap_watchdog_reboot
                0x100141bc       0x1c CMakeFiles/ENERGIS_RTOS.dir/src/wrap_watchdog.c.obj
                0x100141bc                __wrap_watchdog_reboot
 .text.__wrap___assert_func
                0x100141d8       0x3c CMakeFiles/ENERGIS_RTOS.dir/src/wrap_watchdog.c.obj
                0x100141d8                __wrap___assert_func
 .text.__wrap_panic
                0x10014214       0x38 CMakeFiles/ENERGIS_RTOS.dir/src/wrap_watchdog.c.obj
                0x10014214                __wrap_panic
 .text.__wrap_hard_assertion_failure
                0x1001424c       0x10 CMakeFiles/ENERGIS_RTOS.dir/src/wrap_watchdog.c.obj
                0x1001424c                __wrap_hard_assertion_failure
 .text.gpio_set_function
                0x1001425c       0x34 CMakeFiles/ENERGIS_RTOS.dir/C_/Users/sdvid/.pico-sdk/sdk/2.2.0/src/rp2_common/hardware_gpio/gpio.c.obj
                0x1001425c                gpio_set_function
 .text.gpio_set_pulls
                0x10014290       0x28 CMakeFiles/ENERGIS_RTOS.dir/C_/Users/sdvid/.pico-sdk/sdk/2.2.0/src/rp2_common/hardware_gpio/gpio.c.obj
                0x10014290                gpio_set_pulls
 .text.gpio_set_input_enabled
                0x100142b8       0x28 CMakeFiles/ENERGIS_RTOS.dir/C_/Users/sdvid/.pico-sdk/sdk/2.2.0/src/rp2_common/hardware_gpio/gpio.c.obj
                0x100142b8                gpio_set_input_enabled
 .text.gpio_init
                0x100142e0       0x40 CMakeFiles/ENERGIS_RTOS.dir/C_/Users/sdvid/.pico-sdk/sdk/2.2.0/src/rp2_common/hardware_gpio/gpio.c.obj
                0x100142e0                gpio_init
 .text.rp2040_chip_version
                0x10014320        0xc CMakeFiles/ENERGIS_RTOS.dir/C_/Users/sdvid/.pico-sdk/sdk/2.2.0/src/rp2040/pico_platform/platform.c.obj
                0x10014320                rp2040_chip_version
 .text.panic    0x1001432c       0x30 CMakeFiles/ENERGIS_RTOS.dir/C_/Users/sdvid/.pico-sdk/sdk/2.2.0/src/rp2_common/pico_platform_panic/panic.c.obj
                0x1001432c                panic
 .text.panic_unsupported
                0x1001435c        0xc CMakeFiles/ENERGIS_RTOS.dir/C_/Users/sdvid/.pico-sdk/sdk/2.2.0/src/rp2_common/pico_platform_panic/panic.c.obj
                0x1001435c                panic_unsupported
 .text.hw_claim_or_assert
                0x10014368       0x44 CMakeFiles/ENERGIS_RTOS.dir/C_/Users/sdvid/.pico-sdk/sdk/2.2.0/src/common/hardware_claim/claim.c.obj
                0x10014368                hw_claim_or_assert
 .text.hw_claim_unused_from_range
                0x100143ac       0x88 CMakeFiles/ENERGIS_RTOS.dir/C_/Users/sdvid/.pico-sdk/sdk/2.2.0/src/common/hardware_claim/claim.c.obj
                0x100143ac                hw_claim_unused_from_range
 .text.next_striped_spin_lock_num
                0x10014434       0x18 CMakeFiles/ENERGIS_RTOS.dir/C_/Users/sdvid/.pico-sdk/sdk/2.2.0/src/rp2_common/hardware_sync/sync.c.obj
                0x10014434                next_striped_spin_lock_num
 .text.spin_lock_claim_unused
                0x1001444c       0x24 CMakeFiles/ENERGIS_RTOS.dir/C_/Users/sdvid/.pico-sdk/sdk/2.2.0/src/rp2_common/hardware_sync/sync.c.obj
                0x1001444c                spin_lock_claim_unused
 .text.spin_locks_reset
                0x10014470       0x1c CMakeFiles/ENERGIS_RTOS.dir/C_/Users/sdvid/.pico-sdk/sdk/2.2.0/src/rp2_common/hardware_sync_spin_lock/sync_spin_lock.c.obj
                0x10014470                spin_locks_reset
 .text.runtime_init_per_core_irq_priorities
                0x1001448c       0x24 CMakeFiles/ENERGIS_RTOS.dir/C_/Users/sdvid/.pico-sdk/sdk/2.2.0/src/rp2_common/hardware_irq/irq.c.obj
                0x1001448c                runtime_init_per_core_irq_priorities
 .text.irq_set_enabled
                0x100144b0       0x24 CMakeFiles/ENERGIS_RTOS.dir/C_/Users/sdvid/.pico-sdk/sdk/2.2.0/src/rp2_common/hardware_irq/irq.c.obj
                0x100144b0                irq_set_enabled
 .text.irq_is_enabled
                0x100144d4       0x18 CMakeFiles/ENERGIS_RTOS.dir/C_/Users/sdvid/.pico-sdk/sdk/2.2.0/src/rp2_common/hardware_irq/irq.c.obj
                0x100144d4                irq_is_enabled
 .text.irq_set_pending
                0x100144ec       0x10 CMakeFiles/ENERGIS_RTOS.dir/C_/Users/sdvid/.pico-sdk/sdk/2.2.0/src/rp2_common/hardware_irq/irq.c.obj
                0x100144ec                irq_set_pending
 .text.irq_has_shared_handler
                0x100144fc       0x24 CMakeFiles/ENERGIS_RTOS.dir/C_/Users/sdvid/.pico-sdk/sdk/2.2.0/src/rp2_common/hardware_irq/irq.c.obj
                0x100144fc                irq_has_shared_handler
 .text.irq_set_exclusive_handler
                0x10014520       0x54 CMakeFiles/ENERGIS_RTOS.dir/C_/Users/sdvid/.pico-sdk/sdk/2.2.0/src/rp2_common/hardware_irq/irq.c.obj
                0x10014520                irq_set_exclusive_handler
 .text.irq_add_shared_handler
                0x10014574      0x1f4 CMakeFiles/ENERGIS_RTOS.dir/C_/Users/sdvid/.pico-sdk/sdk/2.2.0/src/rp2_common/hardware_irq/irq.c.obj
                0x10014574                irq_add_shared_handler
 .text.irq_set_priority
                0x10014768       0x28 CMakeFiles/ENERGIS_RTOS.dir/C_/Users/sdvid/.pico-sdk/sdk/2.2.0/src/rp2_common/hardware_irq/irq.c.obj
                0x10014768                irq_set_priority
 .text.irq_add_tail_to_free_list
                0x10014790       0xb4 CMakeFiles/ENERGIS_RTOS.dir/C_/Users/sdvid/.pico-sdk/sdk/2.2.0/src/rp2_common/hardware_irq/irq.c.obj
                0x10014790                irq_add_tail_to_free_list
 .text.user_irq_claim_unused
                0x10014844       0x2c CMakeFiles/ENERGIS_RTOS.dir/C_/Users/sdvid/.pico-sdk/sdk/2.2.0/src/rp2_common/hardware_irq/irq.c.obj
                0x10014844                user_irq_claim_unused
 .text.lock_init
                0x10014870       0x10 CMakeFiles/ENERGIS_RTOS.dir/C_/Users/sdvid/.pico-sdk/sdk/2.2.0/src/common/pico_sync/lock_core.c.obj
                0x10014870                lock_init
 .text.runtime_init_mutex
                0x10014880       0x50 CMakeFiles/ENERGIS_RTOS.dir/C_/Users/sdvid/.pico-sdk/sdk/2.2.0/src/common/pico_sync/mutex.c.obj
                0x10014880                runtime_init_mutex
 .text.mutex_init
                0x100148d0       0x1c CMakeFiles/ENERGIS_RTOS.dir/C_/Users/sdvid/.pico-sdk/sdk/2.2.0/src/common/pico_sync/mutex.c.obj
                0x100148d0                mutex_init
 .text.critical_section_init
                0x100148ec       0x1c CMakeFiles/ENERGIS_RTOS.dir/C_/Users/sdvid/.pico-sdk/sdk/2.2.0/src/common/pico_sync/critical_section.c.obj
                0x100148ec                critical_section_init
 .text.critical_section_init_with_lock_num
                0x10014908       0x14 CMakeFiles/ENERGIS_RTOS.dir/C_/Users/sdvid/.pico-sdk/sdk/2.2.0/src/common/pico_sync/critical_section.c.obj
                0x10014908                critical_section_init_with_lock_num
 .text.sleep_until_callback
                0x1001491c       0x30 CMakeFiles/ENERGIS_RTOS.dir/C_/Users/sdvid/.pico-sdk/sdk/2.2.0/src/common/pico_time/time.c.obj
 .text.alarm_pool_irq_handler
                0x1001494c      0x300 CMakeFiles/ENERGIS_RTOS.dir/C_/Users/sdvid/.pico-sdk/sdk/2.2.0/src/common/pico_time/time.c.obj
 .text.runtime_init_default_alarm_pool
                0x10014c4c       0xdc CMakeFiles/ENERGIS_RTOS.dir/C_/Users/sdvid/.pico-sdk/sdk/2.2.0/src/common/pico_time/time.c.obj
                0x10014c4c                runtime_init_default_alarm_pool
 .text.alarm_pool_get_default
                0x10014d28        0x8 CMakeFiles/ENERGIS_RTOS.dir/C_/Users/sdvid/.pico-sdk/sdk/2.2.0/src/common/pico_time/time.c.obj
                0x10014d28                alarm_pool_get_default
 .text.alarm_pool_add_alarm_at
                0x10014d30       0xd0 CMakeFiles/ENERGIS_RTOS.dir/C_/Users/sdvid/.pico-sdk/sdk/2.2.0/src/common/pico_time/time.c.obj
                0x10014d30                alarm_pool_add_alarm_at
 .text.alarm_pool_add_alarm_at_force_in_context
                0x10014e00       0xb0 CMakeFiles/ENERGIS_RTOS.dir/C_/Users/sdvid/.pico-sdk/sdk/2.2.0/src/common/pico_time/time.c.obj
                0x10014e00                alarm_pool_add_alarm_at_force_in_context
 .text.alarm_pool_cancel_alarm
                0x10014eb0       0x74 CMakeFiles/ENERGIS_RTOS.dir/C_/Users/sdvid/.pico-sdk/sdk/2.2.0/src/common/pico_time/time.c.obj
                0x10014eb0                alarm_pool_cancel_alarm
 .text.alarm_pool_core_num
                0x10014f24        0x4 CMakeFiles/ENERGIS_RTOS.dir/C_/Users/sdvid/.pico-sdk/sdk/2.2.0/src/common/pico_time/time.c.obj
                0x10014f24                alarm_pool_core_num
 .text.sleep_ms
                0x10014f28       0xfc CMakeFiles/ENERGIS_RTOS.dir/C_/Users/sdvid/.pico-sdk/sdk/2.2.0/src/common/pico_time/time.c.obj
                0x10014f28                sleep_ms
 .text.best_effort_wfe_or_timeout
                0x10015024      0x10c CMakeFiles/ENERGIS_RTOS.dir/C_/Users/sdvid/.pico-sdk/sdk/2.2.0/src/common/pico_time/time.c.obj
                0x10015024                best_effort_wfe_or_timeout
 .text.check_single_timeout_us
                0x10015130       0x24 CMakeFiles/ENERGIS_RTOS.dir/C_/Users/sdvid/.pico-sdk/sdk/2.2.0/src/common/pico_time/timeout_helper.c.obj
 .text.init_single_timeout_until
                0x10015154        0xc CMakeFiles/ENERGIS_RTOS.dir/C_/Users/sdvid/.pico-sdk/sdk/2.2.0/src/common/pico_time/timeout_helper.c.obj
                0x10015154                init_single_timeout_until
 .text.timer_hardware_alarm_claim
                0x10015160       0x14 CMakeFiles/ENERGIS_RTOS.dir/C_/Users/sdvid/.pico-sdk/sdk/2.2.0/src/rp2_common/hardware_timer/timer.c.obj
                0x10015160                timer_hardware_alarm_claim
 .text.timer_time_us_64
                0x10015174       0x10 CMakeFiles/ENERGIS_RTOS.dir/C_/Users/sdvid/.pico-sdk/sdk/2.2.0/src/rp2_common/hardware_timer/timer.c.obj
                0x10015174                timer_time_us_64
 .text.time_us_64
                0x10015184       0x14 CMakeFiles/ENERGIS_RTOS.dir/C_/Users/sdvid/.pico-sdk/sdk/2.2.0/src/rp2_common/hardware_timer/timer.c.obj
                0x10015184                time_us_64
 .text.busy_wait_us
                0x10015198       0x68 CMakeFiles/ENERGIS_RTOS.dir/C_/Users/sdvid/.pico-sdk/sdk/2.2.0/src/rp2_common/hardware_timer/timer.c.obj
                0x10015198                busy_wait_us
 .text.busy_wait_ms
                0x10015200       0x9c CMakeFiles/ENERGIS_RTOS.dir/C_/Users/sdvid/.pico-sdk/sdk/2.2.0/src/rp2_common/hardware_timer/timer.c.obj
                0x10015200                busy_wait_ms
 .text.busy_wait_until
                0x1001529c       0x20 CMakeFiles/ENERGIS_RTOS.dir/C_/Users/sdvid/.pico-sdk/sdk/2.2.0/src/rp2_common/hardware_timer/timer.c.obj
                0x1001529c                busy_wait_until
 .text.uart_init
                0x100152bc      0x120 CMakeFiles/ENERGIS_RTOS.dir/C_/Users/sdvid/.pico-sdk/sdk/2.2.0/src/rp2_common/hardware_uart/uart.c.obj
                0x100152bc                uart_init
 .text.uart_set_format
                0x100153dc       0x78 CMakeFiles/ENERGIS_RTOS.dir/C_/Users/sdvid/.pico-sdk/sdk/2.2.0/src/rp2_common/hardware_uart/uart.c.obj
                0x100153dc                uart_set_format
 .text.clock_configure
                0x10015454      0x140 CMakeFiles/ENERGIS_RTOS.dir/C_/Users/sdvid/.pico-sdk/sdk/2.2.0/src/rp2_common/hardware_clocks/clocks.c.obj
                0x10015454                clock_configure
 .text.clock_configure_int_divider
                0x10015594       0xf4 CMakeFiles/ENERGIS_RTOS.dir/C_/Users/sdvid/.pico-sdk/sdk/2.2.0/src/rp2_common/hardware_clocks/clocks.c.obj
                0x10015594                clock_configure_int_divider
 .text.clock_configure_undivided
                0x10015688       0xe8 CMakeFiles/ENERGIS_RTOS.dir/C_/Users/sdvid/.pico-sdk/sdk/2.2.0/src/rp2_common/hardware_clocks/clocks.c.obj
                0x10015688                clock_configure_undivided
 .text.clock_get_hz
                0x10015770        0xc CMakeFiles/ENERGIS_RTOS.dir/C_/Users/sdvid/.pico-sdk/sdk/2.2.0/src/rp2_common/hardware_clocks/clocks.c.obj
                0x10015770                clock_get_hz
 .text.set_sys_clock_pll
                0x1001577c      0x1b8 CMakeFiles/ENERGIS_RTOS.dir/C_/Users/sdvid/.pico-sdk/sdk/2.2.0/src/rp2_common/hardware_clocks/clocks.c.obj
                0x1001577c                set_sys_clock_pll
 .text.check_sys_clock_khz
                0x10015934      0x26c CMakeFiles/ENERGIS_RTOS.dir/C_/Users/sdvid/.pico-sdk/sdk/2.2.0/src/rp2_common/hardware_clocks/clocks.c.obj
                0x10015934                check_sys_clock_khz
 .text.pll_init
                0x10015ba0       0xa4 CMakeFiles/ENERGIS_RTOS.dir/C_/Users/sdvid/.pico-sdk/sdk/2.2.0/src/rp2_common/hardware_pll/pll.c.obj
                0x10015ba0                pll_init
 .text.watchdog_update
                0x10015c44       0x14 CMakeFiles/ENERGIS_RTOS.dir/C_/Users/sdvid/.pico-sdk/sdk/2.2.0/src/rp2_common/hardware_watchdog/watchdog.c.obj
                0x10015c44                watchdog_update
 .text.watchdog_enable
                0x10015c58       0x88 CMakeFiles/ENERGIS_RTOS.dir/C_/Users/sdvid/.pico-sdk/sdk/2.2.0/src/rp2_common/hardware_watchdog/watchdog.c.obj
                0x10015c58                watchdog_enable
 .text.watchdog_caused_reboot
                0x10015ce0       0x10 CMakeFiles/ENERGIS_RTOS.dir/C_/Users/sdvid/.pico-sdk/sdk/2.2.0/src/rp2_common/hardware_watchdog/watchdog.c.obj
                0x10015ce0                watchdog_caused_reboot
 .text.tick_start
                0x10015cf0       0x10 CMakeFiles/ENERGIS_RTOS.dir/C_/Users/sdvid/.pico-sdk/sdk/2.2.0/src/rp2_common/hardware_ticks/ticks.c.obj
                0x10015cf0                tick_start
 .text.rom_func_lookup
                0x10015d00       0x10 CMakeFiles/ENERGIS_RTOS.dir/C_/Users/sdvid/.pico-sdk/sdk/2.2.0/src/rp2_common/pico_bootrom/bootrom.c.obj
                0x10015d00                rom_func_lookup
 .text.rom_data_lookup
                0x10015d10       0x10 CMakeFiles/ENERGIS_RTOS.dir/C_/Users/sdvid/.pico-sdk/sdk/2.2.0/src/rp2_common/pico_bootrom/bootrom.c.obj
                0x10015d10                rom_data_lookup
 .text.rom_funcs_lookup
                0x10015d20       0x44 CMakeFiles/ENERGIS_RTOS.dir/C_/Users/sdvid/.pico-sdk/sdk/2.2.0/src/rp2_common/pico_bootrom/bootrom.c.obj
                0x10015d20                rom_funcs_lookup
 .text.rom_reset_usb_boot
                0x10015d64       0x1c CMakeFiles/ENERGIS_RTOS.dir/C_/Users/sdvid/.pico-sdk/sdk/2.2.0/src/rp2_common/pico_bootrom/bootrom.c.obj
                0x10015d64                rom_reset_usb_boot
 .text.rom_reset_usb_boot_extra
                0x10015d80       0x24 CMakeFiles/ENERGIS_RTOS.dir/C_/Users/sdvid/.pico-sdk/sdk/2.2.0/src/rp2_common/pico_bootrom/bootrom.c.obj
                0x10015d80                rom_reset_usb_boot_extra
 .text.xosc_init
                0x10015da4       0x28 CMakeFiles/ENERGIS_RTOS.dir/C_/Users/sdvid/.pico-sdk/sdk/2.2.0/src/rp2_common/hardware_xosc/xosc.c.obj
                0x10015da4                xosc_init
 .text.first_per_core_initializer
                0x10015dcc        0x4 CMakeFiles/ENERGIS_RTOS.dir/C_/Users/sdvid/.pico-sdk/sdk/2.2.0/src/rp2_common/pico_runtime/runtime.c.obj
 .text.runtime_run_initializers
                0x10015dd0       0x28 CMakeFiles/ENERGIS_RTOS.dir/C_/Users/sdvid/.pico-sdk/sdk/2.2.0/src/rp2_common/pico_runtime/runtime.c.obj
                0x10015dd0                runtime_run_initializers
 .text.runtime_init_early_resets
                0x10015df8       0x2c CMakeFiles/ENERGIS_RTOS.dir/C_/Users/sdvid/.pico-sdk/sdk/2.2.0/src/rp2_common/pico_runtime_init/runtime_init.c.obj
                0x10015df8                runtime_init_early_resets
 .text.runtime_init_usb_power_down
                0x10015e24       0x1c CMakeFiles/ENERGIS_RTOS.dir/C_/Users/sdvid/.pico-sdk/sdk/2.2.0/src/rp2_common/pico_runtime_init/runtime_init.c.obj
                0x10015e24                runtime_init_usb_power_down
 .text.runtime_init_post_clock_resets
                0x10015e40       0x20 CMakeFiles/ENERGIS_RTOS.dir/C_/Users/sdvid/.pico-sdk/sdk/2.2.0/src/rp2_common/pico_runtime_init/runtime_init.c.obj
                0x10015e40                runtime_init_post_clock_resets
 .text.runtime_init_rp2040_gpio_ie_disable
                0x10015e60       0x14 CMakeFiles/ENERGIS_RTOS.dir/C_/Users/sdvid/.pico-sdk/sdk/2.2.0/src/rp2_common/pico_runtime_init/runtime_init.c.obj
                0x10015e60                runtime_init_rp2040_gpio_ie_disable
 .text.runtime_init_spin_locks_reset
                0x10015e74        0x8 CMakeFiles/ENERGIS_RTOS.dir/C_/Users/sdvid/.pico-sdk/sdk/2.2.0/src/rp2_common/pico_runtime_init/runtime_init.c.obj
                0x10015e74                runtime_init_spin_locks_reset
 .text.runtime_init_install_ram_vector_table
                0x10015e7c       0xb4 CMakeFiles/ENERGIS_RTOS.dir/C_/Users/sdvid/.pico-sdk/sdk/2.2.0/src/rp2_common/pico_runtime_init/runtime_init.c.obj
                0x10015e7c                runtime_init_install_ram_vector_table
 .text.runtime_init_clocks
                0x10015f30       0xd8 CMakeFiles/ENERGIS_RTOS.dir/C_/Users/sdvid/.pico-sdk/sdk/2.2.0/src/rp2_common/pico_runtime_init/runtime_init_clocks.c.obj
                0x10015f30                runtime_init_clocks
 .text          0x10016008       0x10 CMakeFiles/ENERGIS_RTOS.dir/C_/Users/sdvid/.pico-sdk/sdk/2.2.0/src/rp2_common/pico_bit_ops/bit_ops_aeabi.S.obj
 .text.__wrap___aeabi_idiv
                0x10016018       0x50 CMakeFiles/ENERGIS_RTOS.dir/C_/Users/sdvid/.pico-sdk/sdk/2.2.0/src/rp2_common/pico_divider/divider_hardware.S.obj
                0x10016018                __wrap___aeabi_idivmod
                0x10016018                divmod_s32s32
                0x10016018                div_s32s32
                0x10016018                __wrap___aeabi_idiv
                0x10016020                divmod_s32s32_unsafe
                0x1001604c                divmod_s32s32_savestate
 .text.__wrap___aeabi_uidiv
                0x10016068       0x4c CMakeFiles/ENERGIS_RTOS.dir/C_/Users/sdvid/.pico-sdk/sdk/2.2.0/src/rp2_common/pico_divider/divider_hardware.S.obj
                0x10016068                __wrap___aeabi_uidiv
                0x10016068                __wrap___aeabi_uidivmod
                0x10016068                div_u32u32
                0x10016068                divmod_u32u32
                0x10016070                divmod_u32u32_unsafe
                0x10016098                divmod_u32u32_savestate
 .text.__wrap___aeabi_ldiv
                0x100160b4      0x424 CMakeFiles/ENERGIS_RTOS.dir/C_/Users/sdvid/.pico-sdk/sdk/2.2.0/src/rp2_common/pico_divider/divider_hardware.S.obj
                0x100160b4                div_s64s64
                0x100160b4                divmod_s64s64
                0x100160b4                __wrap___aeabi_ldivmod
                0x100160e4                divmod_u64u64
                0x100160e4                div_u64u64
                0x100160e4                __wrap___aeabi_uldivmod
                0x100160f4                divmod_u64u64_savestate
                0x10016114                divmod_s64s64_unsafe