Archive member included to satisfy reference by file (symbol)

freertos_kernel/libfreertos_kernel.a(port.c.obj)
                              CMakeFiles/ENERGIS_RTOS.dir/src/tasks/NetTask.c.obj (vPortYield)
freertos_kernel/libfreertos_kernel.a(exception.c.obj)
                              freertos_kernel/libfreertos_kernel.a(port.c.obj) (exception_set_exclusive_handler)
freertos_kernel/libfreertos_kernel.a(event_groups.c.obj)
                              CMakeFiles/ENERGIS_RTOS.dir/src/tasks/StorageTask.c.obj (xEventGroupCreate)
freertos_kernel/libfreertos_kernel.a(list.c.obj)
                              freertos_kernel/libfreertos_kernel.a(event_groups.c.obj) (vListInitialise)
freertos_kernel/libfreertos_kernel.a(queue.c.obj)
                              CMakeFiles/ENERGIS_RTOS.dir/src/drivers/i2c_bus.c.obj (xQueueGenericCreate)
freertos_kernel/libfreertos_kernel.a(tasks.c.obj)
                              CMakeFiles/ENERGIS_RTOS.dir/src/drivers/i2c_bus.c.obj (xTaskCreate)
freertos_kernel/libfreertos_kernel.a(timers.c.obj)
                              freertos_kernel/libfreertos_kernel.a(tasks.c.obj) (xTimerCreateTimerTask)
freertos_kernel/libfreertos_kernel.a(heap_4.c.obj)
                              CMakeFiles/ENERGIS_RTOS.dir/src/drivers/i2c_bus.c.obj (pvPortMalloc)
C:/Users/sdvid/.pico-sdk/toolchain/14_2_Rel1/bin/../lib/gcc/arm-none-eabi/14.2.1/thumb/v6-m/nofp\libgcc.a(_dvmd_tls.o)
                              CMakeFiles/ENERGIS_RTOS.dir/C_/Users/sdvid/.pico-sdk/sdk/2.2.0/src/rp2_common/pico_divider/divider_hardware.S.obj (__aeabi_idiv0)
C:/Users/sdvid/.pico-sdk/toolchain/14_2_Rel1/bin/../lib/gcc/arm-none-eabi/14.2.1/thumb/v6-m/nofp\libg.a(libc_a-atof.o)
                              CMakeFiles/ENERGIS_RTOS.dir/src/tasks/ConsoleTask.c.obj (atof)
C:/Users/sdvid/.pico-sdk/toolchain/14_2_Rel1/bin/../lib/gcc/arm-none-eabi/14.2.1/thumb/v6-m/nofp\libg.a(libc_a-atoi.o)
                              CMakeFiles/ENERGIS_RTOS.dir/src/tasks/ConsoleTask.c.obj (atoi)
C:/Users/sdvid/.pico-sdk/toolchain/14_2_Rel1/bin/../lib/gcc/arm-none-eabi/14.2.1/thumb/v6-m/nofp\libg.a(libc_a-calloc.o)
                              CMakeFiles/ENERGIS_RTOS.dir/C_/Users/sdvid/.pico-sdk/sdk/2.2.0/src/rp2_common/pico_malloc/malloc.c.obj (calloc)
C:/Users/sdvid/.pico-sdk/toolchain/14_2_Rel1/bin/../lib/gcc/arm-none-eabi/14.2.1/thumb/v6-m/nofp\libg.a(libc_a-callocr.o)
                              C:/Users/sdvid/.pico-sdk/toolchain/14_2_Rel1/bin/../lib/gcc/arm-none-eabi/14.2.1/thumb/v6-m/nofp\libg.a(libc_a-calloc.o) (_calloc_r)
C:/Users/sdvid/.pico-sdk/toolchain/14_2_Rel1/bin/../lib/gcc/arm-none-eabi/14.2.1/thumb/v6-m/nofp\libg.a(libc_a-malloc.o)
                              CMakeFiles/ENERGIS_RTOS.dir/C_/Users/sdvid/.pico-sdk/sdk/2.2.0/src/rp2_common/pico_malloc/malloc.c.obj (malloc)
C:/Users/sdvid/.pico-sdk/toolchain/14_2_Rel1/bin/../lib/gcc/arm-none-eabi/14.2.1/thumb/v6-m/nofp\libg.a(libc_a-mallocr.o)
                              C:/Users/sdvid/.pico-sdk/toolchain/14_2_Rel1/bin/../lib/gcc/arm-none-eabi/14.2.1/thumb/v6-m/nofp\libg.a(libc_a-callocr.o) (_malloc_r)
C:/Users/sdvid/.pico-sdk/toolchain/14_2_Rel1/bin/../lib/gcc/arm-none-eabi/14.2.1/thumb/v6-m/nofp\libg.a(libc_a-mlock.o)
                              C:/Users/sdvid/.pico-sdk/toolchain/14_2_Rel1/bin/../lib/gcc/arm-none-eabi/14.2.1/thumb/v6-m/nofp\libg.a(libc_a-mallocr.o) (__malloc_lock)
C:/Users/sdvid/.pico-sdk/toolchain/14_2_Rel1/bin/../lib/gcc/arm-none-eabi/14.2.1/thumb/v6-m/nofp\libg.a(libc_a-realloc.o)
                              CMakeFiles/ENERGIS_RTOS.dir/C_/Users/sdvid/.pico-sdk/sdk/2.2.0/src/rp2_common/pico_malloc/malloc.c.obj (realloc)
C:/Users/sdvid/.pico-sdk/toolchain/14_2_Rel1/bin/../lib/gcc/arm-none-eabi/14.2.1/thumb/v6-m/nofp\libg.a(libc_a-reallocr.o)
                              C:/Users/sdvid/.pico-sdk/toolchain/14_2_Rel1/bin/../lib/gcc/arm-none-eabi/14.2.1/thumb/v6-m/nofp\libg.a(libc_a-realloc.o) (_realloc_r)
C:/Users/sdvid/.pico-sdk/toolchain/14_2_Rel1/bin/../lib/gcc/arm-none-eabi/14.2.1/thumb/v6-m/nofp\libg.a(libc_a-strtod.o)
                              C:/Users/sdvid/.pico-sdk/toolchain/14_2_Rel1/bin/../lib/gcc/arm-none-eabi/14.2.1/thumb/v6-m/nofp\libg.a(libc_a-atof.o) (strtod)
C:/Users/sdvid/.pico-sdk/toolchain/14_2_Rel1/bin/../lib/gcc/arm-none-eabi/14.2.1/thumb/v6-m/nofp\libg.a(libc_a-strtol.o)
                              C:/Users/sdvid/.pico-sdk/toolchain/14_2_Rel1/bin/../lib/gcc/arm-none-eabi/14.2.1/thumb/v6-m/nofp\libg.a(libc_a-atoi.o) (_strtol_r)
C:/Users/sdvid/.pico-sdk/toolchain/14_2_Rel1/bin/../lib/gcc/arm-none-eabi/14.2.1/thumb/v6-m/nofp\libg.a(libc_a-strtoul.o)
                              CMakeFiles/ENERGIS_RTOS.dir/src/web_handlers/preset_handler.c.obj (strtoul)
C:/Users/sdvid/.pico-sdk/toolchain/14_2_Rel1/bin/../lib/gcc/arm-none-eabi/14.2.1/thumb/v6-m/nofp\libg.a(libc_a-ctype_.o)
                              CMakeFiles/ENERGIS_RTOS.dir/src/drivers/snmp.c.obj (_ctype_)
[...]
Memory Configuration

Name             Origin             Length             Attributes
FLASH            0x10000000         0x00200000         xr
RAM              0x20000000         0x00040000         xrw
SCRATCH_X        0x20040000         0x00001000         xrw
SCRATCH_Y        0x20041000         0x00001000         xrw
*default*        0x00000000         0xffffffff

Linker script and memory map

LOAD C:/Users/sdvid/.pico-sdk/toolchain/14_2_Rel1/bin/../lib/gcc/arm-none-eabi/14.2.1/thumb/v6-m/nofp/crti.o
LOAD C:/Users/sdvid/.pico-sdk/toolchain/14_2_Rel1/bin/../lib/gcc/arm-none-eabi/14.2.1/thumb/v6-m/nofp/crtbegin.o
LOAD C:/Users/sdvid/.pico-sdk/toolchain/14_2_Rel1/bin/../lib/gcc/arm-none-eabi/14.2.1/thumb/v6-m/nofp/crt0.o

.flash_begin    0x10000000        0x0
                0x10000000                        __flash_binary_start = .

.boot2          0x10000000      0x100
                0x10000000                        __boot2_start__ = .
 *(.boot2)
 .boot2         0x10000000      0x100 pico-sdk/src/rp2040/boot_stage2/CMakeFiles/bs2_default_library.dir/./bs2_default_padded_checksummed.S.obj
                0x10000100                        __boot2_end__ = .
                0x00000001                        ASSERT (((__boot2_end__ - __boot2_start__) == 0x100), ERROR: Pico second stage bootloader must be 256 bytes in size)

.text           0x10000100    0x23468
                0x10000100                        __logical_binary_start = .
 *(.vectors)
 .vectors       0x10000100       0xd4 CMakeFiles/ENERGIS_RTOS.dir/C_/Users/sdvid/.pico-sdk/sdk/2.2.0/src/rp2_common/pico_crt0/crt0.S.obj
                0x10000100                __VECTOR_TABLE
                0x10000100                __vectors
                0x100001c0                isr_irq13
                0x100001c0                isr_irq27
                0x100001c0                isr_irq31
                0x100001c0                isr_irq5
                0x100001c0                isr_irq11
                0x100001c0                isr_irq12
                0x100001c0                isr_irq23
                0x100001c0                __unhandled_user_irq
                0x100001c0                isr_irq3
                0x100001c0                isr_irq28
                0x100001c0                isr_irq19
                0x100001c0                isr_irq0
                0x100001c0                isr_irq6
                0x100001c0                isr_irq26
                0x100001c0                isr_irq29
                0x100001c0                isr_irq22
                0x100001c0                isr_irq18
                0x100001c0                isr_irq17
                0x100001c0                isr_irq14
                0x100001c0                __vectors_end
                0x100001c0                __default_isrs_start
                0x100001c0                isr_irq2
                0x100001c0                isr_irq10
                0x100001c0                isr_irq8
                0x100001c0                isr_irq24
                0x100001c0                isr_irq1
                0x100001c0                isr_irq7
                0x100001c0                isr_irq21
                0x100001c0                isr_irq20
                0x100001c0                isr_irq15
                0x100001c0                isr_irq25
                0x100001c0                isr_irq30
                0x100001c0                isr_irq4
                0x100001c0                isr_irq16
                0x100001c0                isr_irq9
                0x100001c6                unhandled_user_irq_num_in_r0
                0x100001c8                isr_invalid
                0x100001ca                isr_nmi
                0x100001cc                isr_hardfault
                0x100001d4                __default_isrs_end
 *(.binary_info_header)
 .binary_info_header
                0x100001d4       0x14 CMakeFiles/ENERGIS_RTOS.dir/C_/Users/sdvid/.pico-sdk/sdk/2.2.0/src/rp2_common/pico_crt0/crt0.S.obj
                0x100001e8                        __binary_info_header_end = .
 *(.embedded_block)
                0x100001e8                        __embedded_block_end = .
 *(.reset)
 .reset         0x100001e8       0x9c CMakeFiles/ENERGIS_RTOS.dir/C_/Users/sdvid/.pico-sdk/sdk/2.2.0/src/rp2_common/pico_crt0/crt0.S.obj
                0x100001e8                _entry_point
 *(.init)
 .init          0x10000284        0x4 C:/Users/sdvid/.pico-sdk/toolchain/14_2_Rel1/bin/../lib/gcc/arm-none-eabi/14.2.1/thumb/v6-m/nofp/crti.o
                0x10000284                _init
 *(EXCLUDE_FILE(*libm.a: *libc.a:*lib_a-mem*.o *libgcc.a:) .text*)
 .text.register_tm_clones
                0x10000288       0x28 C:/Users/sdvid/.pico-sdk/toolchain/14_2_Rel1/bin/../lib/gcc/arm-none-eabi/14.2.1/thumb/v6-m/nofp/crtbegin.o
 .text.frame_dummy
                0x100002b0       0x24 C:/Users/sdvid/.pico-sdk/toolchain/14_2_Rel1/bin/../lib/gcc/arm-none-eabi/14.2.1/thumb/v6-m/nofp/crtbegin.o
 .text.set_sys_clock_khz
                0x100002d4       0x3c CMakeFiles/ENERGIS_RTOS.dir/src/ENERGIS_RTOS.c.obj
 .text.main     0x10000310       0x4c CMakeFiles/ENERGIS_RTOS.dir/src/ENERGIS_RTOS.c.obj
                0x10000310                main
 .text.drv_sel_all_off
                0x1000035c       0x14 CMakeFiles/ENERGIS_RTOS.dir/src/drivers/button_driver.c.obj
 .text.ButtonDrv_InitGPIO
                0x10000370       0x4e CMakeFiles/ENERGIS_RTOS.dir/src/drivers/button_driver.c.obj
                0x10000370                ButtonDrv_InitGPIO
 .text.ButtonDrv_ReadPlus
                0x100003be        0xc CMakeFiles/ENERGIS_RTOS.dir/src/drivers/button_driver.c.obj
                0x100003be                ButtonDrv_ReadPlus
 .text.ButtonDrv_ReadMinus
                0x100003ca        0xc CMakeFiles/ENERGIS_RTOS.dir/src/drivers/button_driver.c.obj
                0x100003ca                ButtonDrv_ReadMinus
 .text.ButtonDrv_ReadSet
                0x100003d6        0xc CMakeFiles/ENERGIS_RTOS.dir/src/drivers/button_driver.c.obj
                0x100003d6                ButtonDrv_ReadSet
 .text.ButtonDrv_SelectAllOff
                0x100003e2        0x8 CMakeFiles/ENERGIS_RTOS.dir/src/drivers/button_driver.c.obj
                0x100003e2                ButtonDrv_SelectAllOff
 *fill*         0x100003ea        0x2 
 .text.ButtonDrv_SelectShow
                0x100003ec       0x44 CMakeFiles/ENERGIS_RTOS.dir/src/drivers/button_driver.c.obj
                0x100003ec                ButtonDrv_SelectShow
 .text.ButtonDrv_SelectLeft
                0x10000430       0x28 CMakeFiles/ENERGIS_RTOS.dir/src/drivers/button_driver.c.obj
                0x10000430                ButtonDrv_SelectLeft
 .text.ButtonDrv_SelectRight
                0x10000458       0x28 CMakeFiles/ENERGIS_RTOS.dir/src/drivers/button_driver.c.obj
                0x10000458                ButtonDrv_SelectRight
 .text.ButtonDrv_DoSetShort
                0x10000480       0x12 CMakeFiles/ENERGIS_RTOS.dir/src/drivers/button_driver.c.obj
                0x10000480                ButtonDrv_DoSetShort
 .text.ButtonDrv_NowMs
                0x10000492       0x20 CMakeFiles/ENERGIS_RTOS.dir/src/drivers/button_driver.c.obj
                0x10000492                ButtonDrv_NowMs
 *fill*         0x100004b2        0x2 
 .text.i2c_read_timeout_us
                0x100004b4       0x54 CMakeFiles/ENERGIS_RTOS.dir/src/drivers/i2c_bus.c.obj
 .text.i2c_write_timeout_us
                0x10000508       0x54 CMakeFiles/ENERGIS_RTOS.dir/src/drivers/i2c_bus.c.obj
 .text.i2c_bus_task
                0x1000055c       0xa4 CMakeFiles/ENERGIS_RTOS.dir/src/drivers/i2c_bus.c.obj
 .text.i2c_bus_submit_simple
                0x10000600       0xb4 CMakeFiles/ENERGIS_RTOS.dir/src/drivers/i2c_bus.c.obj
 .text.i2c_bus_submit_write_read
                0x100006b4       0xa4 CMakeFiles/ENERGIS_RTOS.dir/src/drivers/i2c_bus.c.obj
 .text.I2C_BusInit
                0x10000758       0x64 CMakeFiles/ENERGIS_RTOS.dir/src/drivers/i2c_bus.c.obj
                0x10000758                I2C_BusInit
 .text.i2c_bus_write_timeout_us
                0x100007bc       0x1a CMakeFiles/ENERGIS_RTOS.dir/src/drivers/i2c_bus.c.obj
                0x100007bc                i2c_bus_write_timeout_us
 .text.i2c_bus_read_timeout_us
                0x100007d6       0x1a CMakeFiles/ENERGIS_RTOS.dir/src/drivers/i2c_bus.c.obj
                0x100007d6                i2c_bus_read_timeout_us
 .text.i2c_bus_write_reg8
                0x100007f0       0x50 CMakeFiles/ENERGIS_RTOS.dir/src/drivers/i2c_bus.c.obj
                0x100007f0                i2c_bus_write_reg8
 .text.i2c_bus_read_reg8
                0x10000840       0x58 CMakeFiles/ENERGIS_RTOS.dir/src/drivers/i2c_bus.c.obj
                0x10000840                i2c_bus_read_reg8
 .text.i2c_bus_write_mem16
                0x10000898       0xb4 CMakeFiles/ENERGIS_RTOS.dir/src/drivers/i2c_bus.c.obj
                0x10000898                i2c_bus_write_mem16
 .text.i2c_bus_read_mem16
                0x1000094c       0x64 CMakeFiles/ENERGIS_RTOS.dir/src/drivers/i2c_bus.c.obj
                0x1000094c                i2c_bus_read_mem16
 .text.find_device
                0x100009b0       0x38 CMakeFiles/ENERGIS_RTOS.dir/src/drivers/MCP23017_driver.c.obj
 .text.pulse_reset
                0x100009e8       0x22 CMakeFiles/ENERGIS_RTOS.dir/src/drivers/MCP23017_driver.c.obj
 *fill*         0x10000a0a        0x2 
 .text.mcp_register
                0x10000a0c       0xe0 CMakeFiles/ENERGIS_RTOS.dir/src/drivers/MCP23017_driver.c.obj
                0x10000a0c                mcp_register
 .text.mcp_init
                0x10000aec      0x128 CMakeFiles/ENERGIS_RTOS.dir/src/drivers/MCP23017_driver.c.obj
                0x10000aec                mcp_init
 .text.mcp_recover
                0x10000c14       0xd4 CMakeFiles/ENERGIS_RTOS.dir/src/drivers/MCP23017_driver.c.obj
                0x10000c14                mcp_recover
 .text.mcp_write_pin
                0x10000ce8       0xc0 CMakeFiles/ENERGIS_RTOS.dir/src/drivers/MCP23017_driver.c.obj
                0x10000ce8                mcp_write_pin
 .text.mcp_read_pin
                0x10000da8       0x6c CMakeFiles/ENERGIS_RTOS.dir/src/drivers/MCP23017_driver.c.obj
                0x10000da8                mcp_read_pin
 .text.mcp_write_mask
                0x10000e14       0xa8 CMakeFiles/ENERGIS_RTOS.dir/src/drivers/MCP23017_driver.c.obj
                0x10000e14                mcp_write_mask
 .text.MCP2017_Init
                0x10000ebc       0x90 CMakeFiles/ENERGIS_RTOS.dir/src/drivers/MCP23017_driver.c.obj
                0x10000ebc                MCP2017_Init
 .text.mcp_relay
                0x10000f4c        0xc CMakeFiles/ENERGIS_RTOS.dir/src/drivers/MCP23017_driver.c.obj
                0x10000f4c                mcp_relay
 .text.mcp_display
                0x10000f58        0xc CMakeFiles/ENERGIS_RTOS.dir/src/drivers/MCP23017_driver.c.obj
                0x10000f58                mcp_display
 .text.mcp_selection
                0x10000f64        0xc CMakeFiles/ENERGIS_RTOS.dir/src/drivers/MCP23017_driver.c.obj
                0x10000f64                mcp_selection
 .text.CAT24C256_Init
                0x10000f70       0x38 CMakeFiles/ENERGIS_RTOS.dir/src/drivers/CAT24C256_driver.c.obj
                0x10000f70                CAT24C256_Init
 .text.CAT24C256_WriteBuffer
                0x10000fa8       0x7c CMakeFiles/ENERGIS_RTOS.dir/src/drivers/CAT24C256_driver.c.obj
                0x10000fa8                CAT24C256_WriteBuffer
 .text.CAT24C256_ReadBuffer
                0x10001024       0x54 CMakeFiles/ENERGIS_RTOS.dir/src/drivers/CAT24C256_driver.c.obj
                0x10001024                CAT24C256_ReadBuffer
 .text._w5500_cs_select
                0x10001078        0xc CMakeFiles/ENERGIS_RTOS.dir/src/drivers/ethernet_driver.c.obj
 .text._w5500_cs_deselect
                0x10001084        0xc CMakeFiles/ENERGIS_RTOS.dir/src/drivers/ethernet_driver.c.obj
 .text.w5500_read_reg16
                0x10001090       0x5c CMakeFiles/ENERGIS_RTOS.dir/src/drivers/ethernet_driver.c.obj
 .text._w5500_spi_write
                0x100010ec       0x1c CMakeFiles/ENERGIS_RTOS.dir/src/drivers/ethernet_driver.c.obj
 .text._w5500_spi_read
                0x10001108       0x24 CMakeFiles/ENERGIS_RTOS.dir/src/drivers/ethernet_driver.c.obj
 .text._w5500_cris_exit
                0x1000112c       0x1c CMakeFiles/ENERGIS_RTOS.dir/src/drivers/ethernet_driver.c.obj
 .text._w5500_cris_enter
                0x10001148       0x18 CMakeFiles/ENERGIS_RTOS.dir/src/drivers/ethernet_driver.c.obj
 .text.w5500_read_reg
                0x10001160       0x54 CMakeFiles/ENERGIS_RTOS.dir/src/drivers/ethernet_driver.c.obj
                0x10001160                w5500_read_reg
 .text.w5500_write_reg
                0x100011b4       0x54 CMakeFiles/ENERGIS_RTOS.dir/src/drivers/ethernet_driver.c.obj
                0x100011b4                w5500_write_reg
 .text.w5500_read_buf
                0x10001208       0x64 CMakeFiles/ENERGIS_RTOS.dir/src/drivers/ethernet_driver.c.obj
                0x10001208                w5500_read_buf
 .text.w5500_write_buf
                0x1000126c       0x68 CMakeFiles/ENERGIS_RTOS.dir/src/drivers/ethernet_driver.c.obj
                0x1000126c                w5500_write_buf
 .text.setSn_TX_WR
                0x100012d4       0x26 CMakeFiles/ENERGIS_RTOS.dir/src/drivers/ethernet_driver.c.obj
                0x100012d4                setSn_TX_WR
 .text.setSn_RX_RD
                0x100012fa       0x26 CMakeFiles/ENERGIS_RTOS.dir/src/drivers/ethernet_driver.c.obj
                0x100012fa                setSn_RX_RD
 .text.setSn_PORT
                0x10001320       0x26 CMakeFiles/ENERGIS_RTOS.dir/src/drivers/ethernet_driver.c.obj
                0x10001320                setSn_PORT
 .text.setSn_DPORT
                0x10001346       0x26 CMakeFiles/ENERGIS_RTOS.dir/src/drivers/ethernet_driver.c.obj
                0x10001346                setSn_DPORT
 .text.w5500_get_tx_fsr
                0x1000136c       0x48 CMakeFiles/ENERGIS_RTOS.dir/src/drivers/ethernet_driver.c.obj
                0x1000136c                w5500_get_tx_fsr
 .text.w5500_get_rx_rsr
                0x100013b4       0x48 CMakeFiles/ENERGIS_RTOS.dir/src/drivers/ethernet_driver.c.obj
                0x100013b4                w5500_get_rx_rsr
 .text.eth_send_data
                0x100013fc       0xba CMakeFiles/ENERGIS_RTOS.dir/src/drivers/ethernet_driver.c.obj
                0x100013fc                eth_send_data
 *fill*         0x100014b6        0x2 
 .text.eth_recv_data
                0x100014b8       0xc4 CMakeFiles/ENERGIS_RTOS.dir/src/drivers/ethernet_driver.c.obj
                0x100014b8                eth_recv_data
 .text.eth_recv_ignore
                0x1000157c       0x44 CMakeFiles/ENERGIS_RTOS.dir/src/drivers/ethernet_driver.c.obj
                0x1000157c                eth_recv_ignore
 .text.w5500_hw_init
                0x100015c0       0xbc CMakeFiles/ENERGIS_RTOS.dir/src/drivers/ethernet_driver.c.obj
                0x100015c0                w5500_hw_init
 .text.w5500_set_network
                0x1000167c       0x48 CMakeFiles/ENERGIS_RTOS.dir/src/drivers/ethernet_driver.c.obj
                0x1000167c                w5500_set_network
 .text.w5500_chip_init
                0x100016c4      0x14c CMakeFiles/ENERGIS_RTOS.dir/src/drivers/ethernet_driver.c.obj
                0x100016c4                w5500_chip_init
 .text.w5500_get_link_status
                0x10001810       0x10 CMakeFiles/ENERGIS_RTOS.dir/src/drivers/ethernet_driver.c.obj
                0x10001810                w5500_get_link_status
 .text.w5500_sw_reset
                0x10001820       0x26 CMakeFiles/ENERGIS_RTOS.dir/src/drivers/ethernet_driver.c.obj
                0x10001820                w5500_sw_reset
 *fill*         0x10001846        0x2 
 .text.getOID   0x10001848       0x4c CMakeFiles/ENERGIS_RTOS.dir/src/drivers/snmp.c.obj
 .text.getValue
                0x10001894       0x18 CMakeFiles/ENERGIS_RTOS.dir/src/drivers/snmp.c.obj
 .text.parseLength
                0x100018ac       0x38 CMakeFiles/ENERGIS_RTOS.dir/src/drivers/snmp.c.obj
 .text.parseTLV
                0x100018e4       0x3a CMakeFiles/ENERGIS_RTOS.dir/src/drivers/snmp.c.obj
 *fill*         0x1000191e        0x2 
 .text.insertRespLen
                0x10001920       0x40 CMakeFiles/ENERGIS_RTOS.dir/src/drivers/snmp.c.obj
 .text.dumpCode
                0x10001960      0x104 CMakeFiles/ENERGIS_RTOS.dir/src/drivers/snmp.c.obj
 .text.setEntry
                0x10001a64       0xa0 CMakeFiles/ENERGIS_RTOS.dir/src/drivers/snmp.c.obj
 .text.findEntry
                0x10001b04       0x44 CMakeFiles/ENERGIS_RTOS.dir/src/drivers/snmp.c.obj
 .text.getEntry
                0x10001b48      0x11c CMakeFiles/ENERGIS_RTOS.dir/src/drivers/snmp.c.obj
 .text.parseVarBind
                0x10001c64      0x224 CMakeFiles/ENERGIS_RTOS.dir/src/drivers/snmp.c.obj
 .text.parseSequence
                0x10001e88       0x8c CMakeFiles/ENERGIS_RTOS.dir/src/drivers/snmp.c.obj
 .text.parseSequenceOf
                0x10001f14       0xb8 CMakeFiles/ENERGIS_RTOS.dir/src/drivers/snmp.c.obj
 .text.parseRequest
                0x10001fcc      0x150 CMakeFiles/ENERGIS_RTOS.dir/src/drivers/snmp.c.obj
 .text.parseCommunity
                0x1000211c       0xb8 CMakeFiles/ENERGIS_RTOS.dir/src/drivers/snmp.c.obj
 .text.parseVersion
                0x100021d4       0x80 CMakeFiles/ENERGIS_RTOS.dir/src/drivers/snmp.c.obj
 .text.parseSNMPMessage
                0x10002254       0xa0 CMakeFiles/ENERGIS_RTOS.dir/src/drivers/snmp.c.obj
 .text.SNMP_Poll
                0x100022f4      0x100 CMakeFiles/ENERGIS_RTOS.dir/src/drivers/snmp.c.obj
                0x100022f4                SNMP_Poll
 .text.SNMP_Tick10ms
                0x100023f4       0x10 CMakeFiles/ENERGIS_RTOS.dir/src/drivers/snmp.c.obj
                0x100023f4                SNMP_Tick10ms
 .text.SNMP_GetTick10ms
                0x10002404        0xc CMakeFiles/ENERGIS_RTOS.dir/src/drivers/snmp.c.obj
                0x10002404                SNMP_GetTick10ms
 .text.SNMP_Init
                0x10002410       0xa0 CMakeFiles/ENERGIS_RTOS.dir/src/drivers/snmp.c.obj
                0x10002410                SNMP_Init
 .text.SNMP_GetUptime
                0x100024b0       0x1c CMakeFiles/ENERGIS_RTOS.dir/src/drivers/snmp.c.obj
                0x100024b0                SNMP_GetUptime
 .text.SNMP_SendTrap
                0x100024cc      0x218 CMakeFiles/ENERGIS_RTOS.dir/src/drivers/snmp.c.obj
                0x100024cc                SNMP_SendTrap
 .text.closesocket
                0x100026e4       0xa0 CMakeFiles/ENERGIS_RTOS.dir/src/drivers/socket.c.obj
                0x100026e4                closesocket
 .text.socket   0x10002784      0x1ac CMakeFiles/ENERGIS_RTOS.dir/src/drivers/socket.c.obj
                0x10002784                socket
 .text.disconnect
                0x10002930       0xcc CMakeFiles/ENERGIS_RTOS.dir/src/drivers/socket.c.obj
                0x10002930                disconnect
 .text.listen   0x100029fc       0xdc CMakeFiles/ENERGIS_RTOS.dir/src/drivers/socket.c.obj
                0x100029fc                listen
 .text.send     0x10002ad8      0x1a4 CMakeFiles/ENERGIS_RTOS.dir/src/drivers/socket.c.obj
                0x10002ad8                send
 .text.recv     0x10002c7c      0x13c CMakeFiles/ENERGIS_RTOS.dir/src/drivers/socket.c.obj
                0x10002c7c                recv
 .text.sendto   0x10002db8      0x170 CMakeFiles/ENERGIS_RTOS.dir/src/drivers/socket.c.obj
                0x10002db8                sendto
 .text.recvfrom_SNMP
                0x10002f28      0x2b8 CMakeFiles/ENERGIS_RTOS.dir/src/drivers/socket.c.obj
                0x10002f28                recvfrom_SNMP
 .text.setsockopt
                0x100031e0      0x158 CMakeFiles/ENERGIS_RTOS.dir/src/drivers/socket.c.obj
                0x100031e0                setsockopt
 .text.uart_getc
                0x10003338       0x24 CMakeFiles/ENERGIS_RTOS.dir/src/drivers/HLW8032_driver.c.obj
 .text.checksum_ok
                0x1000335c       0x1e CMakeFiles/ENERGIS_RTOS.dir/src/drivers/HLW8032_driver.c.obj
 .text.state_reg_valid
                0x1000337a       0x18 CMakeFiles/ENERGIS_RTOS.dir/src/drivers/HLW8032_driver.c.obj
 *fill*         0x10003392        0x2 
 .text.parse_frame
                0x10003394       0xa0 CMakeFiles/ENERGIS_RTOS.dir/src/drivers/HLW8032_driver.c.obj
 .text.apply_calibration
                0x10003434      0x200 CMakeFiles/ENERGIS_RTOS.dir/src/drivers/HLW8032_driver.c.obj
 .text.compute_total_current
                0x10003634       0x48 CMakeFiles/ENERGIS_RTOS.dir/src/drivers/HLW8032_driver.c.obj
 .text.hlw8032_calibration_reset_accumulators
                0x1000367c       0x18 CMakeFiles/ENERGIS_RTOS.dir/src/drivers/HLW8032_driver.c.obj
 .text.hlw8032_calibration_get_active_channel
                0x10003694       0x1c CMakeFiles/ENERGIS_RTOS.dir/src/drivers/HLW8032_driver.c.obj
 .text.mux_select
                0x100036b0       0x60 CMakeFiles/ENERGIS_RTOS.dir/src/drivers/HLW8032_driver.c.obj
 .text.read_frame
                0x10003710       0xa0 CMakeFiles/ENERGIS_RTOS.dir/src/drivers/HLW8032_driver.c.obj
 .text.hlw8032_calibration_finish_current_channel
                0x100037b0      0x338 CMakeFiles/ENERGIS_RTOS.dir/src/drivers/HLW8032_driver.c.obj
 .text.hlw8032_calibration_consume_sample
                0x10003ae8      0x10c CMakeFiles/ENERGIS_RTOS.dir/src/drivers/HLW8032_driver.c.obj
 .text.hlw8032_read
                0x10003bf4       0xa0 CMakeFiles/ENERGIS_RTOS.dir/src/drivers/HLW8032_driver.c.obj
                0x10003bf4                hlw8032_read
 .text.hlw8032_get_uptime
                0x10003c94       0x14 CMakeFiles/ENERGIS_RTOS.dir/src/drivers/HLW8032_driver.c.obj
                0x10003c94                hlw8032_get_uptime
 .text.hlw8032_update_uptime
                0x10003ca8       0xac CMakeFiles/ENERGIS_RTOS.dir/src/drivers/HLW8032_driver.c.obj
                0x10003ca8                hlw8032_update_uptime
 .text.hlw8032_poll_once
                0x10003d54       0xc8 CMakeFiles/ENERGIS_RTOS.dir/src/drivers/HLW8032_driver.c.obj
                0x10003d54                hlw8032_poll_once
 .text.hlw8032_cached_voltage
                0x10003e1c       0x3c CMakeFiles/ENERGIS_RTOS.dir/src/drivers/HLW8032_driver.c.obj
                0x10003e1c                hlw8032_cached_voltage
 .text.hlw8032_cached_current
                0x10003e58       0x3c CMakeFiles/ENERGIS_RTOS.dir/src/drivers/HLW8032_driver.c.obj
                0x10003e58                hlw8032_cached_current
 .text.hlw8032_cached_power
                0x10003e94       0x48 CMakeFiles/ENERGIS_RTOS.dir/src/drivers/HLW8032_driver.c.obj
                0x10003e94                hlw8032_cached_power
 .text.hlw8032_cached_uptime
                0x10003edc       0x14 CMakeFiles/ENERGIS_RTOS.dir/src/drivers/HLW8032_driver.c.obj
                0x10003edc                hlw8032_cached_uptime
 .text.hlw8032_cached_state
                0x10003ef0       0x14 CMakeFiles/ENERGIS_RTOS.dir/src/drivers/HLW8032_driver.c.obj
                0x10003ef0                hlw8032_cached_state
 .text.hlw8032_get_total_current
                0x10003f04        0xc CMakeFiles/ENERGIS_RTOS.dir/src/drivers/HLW8032_driver.c.obj
                0x10003f04                hlw8032_get_total_current
 .text.hlw8032_cycle_complete
                0x10003f10       0x18 CMakeFiles/ENERGIS_RTOS.dir/src/drivers/HLW8032_driver.c.obj
                0x10003f10                hlw8032_cycle_complete
 .text.hlw8032_load_calibration
                0x10003f28      0x138 CMakeFiles/ENERGIS_RTOS.dir/src/drivers/HLW8032_driver.c.obj
                0x10003f28                hlw8032_load_calibration
 .text.hlw8032_init
                0x10004060       0xc8 CMakeFiles/ENERGIS_RTOS.dir/src/drivers/HLW8032_driver.c.obj
                0x10004060                hlw8032_init
 .text.hlw8032_calibration_start_zero_all
                0x10004128       0x68 CMakeFiles/ENERGIS_RTOS.dir/src/drivers/HLW8032_driver.c.obj
                0x10004128                hlw8032_calibration_start_zero_all
 .text.hlw8032_calibration_start_zero_single
                0x10004190       0x74 CMakeFiles/ENERGIS_RTOS.dir/src/drivers/HLW8032_driver.c.obj
                0x10004190                hlw8032_calibration_start_zero_single
 .text.hlw8032_calibration_start_voltage_all
                0x10004204       0x84 CMakeFiles/ENERGIS_RTOS.dir/src/drivers/HLW8032_driver.c.obj
                0x10004204                hlw8032_calibration_start_voltage_all
 .text.hlw8032_calibration_start_voltage_single
                0x10004288       0x98 CMakeFiles/ENERGIS_RTOS.dir/src/drivers/HLW8032_driver.c.obj
                0x10004288                hlw8032_calibration_start_voltage_single
 .text.hlw8032_calibration_start_current_single
                0x10004320       0x98 CMakeFiles/ENERGIS_RTOS.dir/src/drivers/HLW8032_driver.c.obj
                0x10004320                hlw8032_calibration_start_current_single
 .text.hlw8032_calibration_start_current_all
                0x100043b8       0x84 CMakeFiles/ENERGIS_RTOS.dir/src/drivers/HLW8032_driver.c.obj
                0x100043b8                hlw8032_calibration_start_current_all
 .text.hlw8032_calibration_is_running
                0x1000443c        0xc CMakeFiles/ENERGIS_RTOS.dir/src/drivers/HLW8032_driver.c.obj
                0x1000443c                hlw8032_calibration_is_running
 .text.hlw8032_print_calibration
                0x10004448       0xf0 CMakeFiles/ENERGIS_RTOS.dir/src/drivers/HLW8032_driver.c.obj
                0x10004448                hlw8032_print_calibration
 .text.hexval   0x10004538       0x30 CMakeFiles/ENERGIS_RTOS.dir/src/misc/helpers.c.obj
 .text.helpers_copy_wd_scratch
                0x10004568       0x28 CMakeFiles/ENERGIS_RTOS.dir/src/misc/helpers.c.obj
 .text.get_form_value
                0x10004590       0x64 CMakeFiles/ENERGIS_RTOS.dir/src/misc/helpers.c.obj
                0x10004590                get_form_value
 .text.urldecode
                0x100045f4       0x4c CMakeFiles/ENERGIS_RTOS.dir/src/misc/helpers.c.obj
                0x100045f4                urldecode
 .text.ethernet_apply_network_from_storage
                0x10004640       0x7c CMakeFiles/ENERGIS_RTOS.dir/src/misc/helpers.c.obj
                0x10004640                ethernet_apply_network_from_storage
 .text.Helpers_EarlyBootSnapshot
                0x100046bc       0x4c CMakeFiles/ENERGIS_RTOS.dir/src/misc/helpers.c.obj
                0x100046bc                Helpers_EarlyBootSnapshot
 .text.Helpers_LateBootDumpAndClear
                0x10004708       0xb0 CMakeFiles/ENERGIS_RTOS.dir/src/misc/helpers.c.obj
                0x10004708                Helpers_LateBootDumpAndClear
 .text.vApplicationIdleHook
                0x100047b8       0x34 CMakeFiles/ENERGIS_RTOS.dir/src/misc/rtos_hooks.c.obj
                0x100047b8                vApplicationIdleHook
 .text.RTOS_IdleCanary_Read
                0x100047ec        0xc CMakeFiles/ENERGIS_RTOS.dir/src/misc/rtos_hooks.c.obj
                0x100047ec                RTOS_IdleCanary_Read
 .text.vApplicationStackOverflowHook
                0x100047f8       0x28 CMakeFiles/ENERGIS_RTOS.dir/src/misc/rtos_hooks.c.obj
                0x100047f8                vApplicationStackOverflowHook
 .text.vApplicationMallocFailedHook
                0x10004820       0x30 CMakeFiles/ENERGIS_RTOS.dir/src/misc/rtos_hooks.c.obj
                0x10004820                vApplicationMallocFailedHook
 .text.vAssertCalled
                0x10004850       0x24 CMakeFiles/ENERGIS_RTOS.dir/src/misc/rtos_hooks.c.obj
                0x10004850                vAssertCalled
 .text.crash_crc32
                0x10004874       0x38 CMakeFiles/ENERGIS_RTOS.dir/src/misc/crashlog.c.obj
 .text.crash_validate_header
                0x100048ac       0x4c CMakeFiles/ENERGIS_RTOS.dir/src/misc/crashlog.c.obj
 .text.crash_update_crc
                0x100048f8       0x18 CMakeFiles/ENERGIS_RTOS.dir/src/misc/crashlog.c.obj
 .text.crash_fresh_init
                0x10004910       0x4c CMakeFiles/ENERGIS_RTOS.dir/src/misc/crashlog.c.obj
 .text.CrashLog_RecordWdtFeed
                0x1000495c       0x58 CMakeFiles/ENERGIS_RTOS.dir/src/misc/crashlog.c.obj
                0x1000495c                CrashLog_RecordWdtFeed
 .text.CrashLog_RecordSoftwareRebootTag
                0x100049b4       0x44 CMakeFiles/ENERGIS_RTOS.dir/src/misc/crashlog.c.obj
                0x100049b4                CrashLog_RecordSoftwareRebootTag
 .text.pwm_set_chan_level
                0x100049f8       0x38 CMakeFiles/ENERGIS_RTOS.dir/src/misc/power_mgr.c.obj
 .text.w5500_hold_reset
                0x10004a30        0xc CMakeFiles/ENERGIS_RTOS.dir/src/misc/power_mgr.c.obj
 .text.w5500_release_reset
                0x10004a3c        0xc CMakeFiles/ENERGIS_RTOS.dir/src/misc/power_mgr.c.obj
 .text.set_pwr_led_tracked
                0x10004a48       0x20 CMakeFiles/ENERGIS_RTOS.dir/src/misc/power_mgr.c.obj
 .text.turn_off_all_relays
                0x10004a68        0x8 CMakeFiles/ENERGIS_RTOS.dir/src/misc/power_mgr.c.obj
 .text.turn_off_selection_leds
                0x10004a70        0xa CMakeFiles/ENERGIS_RTOS.dir/src/misc/power_mgr.c.obj
 .text.turn_off_leds_except_pwr
                0x10004a7a       0x1c CMakeFiles/ENERGIS_RTOS.dir/src/misc/power_mgr.c.obj
 *fill*         0x10004a96        0x2 
 .text.Power_Init
                0x10004a98       0x38 CMakeFiles/ENERGIS_RTOS.dir/src/misc/power_mgr.c.obj
                0x10004a98                Power_Init
 .text.Power_GetState
                0x10004ad0        0xc CMakeFiles/ENERGIS_RTOS.dir/src/misc/power_mgr.c.obj
                0x10004ad0                Power_GetState
 .text.Power_EnterStandby
                0x10004adc       0x88 CMakeFiles/ENERGIS_RTOS.dir/src/misc/power_mgr.c.obj
                0x10004adc                Power_EnterStandby
 .text.Power_ExitStandby
                0x10004b64       0x8c CMakeFiles/ENERGIS_RTOS.dir/src/misc/power_mgr.c.obj
                0x10004b64                Power_ExitStandby
 .text.Power_ServiceStandbyLED
                0x10004bf0      0x134 CMakeFiles/ENERGIS_RTOS.dir/src/misc/power_mgr.c.obj
                0x10004bf0                Power_ServiceStandbyLED
 .text.get_sysLocation
                0x10004d24       0x18 CMakeFiles/ENERGIS_RTOS.dir/src/snmp/snmp_custom.c.obj
 .text.get_sysContact
                0x10004d3c       0x18 CMakeFiles/ENERGIS_RTOS.dir/src/snmp/snmp_custom.c.obj
 .text.get_sysName
                0x10004d54       0x18 CMakeFiles/ENERGIS_RTOS.dir/src/snmp/snmp_custom.c.obj
 .text.get_sysSN
                0x10004d6c       0x22 CMakeFiles/ENERGIS_RTOS.dir/src/snmp/snmp_custom.c.obj
 .text.initTable
                0x10004d8e        0x2 CMakeFiles/ENERGIS_RTOS.dir/src/snmp/snmp_custom.c.obj
                0x10004d8e                initTable
 .text.initial_Trap
                0x10004d90       0x40 CMakeFiles/ENERGIS_RTOS.dir/src/snmp/snmp_custom.c.obj
                0x10004d90                initial_Trap
 .text.load_netcfg
                0x10004dd0       0x34 CMakeFiles/ENERGIS_RTOS.dir/src/snmp/snmp_networkCtrl.c.obj
 .text.ipfmt    0x10004e04       0x24 CMakeFiles/ENERGIS_RTOS.dir/src/snmp/snmp_networkCtrl.c.obj
 .text.macfmt   0x10004e28       0x2c CMakeFiles/ENERGIS_RTOS.dir/src/snmp/snmp_networkCtrl.c.obj
 .text.get_networkIP
                0x10004e54       0x1e CMakeFiles/ENERGIS_RTOS.dir/src/snmp/snmp_networkCtrl.c.obj
                0x10004e54                get_networkIP
 .text.get_networkMask
                0x10004e72       0x1e CMakeFiles/ENERGIS_RTOS.dir/src/snmp/snmp_networkCtrl.c.obj
                0x10004e72                get_networkMask
 .text.get_networkGateway
                0x10004e90       0x1e CMakeFiles/ENERGIS_RTOS.dir/src/snmp/snmp_networkCtrl.c.obj
                0x10004e90                get_networkGateway
 .text.get_networkDNS
                0x10004eae       0x1e CMakeFiles/ENERGIS_RTOS.dir/src/snmp/snmp_networkCtrl.c.obj
                0x10004eae                get_networkDNS
 .text.get_networkMAC
                0x10004ecc       0x1c CMakeFiles/ENERGIS_RTOS.dir/src/snmp/snmp_networkCtrl.c.obj
                0x10004ecc                get_networkMAC
 .text.getter_n
                0x10004ee8       0x44 CMakeFiles/ENERGIS_RTOS.dir/src/snmp/snmp_outletCtrl.c.obj
 .text.get_outlet1_State
                0x10004f2c        0xe CMakeFiles/ENERGIS_RTOS.dir/src/snmp/snmp_outletCtrl.c.obj
                0x10004f2c                get_outlet1_State
 .text.get_outlet2_State
                0x10004f3a        0xe CMakeFiles/ENERGIS_RTOS.dir/src/snmp/snmp_outletCtrl.c.obj
                0x10004f3a                get_outlet2_State
 .text.get_outlet3_State
                0x10004f48        0xe CMakeFiles/ENERGIS_RTOS.dir/src/snmp/snmp_outletCtrl.c.obj
                0x10004f48                get_outlet3_State
 .text.get_outlet4_State
                0x10004f56        0xe CMakeFiles/ENERGIS_RTOS.dir/src/snmp/snmp_outletCtrl.c.obj
                0x10004f56                get_outlet4_State
 .text.get_outlet5_State
                0x10004f64        0xe CMakeFiles/ENERGIS_RTOS.dir/src/snmp/snmp_outletCtrl.c.obj
                0x10004f64                get_outlet5_State
 .text.get_outlet6_State
                0x10004f72        0xe CMakeFiles/ENERGIS_RTOS.dir/src/snmp/snmp_outletCtrl.c.obj
                0x10004f72                get_outlet6_State
 .text.get_outlet7_State
                0x10004f80        0xe CMakeFiles/ENERGIS_RTOS.dir/src/snmp/snmp_outletCtrl.c.obj
                0x10004f80                get_outlet7_State
 .text.get_outlet8_State
                0x10004f8e        0xe CMakeFiles/ENERGIS_RTOS.dir/src/snmp/snmp_outletCtrl.c.obj
                0x10004f8e                get_outlet8_State
 .text.set_outlet1_State
                0x10004f9c       0x3e CMakeFiles/ENERGIS_RTOS.dir/src/snmp/snmp_outletCtrl.c.obj
                0x10004f9c                set_outlet1_State
 .text.set_outlet2_State
                0x10004fda       0x3e CMakeFiles/ENERGIS_RTOS.dir/src/snmp/snmp_outletCtrl.c.obj
                0x10004fda                set_outlet2_State
 .text.set_outlet3_State
                0x10005018       0x3e CMakeFiles/ENERGIS_RTOS.dir/src/snmp/snmp_outletCtrl.c.obj
                0x10005018                set_outlet3_State
 .text.set_outlet4_State
                0x10005056       0x3e CMakeFiles/ENERGIS_RTOS.dir/src/snmp/snmp_outletCtrl.c.obj
                0x10005056                set_outlet4_State
 .text.set_outlet5_State
                0x10005094       0x3e CMakeFiles/ENERGIS_RTOS.dir/src/snmp/snmp_outletCtrl.c.obj
                0x10005094                set_outlet5_State
 .text.set_outlet6_State
                0x100050d2       0x3e CMakeFiles/ENERGIS_RTOS.dir/src/snmp/snmp_outletCtrl.c.obj
                0x100050d2                set_outlet6_State
 .text.set_outlet7_State
                0x10005110       0x3e CMakeFiles/ENERGIS_RTOS.dir/src/snmp/snmp_outletCtrl.c.obj
                0x10005110                set_outlet7_State
 .text.set_outlet8_State
                0x1000514e       0x3e CMakeFiles/ENERGIS_RTOS.dir/src/snmp/snmp_outletCtrl.c.obj
                0x1000514e                set_outlet8_State
 .text.get_allOn_State
                0x1000518c       0x1a CMakeFiles/ENERGIS_RTOS.dir/src/snmp/snmp_outletCtrl.c.obj
                0x1000518c                get_allOn_State
 *fill*         0x100051a6        0x2 
 .text.set_allOn_State
                0x100051a8       0x48 CMakeFiles/ENERGIS_RTOS.dir/src/snmp/snmp_outletCtrl.c.obj
                0x100051a8                set_allOn_State
 .text.get_allOff_State
                0x100051f0       0x1a CMakeFiles/ENERGIS_RTOS.dir/src/snmp/snmp_outletCtrl.c.obj
                0x100051f0                get_allOff_State
 *fill*         0x1000520a        0x2 
 .text.set_allOff_State
                0x1000520c       0x48 CMakeFiles/ENERGIS_RTOS.dir/src/snmp/snmp_outletCtrl.c.obj
                0x1000520c                set_allOff_State
 .text.readN    0x10005254       0x58 CMakeFiles/ENERGIS_RTOS.dir/src/snmp/snmp_powerMon.c.obj
 .text.get_power_0_MEAS_VOLTAGE
                0x100052ac       0x50 CMakeFiles/ENERGIS_RTOS.dir/src/snmp/snmp_powerMon.c.obj
                0x100052ac                get_power_0_MEAS_VOLTAGE
 .text.get_power_0_MEAS_CURRENT
                0x100052fc       0x50 CMakeFiles/ENERGIS_RTOS.dir/src/snmp/snmp_powerMon.c.obj
                0x100052fc                get_power_0_MEAS_CURRENT
 .text.get_power_0_MEAS_WATT
                0x1000534c       0x50 CMakeFiles/ENERGIS_RTOS.dir/src/snmp/snmp_powerMon.c.obj
                0x1000534c                get_power_0_MEAS_WATT
 .text.get_power_0_MEAS_PF
                0x1000539c       0x50 CMakeFiles/ENERGIS_RTOS.dir/src/snmp/snmp_powerMon.c.obj
                0x1000539c                get_power_0_MEAS_PF
 .text.get_power_0_MEAS_KWH
                0x100053ec       0x50 CMakeFiles/ENERGIS_RTOS.dir/src/snmp/snmp_powerMon.c.obj
                0x100053ec                get_power_0_MEAS_KWH
 .text.get_power_0_MEAS_UPTIME
                0x1000543c       0x48 CMakeFiles/ENERGIS_RTOS.dir/src/snmp/snmp_powerMon.c.obj
                0x1000543c                get_power_0_MEAS_UPTIME
 .text.get_power_1_MEAS_VOLTAGE
                0x10005484       0x50 CMakeFiles/ENERGIS_RTOS.dir/src/snmp/snmp_powerMon.c.obj
                0x10005484                get_power_1_MEAS_VOLTAGE
 .text.get_power_1_MEAS_CURRENT
                0x100054d4       0x50 CMakeFiles/ENERGIS_RTOS.dir/src/snmp/snmp_powerMon.c.obj
                0x100054d4                get_power_1_MEAS_CURRENT
 .text.get_power_1_MEAS_WATT
                0x10005524       0x50 CMakeFiles/ENERGIS_RTOS.dir/src/snmp/snmp_powerMon.c.obj
                0x10005524                get_power_1_MEAS_WATT
 .text.get_power_1_MEAS_PF
                0x10005574       0x50 CMakeFiles/ENERGIS_RTOS.dir/src/snmp/snmp_powerMon.c.obj
                0x10005574                get_power_1_MEAS_PF
 .text.get_power_1_MEAS_KWH
                0x100055c4       0x50 CMakeFiles/ENERGIS_RTOS.dir/src/snmp/snmp_powerMon.c.obj
                0x100055c4                get_power_1_MEAS_KWH
 .text.get_power_1_MEAS_UPTIME
                0x10005614       0x48 CMakeFiles/ENERGIS_RTOS.dir/src/snmp/snmp_powerMon.c.obj
                0x10005614                get_power_1_MEAS_UPTIME
 .text.get_power_2_MEAS_VOLTAGE
                0x1000565c       0x50 CMakeFiles/ENERGIS_RTOS.dir/src/snmp/snmp_powerMon.c.obj
                0x1000565c                get_power_2_MEAS_VOLTAGE
 .text.get_power_2_MEAS_CURRENT
                0x100056ac       0x50 CMakeFiles/ENERGIS_RTOS.dir/src/snmp/snmp_powerMon.c.obj
                0x100056ac                get_power_2_MEAS_CURRENT
 .text.get_power_2_MEAS_WATT
                0x100056fc       0x50 CMakeFiles/ENERGIS_RTOS.dir/src/snmp/snmp_powerMon.c.obj
                0x100056fc                get_power_2_MEAS_WATT
 .text.get_power_2_MEAS_PF
                0x1000574c       0x50 CMakeFiles/ENERGIS_RTOS.dir/src/snmp/snmp_powerMon.c.obj
                0x1000574c                get_power_2_MEAS_PF
 .text.get_power_2_MEAS_KWH
                0x1000579c       0x50 CMakeFiles/ENERGIS_RTOS.dir/src/snmp/snmp_powerMon.c.obj
                0x1000579c                get_power_2_MEAS_KWH
 .text.get_power_2_MEAS_UPTIME
                0x100057ec       0x48 CMakeFiles/ENERGIS_RTOS.dir/src/snmp/snmp_powerMon.c.obj
                0x100057ec                get_power_2_MEAS_UPTIME
 .text.get_power_3_MEAS_VOLTAGE
                0x10005834       0x50 CMakeFiles/ENERGIS_RTOS.dir/src/snmp/snmp_powerMon.c.obj
                0x10005834                get_power_3_MEAS_VOLTAGE
 .text.get_power_3_MEAS_CURRENT
                0x10005884       0x50 CMakeFiles/ENERGIS_RTOS.dir/src/snmp/snmp_powerMon.c.obj
                0x10005884                get_power_3_MEAS_CURRENT
 .text.get_power_3_MEAS_WATT
                0x100058d4       0x50 CMakeFiles/ENERGIS_RTOS.dir/src/snmp/snmp_powerMon.c.obj
                0x100058d4                get_power_3_MEAS_WATT
 .text.get_power_3_MEAS_PF
                0x10005924       0x50 CMakeFiles/ENERGIS_RTOS.dir/src/snmp/snmp_powerMon.c.obj
                0x10005924                get_power_3_MEAS_PF
 .text.get_power_3_MEAS_KWH
                0x10005974       0x50 CMakeFiles/ENERGIS_RTOS.dir/src/snmp/snmp_powerMon.c.obj
                0x10005974                get_power_3_MEAS_KWH
 .text.get_power_3_MEAS_UPTIME
                0x100059c4       0x48 CMakeFiles/ENERGIS_RTOS.dir/src/snmp/snmp_powerMon.c.obj
                0x100059c4                get_power_3_MEAS_UPTIME
 .text.get_power_4_MEAS_VOLTAGE
                0x10005a0c       0x50 CMakeFiles/ENERGIS_RTOS.dir/src/snmp/snmp_powerMon.c.obj
                0x10005a0c                get_power_4_MEAS_VOLTAGE
 .text.get_power_4_MEAS_CURRENT
                0x10005a5c       0x50 CMakeFiles/ENERGIS_RTOS.dir/src/snmp/snmp_powerMon.c.obj
                0x10005a5c                get_power_4_MEAS_CURRENT
 .text.get_power_4_MEAS_WATT
                0x10005aac       0x50 CMakeFiles/ENERGIS_RTOS.dir/src/snmp/snmp_powerMon.c.obj
                0x10005aac                get_power_4_MEAS_WATT
 .text.get_power_4_MEAS_PF
                0x10005afc       0x50 CMakeFiles/ENERGIS_RTOS.dir/src/snmp/snmp_powerMon.c.obj
                0x10005afc                get_power_4_MEAS_PF
 .text.get_power_4_MEAS_KWH
                0x10005b4c       0x50 CMakeFiles/ENERGIS_RTOS.dir/src/snmp/snmp_powerMon.c.obj
                0x10005b4c                get_power_4_MEAS_KWH
 .text.get_power_4_MEAS_UPTIME
                0x10005b9c       0x48 CMakeFiles/ENERGIS_RTOS.dir/src/snmp/snmp_powerMon.c.obj
                0x10005b9c                get_power_4_MEAS_UPTIME
 .text.get_power_5_MEAS_VOLTAGE
                0x10005be4       0x50 CMakeFiles/ENERGIS_RTOS.dir/src/snmp/snmp_powerMon.c.obj
                0x10005be4                get_power_5_MEAS_VOLTAGE
 .text.get_power_5_MEAS_CURRENT
                0x10005c34       0x50 CMakeFiles/ENERGIS_RTOS.dir/src/snmp/snmp_powerMon.c.obj
                0x10005c34                get_power_5_MEAS_CURRENT
 .text.get_power_5_MEAS_WATT
                0x10005c84       0x50 CMakeFiles/ENERGIS_RTOS.dir/src/snmp/snmp_powerMon.c.obj
                0x10005c84                get_power_5_MEAS_WATT
 .text.get_power_5_MEAS_PF
                0x10005cd4       0x50 CMakeFiles/ENERGIS_RTOS.dir/src/snmp/snmp_powerMon.c.obj
                0x10005cd4                get_power_5_MEAS_PF
 .text.get_power_5_MEAS_KWH
                0x10005d24       0x50 CMakeFiles/ENERGIS_RTOS.dir/src/snmp/snmp_powerMon.c.obj
                0x10005d24                get_power_5_MEAS_KWH
 .text.get_power_5_MEAS_UPTIME
                0x10005d74       0x48 CMakeFiles/ENERGIS_RTOS.dir/src/snmp/snmp_powerMon.c.obj
                0x10005d74                get_power_5_MEAS_UPTIME
 .text.get_power_6_MEAS_VOLTAGE
                0x10005dbc       0x50 CMakeFiles/ENERGIS_RTOS.dir/src/snmp/snmp_powerMon.c.obj
                0x10005dbc                get_power_6_MEAS_VOLTAGE
 .text.get_power_6_MEAS_CURRENT
                0x10005e0c       0x50 CMakeFiles/ENERGIS_RTOS.dir/src/snmp/snmp_powerMon.c.obj
                0x10005e0c                get_power_6_MEAS_CURRENT
 .text.get_power_6_MEAS_WATT
                0x10005e5c       0x50 CMakeFiles/ENERGIS_RTOS.dir/src/snmp/snmp_powerMon.c.obj
                0x10005e5c                get_power_6_MEAS_WATT
 .text.get_power_6_MEAS_PF
                0x10005eac       0x50 CMakeFiles/ENERGIS_RTOS.dir/src/snmp/snmp_powerMon.c.obj
                0x10005eac                get_power_6_MEAS_PF
 .text.get_power_6_MEAS_KWH
                0x10005efc       0x50 CMakeFiles/ENERGIS_RTOS.dir/src/snmp/snmp_powerMon.c.obj
                0x10005efc                get_power_6_MEAS_KWH
 .text.get_power_6_MEAS_UPTIME
                0x10005f4c       0x48 CMakeFiles/ENERGIS_RTOS.dir/src/snmp/snmp_powerMon.c.obj
                0x10005f4c                get_power_6_MEAS_UPTIME
 .text.get_power_7_MEAS_VOLTAGE
                0x10005f94       0x50 CMakeFiles/ENERGIS_RTOS.dir/src/snmp/snmp_powerMon.c.obj
                0x10005f94                get_power_7_MEAS_VOLTAGE
 .text.get_power_7_MEAS_CURRENT
                0x10005fe4       0x50 CMakeFiles/ENERGIS_RTOS.dir/src/snmp/snmp_powerMon.c.obj
                0x10005fe4                get_power_7_MEAS_CURRENT
 .text.get_power_7_MEAS_WATT
                0x10006034       0x50 CMakeFiles/ENERGIS_RTOS.dir/src/snmp/snmp_powerMon.c.obj
                0x10006034                get_power_7_MEAS_WATT
 .text.get_power_7_MEAS_PF
                0x10006084       0x50 CMakeFiles/ENERGIS_RTOS.dir/src/snmp/snmp_powerMon.c.obj
                0x10006084                get_power_7_MEAS_PF
 .text.get_power_7_MEAS_KWH
                0x100060d4       0x50 CMakeFiles/ENERGIS_RTOS.dir/src/snmp/snmp_powerMon.c.obj
                0x100060d4                get_power_7_MEAS_KWH
 .text.get_power_7_MEAS_UPTIME
                0x10006124       0x48 CMakeFiles/ENERGIS_RTOS.dir/src/snmp/snmp_powerMon.c.obj
                0x10006124                get_power_7_MEAS_UPTIME
 .text.get_ocp_STATE
                0x1000616c       0x3e CMakeFiles/ENERGIS_RTOS.dir/src/snmp/snmp_powerMon.c.obj
                0x1000616c                get_ocp_STATE
 *fill*         0x100061aa        0x2 
 .text.get_ocp_TOTAL_CURRENT_A
                0x100061ac       0x48 CMakeFiles/ENERGIS_RTOS.dir/src/snmp/snmp_powerMon.c.obj
                0x100061ac                get_ocp_TOTAL_CURRENT_A
 .text.get_ocp_LIMIT_A
                0x100061f4       0x48 CMakeFiles/ENERGIS_RTOS.dir/src/snmp/snmp_powerMon.c.obj
                0x100061f4                get_ocp_LIMIT_A
 .text.get_ocp_WARNING_THRESHOLD_A
                0x1000623c       0x48 CMakeFiles/ENERGIS_RTOS.dir/src/snmp/snmp_powerMon.c.obj
                0x1000623c                get_ocp_WARNING_THRESHOLD_A
 .text.get_ocp_CRITICAL_THRESHOLD_A
                0x10006284       0x48 CMakeFiles/ENERGIS_RTOS.dir/src/snmp/snmp_powerMon.c.obj
                0x10006284                get_ocp_CRITICAL_THRESHOLD_A
 .text.get_ocp_RECOVERY_THRESHOLD_A
                0x100062cc       0x48 CMakeFiles/ENERGIS_RTOS.dir/src/snmp/snmp_powerMon.c.obj
                0x100062cc                get_ocp_RECOVERY_THRESHOLD_A
 .text.get_ocp_LAST_TRIPPED_CH
                0x10006314       0x38 CMakeFiles/ENERGIS_RTOS.dir/src/snmp/snmp_powerMon.c.obj
                0x10006314                get_ocp_LAST_TRIPPED_CH
 .text.get_ocp_TRIP_COUNT
                0x1000634c       0x2c CMakeFiles/ENERGIS_RTOS.dir/src/snmp/snmp_powerMon.c.obj
                0x1000634c                get_ocp_TRIP_COUNT
 .text.get_ocp_LAST_TRIP_MS
                0x10006378       0x2c CMakeFiles/ENERGIS_RTOS.dir/src/snmp/snmp_powerMon.c.obj
                0x10006378                get_ocp_LAST_TRIP_MS
 .text.get_ocp_SWITCHING_ALLOWED
                0x100063a4       0x30 CMakeFiles/ENERGIS_RTOS.dir/src/snmp/snmp_powerMon.c.obj
                0x100063a4                get_ocp_SWITCHING_ALLOWED
 .text.get_ocp_RESET
                0x100063d4       0x1a CMakeFiles/ENERGIS_RTOS.dir/src/snmp/snmp_powerMon.c.obj
                0x100063d4                get_ocp_RESET
 .text.set_ocp_RESET
                0x100063ee        0xe CMakeFiles/ENERGIS_RTOS.dir/src/snmp/snmp_powerMon.c.obj
                0x100063ee                set_ocp_RESET
 .text.get_tempSensorVoltage
                0x100063fc       0x60 CMakeFiles/ENERGIS_RTOS.dir/src/snmp/snmp_voltageMon.c.obj
                0x100063fc                get_tempSensorVoltage
 .text.get_tempSensorTemperature
                0x1000645c       0x54 CMakeFiles/ENERGIS_RTOS.dir/src/snmp/snmp_voltageMon.c.obj
                0x1000645c                get_tempSensorTemperature
 .text.get_VSUPPLY
                0x100064b0       0x54 CMakeFiles/ENERGIS_RTOS.dir/src/snmp/snmp_voltageMon.c.obj
                0x100064b0                get_VSUPPLY
 .text.get_VUSB
                0x10006504       0x54 CMakeFiles/ENERGIS_RTOS.dir/src/snmp/snmp_voltageMon.c.obj
                0x10006504                get_VUSB
 .text.get_VSUPPLY_divider
                0x10006558       0x60 CMakeFiles/ENERGIS_RTOS.dir/src/snmp/snmp_voltageMon.c.obj
                0x10006558                get_VSUPPLY_divider
 .text.get_VUSB_divider
                0x100065b8       0x60 CMakeFiles/ENERGIS_RTOS.dir/src/snmp/snmp_voltageMon.c.obj
                0x100065b8                get_VUSB_divider
 .text.get_coreVREG
                0x10006618       0x4c CMakeFiles/ENERGIS_RTOS.dir/src/snmp/snmp_voltageMon.c.obj
                0x10006618                get_coreVREG
 .text.get_coreVREG_status
                0x10006664       0x48 CMakeFiles/ENERGIS_RTOS.dir/src/snmp/snmp_voltageMon.c.obj
                0x10006664                get_coreVREG_status
 .text.get_bandgapRef
                0x100066ac       0x18 CMakeFiles/ENERGIS_RTOS.dir/src/snmp/snmp_voltageMon.c.obj
                0x100066ac                get_bandgapRef
 .text.get_usbPHYrail
                0x100066c4       0x18 CMakeFiles/ENERGIS_RTOS.dir/src/snmp/snmp_voltageMon.c.obj
                0x100066c4                get_usbPHYrail
 .text.get_ioRail
                0x100066dc       0x18 CMakeFiles/ENERGIS_RTOS.dir/src/snmp/snmp_voltageMon.c.obj
                0x100066dc                get_ioRail
 .text.sanitize_limit_a
                0x100066f4       0x9c CMakeFiles/ENERGIS_RTOS.dir/src/tasks/OCP.c.obj
 .text.sanitize_thresholds
                0x10006790       0xb4 CMakeFiles/ENERGIS_RTOS.dir/src/tasks/OCP.c.obj
 .text.execute_trip
                0x10006844       0x44 CMakeFiles/ENERGIS_RTOS.dir/src/tasks/OCP.c.obj
 .text.Overcurrent_Init
                0x10006888      0x108 CMakeFiles/ENERGIS_RTOS.dir/src/tasks/OCP.c.obj
                0x10006888                Overcurrent_Init
 .text.Overcurrent_Update
                0x10006990      0x1bc CMakeFiles/ENERGIS_RTOS.dir/src/tasks/OCP.c.obj
                0x10006990                Overcurrent_Update
 .text.Overcurrent_IsSwitchingAllowed
                0x10006b4c       0x1c CMakeFiles/ENERGIS_RTOS.dir/src/tasks/OCP.c.obj
                0x10006b4c                Overcurrent_IsSwitchingAllowed
 .text.Overcurrent_GetStatus
                0x10006b68       0x74 CMakeFiles/ENERGIS_RTOS.dir/src/tasks/OCP.c.obj
                0x10006b68                Overcurrent_GetStatus
 .text.Overcurrent_ClearLockout
                0x10006bdc       0x40 CMakeFiles/ENERGIS_RTOS.dir/src/tasks/OCP.c.obj
                0x10006bdc                Overcurrent_ClearLockout
 .text.adc_read_voltage_avg
                0x10006c1c       0x88 CMakeFiles/ENERGIS_RTOS.dir/src/tasks/InitTask.c.obj
 .text.init_gpio
                0x10006ca4       0xf8 CMakeFiles/ENERGIS_RTOS.dir/src/tasks/InitTask.c.obj
 .text.init_i2c
                0x10006d9c       0x84 CMakeFiles/ENERGIS_RTOS.dir/src/tasks/InitTask.c.obj
 .text.init_spi
                0x10006e20       0x68 CMakeFiles/ENERGIS_RTOS.dir/src/tasks/InitTask.c.obj
 .text.adc_gpio_init
                0x10006e88       0x1e CMakeFiles/ENERGIS_RTOS.dir/src/tasks/InitTask.c.obj
 *fill*         0x10006ea6        0x2 
 .text.init_adc
                0x10006ea8       0x30 CMakeFiles/ENERGIS_RTOS.dir/src/tasks/InitTask.c.obj
 .text.probe_i2c_device
                0x10006ed8       0x50 CMakeFiles/ENERGIS_RTOS.dir/src/tasks/InitTask.c.obj
 .text.probe_mcps
                0x10006f28       0x6c CMakeFiles/ENERGIS_RTOS.dir/src/tasks/InitTask.c.obj
 .text.probe_eeprom
                0x10006f94       0x18 CMakeFiles/ENERGIS_RTOS.dir/src/tasks/InitTask.c.obj
 .text.apply_saved_relay_states
                0x10006fac       0xd8 CMakeFiles/ENERGIS_RTOS.dir/src/tasks/InitTask.c.obj
 .text.InitTask
                0x10007084      0x564 CMakeFiles/ENERGIS_RTOS.dir/src/tasks/InitTask.c.obj
 .text.InitTask_Create
                0x100075e8       0x28 CMakeFiles/ENERGIS_RTOS.dir/src/tasks/InitTask.c.obj
                0x100075e8                InitTask_Create
 .text.Logger_IsReady
                0x10007610       0x10 CMakeFiles/ENERGIS_RTOS.dir/src/tasks/LoggerTask.c.obj
                0x10007610                Logger_IsReady
 .text.LoggerTask_Init
                0x10007620       0x70 CMakeFiles/ENERGIS_RTOS.dir/src/tasks/LoggerTask.c.obj
                0x10007620                LoggerTask_Init
 .text.log_printf
                0x10007690       0x50 CMakeFiles/ENERGIS_RTOS.dir/src/tasks/LoggerTask.c.obj
                0x10007690                log_printf
 .text.LoggerTask
                0x100076e0       0x84 CMakeFiles/ENERGIS_RTOS.dir/src/tasks/LoggerTask.c.obj
 .text.log_printf_force
                0x10007764       0x40 CMakeFiles/ENERGIS_RTOS.dir/src/tasks/LoggerTask.c.obj
                0x10007764                log_printf_force
 .text.Logger_MutePush
                0x100077a4       0x18 CMakeFiles/ENERGIS_RTOS.dir/src/tasks/LoggerTask.c.obj
                0x100077a4                Logger_MutePush
 .text.Logger_MutePop
                0x100077bc       0x20 CMakeFiles/ENERGIS_RTOS.dir/src/tasks/LoggerTask.c.obj
                0x100077bc                Logger_MutePop
 .text.cmd_help
                0x100077dc      0x310 CMakeFiles/ENERGIS_RTOS.dir/src/tasks/ConsoleTask.c.obj
 .text.cmd_calibrate
                0x10007aec       0x18 CMakeFiles/ENERGIS_RTOS.dir/src/tasks/ConsoleTask.c.obj
 .text.cmd_reboot
                0x10007b04       0x20 CMakeFiles/ENERGIS_RTOS.dir/src/tasks/ConsoleTask.c.obj
 .text.cmd_clr_err
                0x10007b24       0x18 CMakeFiles/ENERGIS_RTOS.dir/src/tasks/ConsoleTask.c.obj
 .text.trim     0x10007b3c       0x44 CMakeFiles/ENERGIS_RTOS.dir/src/tasks/ConsoleTask.c.obj
 .text.cmd_get_temp
                0x10007b80       0x44 CMakeFiles/ENERGIS_RTOS.dir/src/tasks/ConsoleTask.c.obj
 .text.cmd_get_supply
                0x10007bc4       0x40 CMakeFiles/ENERGIS_RTOS.dir/src/tasks/ConsoleTask.c.obj
 .text.cmd_get_usb
                0x10007c04       0x40 CMakeFiles/ENERGIS_RTOS.dir/src/tasks/ConsoleTask.c.obj
 .text.cmd_sysinfo
                0x10007c44      0x2ec CMakeFiles/ENERGIS_RTOS.dir/src/tasks/ConsoleTask.c.obj
 .text.cmd_bootsel
                0x10007f30       0x38 CMakeFiles/ENERGIS_RTOS.dir/src/tasks/ConsoleTask.c.obj
 .text.parse_ip
                0x10007f68       0x74 CMakeFiles/ENERGIS_RTOS.dir/src/tasks/ConsoleTask.c.obj
 .text.cmd_set_ch
                0x10007fdc      0x1bc CMakeFiles/ENERGIS_RTOS.dir/src/tasks/ConsoleTask.c.obj
 .text.cmd_get_ch
                0x10008198      0x134 CMakeFiles/ENERGIS_RTOS.dir/src/tasks/ConsoleTask.c.obj
 .text.cmd_oc_status
                0x100082cc      0x1c0 CMakeFiles/ENERGIS_RTOS.dir/src/tasks/ConsoleTask.c.obj
 .text.cmd_oc_reset
                0x1000848c       0x2c CMakeFiles/ENERGIS_RTOS.dir/src/tasks/ConsoleTask.c.obj
 .text.cmd_read_hlw8032_ch
                0x100084b8       0x9c CMakeFiles/ENERGIS_RTOS.dir/src/tasks/ConsoleTask.c.obj
 .text.cmd_read_hlw8032_all
                0x10008554       0x88 CMakeFiles/ENERGIS_RTOS.dir/src/tasks/ConsoleTask.c.obj
 .text.cmd_auto_cal_zero
                0x100085dc      0x150 CMakeFiles/ENERGIS_RTOS.dir/src/tasks/ConsoleTask.c.obj
 .text.cmd_auto_cal_v
                0x1000872c      0x1c4 CMakeFiles/ENERGIS_RTOS.dir/src/tasks/ConsoleTask.c.obj
 .text.cmd_auto_cal_i
                0x100088f0      0x1f4 CMakeFiles/ENERGIS_RTOS.dir/src/tasks/ConsoleTask.c.obj
 .text.cmd_show_calib
                0x10008ae4       0x40 CMakeFiles/ENERGIS_RTOS.dir/src/tasks/ConsoleTask.c.obj
 .text.cmd_netinfo
                0x10008b24       0xc8 CMakeFiles/ENERGIS_RTOS.dir/src/tasks/ConsoleTask.c.obj
 .text.cmd_set_ip
                0x10008bec       0x6c CMakeFiles/ENERGIS_RTOS.dir/src/tasks/ConsoleTask.c.obj
 .text.cmd_set_sn
                0x10008c58       0x6c CMakeFiles/ENERGIS_RTOS.dir/src/tasks/ConsoleTask.c.obj
 .text.cmd_set_gw
                0x10008cc4       0x6c CMakeFiles/ENERGIS_RTOS.dir/src/tasks/ConsoleTask.c.obj
 .text.cmd_set_dns
                0x10008d30       0x6c CMakeFiles/ENERGIS_RTOS.dir/src/tasks/ConsoleTask.c.obj
 .text.cmd_config_network
                0x10008d9c      0x108 CMakeFiles/ENERGIS_RTOS.dir/src/tasks/ConsoleTask.c.obj
 .text.cmd_calib_temp
                0x10008ea4      0x218 CMakeFiles/ENERGIS_RTOS.dir/src/tasks/ConsoleTask.c.obj
 .text.cmd_read_error_log
                0x100090bc       0x18 CMakeFiles/ENERGIS_RTOS.dir/src/tasks/ConsoleTask.c.obj
 .text.cmd_read_warning_log
                0x100090d4       0x18 CMakeFiles/ENERGIS_RTOS.dir/src/tasks/ConsoleTask.c.obj
 .text.cmd_clear_error_log
                0x100090ec       0x24 CMakeFiles/ENERGIS_RTOS.dir/src/tasks/ConsoleTask.c.obj
 .text.cmd_clear_warning_log
                0x10009110       0x24 CMakeFiles/ENERGIS_RTOS.dir/src/tasks/ConsoleTask.c.obj
 .text.dispatch_command
                0x10009134      0x470 CMakeFiles/ENERGIS_RTOS.dir/src/tasks/ConsoleTask.c.obj
 .text.ConsoleTask
                0x100095a4      0x124 CMakeFiles/ENERGIS_RTOS.dir/src/tasks/ConsoleTask.c.obj
 .text.ConsoleTask_Init
                0x100096c8       0xe4 CMakeFiles/ENERGIS_RTOS.dir/src/tasks/ConsoleTask.c.obj
                0x100096c8                ConsoleTask_Init
 .text.Console_IsReady
                0x100097ac       0x10 CMakeFiles/ENERGIS_RTOS.dir/src/tasks/ConsoleTask.c.obj
                0x100097ac                Console_IsReady
 .text.storage_erase_step
                0x100097bc       0xf4 CMakeFiles/ENERGIS_RTOS.dir/src/tasks/StorageTask.c.obj
 .text.storage_clear_event_region
                0x100098b0       0xe4 CMakeFiles/ENERGIS_RTOS.dir/src/tasks/StorageTask.c.obj
 .text.load_config_from_eeprom
                0x10009994      0x110 CMakeFiles/ENERGIS_RTOS.dir/src/tasks/StorageTask.c.obj
 .text.commit_dirty_sections
                0x10009aa4      0x1c8 CMakeFiles/ENERGIS_RTOS.dir/src/tasks/StorageTask.c.obj
 .text.process_storage_msg
                0x10009c6c      0x380 CMakeFiles/ENERGIS_RTOS.dir/src/tasks/StorageTask.c.obj
 .text.Storage_FlushEventQueues
                0x10009fec       0xf8 CMakeFiles/ENERGIS_RTOS.dir/src/tasks/StorageTask.c.obj
 .text.storage_dump_eeprom_formatted
                0x1000a0e4      0x168 CMakeFiles/ENERGIS_RTOS.dir/src/tasks/StorageTask.c.obj
 .text.storage_dump_event_region
                0x1000a24c      0x148 CMakeFiles/ENERGIS_RTOS.dir/src/tasks/StorageTask.c.obj
 .text.StorageTask
                0x1000a394      0x1e4 CMakeFiles/ENERGIS_RTOS.dir/src/tasks/StorageTask.c.obj
 .text.Storage_Config_IsReady
                0x1000a578        0xc CMakeFiles/ENERGIS_RTOS.dir/src/tasks/StorageTask.c.obj
                0x1000a578                Storage_Config_IsReady
 .text.storage_dump_formatted_async
                0x1000a584       0x44 CMakeFiles/ENERGIS_RTOS.dir/src/tasks/StorageTask.c.obj
                0x1000a584                storage_dump_formatted_async
 .text.storage_dump_error_log_async
                0x1000a5c8       0x3c CMakeFiles/ENERGIS_RTOS.dir/src/tasks/StorageTask.c.obj
                0x1000a5c8                storage_dump_error_log_async
 .text.storage_dump_warning_log_async
                0x1000a604       0x3c CMakeFiles/ENERGIS_RTOS.dir/src/tasks/StorageTask.c.obj
                0x1000a604                storage_dump_warning_log_async
 .text.storage_clear_error_log_async
                0x1000a640       0x3c CMakeFiles/ENERGIS_RTOS.dir/src/tasks/StorageTask.c.obj
                0x1000a640                storage_clear_error_log_async
 .text.storage_clear_warning_log_async
                0x1000a67c       0x3c CMakeFiles/ENERGIS_RTOS.dir/src/tasks/StorageTask.c.obj
                0x1000a67c                storage_clear_warning_log_async
 .text.Storage_EnqueueErrorCode
                0x1000a6b8       0x24 CMakeFiles/ENERGIS_RTOS.dir/src/tasks/StorageTask.c.obj
                0x1000a6b8                Storage_EnqueueErrorCode
 .text.Storage_EnqueueWarningCode
                0x1000a6dc       0x24 CMakeFiles/ENERGIS_RTOS.dir/src/tasks/StorageTask.c.obj
                0x1000a6dc                Storage_EnqueueWarningCode
 .text.StorageTask_Init
                0x1000a700       0xec CMakeFiles/ENERGIS_RTOS.dir/src/tasks/StorageTask.c.obj
                0x1000a700                StorageTask_Init
 .text.Storage_IsReady
                0x1000a7ec       0x30 CMakeFiles/ENERGIS_RTOS.dir/src/tasks/StorageTask.c.obj
                0x1000a7ec                Storage_IsReady
 .text.storage_erase_all_async
                0x1000a81c       0x4c CMakeFiles/ENERGIS_RTOS.dir/src/tasks/StorageTask.c.obj
                0x1000a81c                storage_erase_all_async
 .text.storage_wait_ready
                0x1000a868       0x38 CMakeFiles/ENERGIS_RTOS.dir/src/tasks/StorageTask.c.obj
                0x1000a868                storage_wait_ready
 .text.storage_get_network
                0x1000a8a0       0x78 CMakeFiles/ENERGIS_RTOS.dir/src/tasks/StorageTask.c.obj
                0x1000a8a0                storage_get_network
 .text.storage_set_network
                0x1000a918       0x58 CMakeFiles/ENERGIS_RTOS.dir/src/tasks/StorageTask.c.obj
                0x1000a918                storage_set_network
 .text.storage_get_prefs
                0x1000a970       0x84 CMakeFiles/ENERGIS_RTOS.dir/src/tasks/StorageTask.c.obj
                0x1000a970                storage_get_prefs
 .text.storage_set_prefs
                0x1000a9f4       0x58 CMakeFiles/ENERGIS_RTOS.dir/src/tasks/StorageTask.c.obj
                0x1000a9f4                storage_set_prefs
 .text.storage_get_auth
                0x1000aa4c       0x84 CMakeFiles/ENERGIS_RTOS.dir/src/tasks/StorageTask.c.obj
                0x1000aa4c                storage_get_auth
 .text.storage_set_auth
                0x1000aad0       0x58 CMakeFiles/ENERGIS_RTOS.dir/src/tasks/StorageTask.c.obj
                0x1000aad0                storage_set_auth
 .text.storage_commit_now
                0x1000ab28       0x90 CMakeFiles/ENERGIS_RTOS.dir/src/tasks/StorageTask.c.obj
                0x1000ab28                storage_commit_now
 .text.storage_load_defaults
                0x1000abb8       0x90 CMakeFiles/ENERGIS_RTOS.dir/src/tasks/StorageTask.c.obj
                0x1000abb8                storage_load_defaults
 .text.storage_set_sensor_cal
                0x1000ac48       0x64 CMakeFiles/ENERGIS_RTOS.dir/src/tasks/StorageTask.c.obj
                0x1000ac48                storage_set_sensor_cal
 .text.storage_save_preset
                0x1000acac       0x54 CMakeFiles/ENERGIS_RTOS.dir/src/tasks/StorageTask.c.obj
                0x1000acac                storage_save_preset
 .text.storage_delete_preset
                0x1000ad00       0x40 CMakeFiles/ENERGIS_RTOS.dir/src/tasks/StorageTask.c.obj
                0x1000ad00                storage_delete_preset
 .text.storage_set_startup_preset
                0x1000ad40       0x40 CMakeFiles/ENERGIS_RTOS.dir/src/tasks/StorageTask.c.obj
                0x1000ad40                storage_set_startup_preset
 .text.storage_clear_startup_preset
                0x1000ad80       0x3c CMakeFiles/ENERGIS_RTOS.dir/src/tasks/StorageTask.c.obj
                0x1000ad80                storage_clear_startup_preset
 .text.wait_for_link_up
                0x1000adbc       0x48 CMakeFiles/ENERGIS_RTOS.dir/src/tasks/NetTask.c.obj
 .text.net_apply_config_and_init
                0x1000ae04       0x4c CMakeFiles/ENERGIS_RTOS.dir/src/tasks/NetTask.c.obj
 .text.net_start_services
                0x1000ae50       0x50 CMakeFiles/ENERGIS_RTOS.dir/src/tasks/NetTask.c.obj
 .text.net_reinit_from_cache
                0x1000aea0       0x50 CMakeFiles/ENERGIS_RTOS.dir/src/tasks/NetTask.c.obj
 .text.NetTask_Function
                0x1000aef0      0x3d0 CMakeFiles/ENERGIS_RTOS.dir/src/tasks/NetTask.c.obj
 .text.NetTask_Init
                0x1000b2c0       0x8c CMakeFiles/ENERGIS_RTOS.dir/src/tasks/NetTask.c.obj
                0x1000b2c0                NetTask_Init
 .text.Net_IsReady
                0x1000b34c       0x10 CMakeFiles/ENERGIS_RTOS.dir/src/tasks/NetTask.c.obj
                0x1000b34c                Net_IsReady
 .text.adc_raw_to_die_temp_c
                0x1000b35c       0x40 CMakeFiles/ENERGIS_RTOS.dir/src/tasks/MeterTask.c.obj
 .text.update_energy
                0x1000b39c       0x84 CMakeFiles/ENERGIS_RTOS.dir/src/tasks/MeterTask.c.obj
 .text.publish_telemetry
                0x1000b420       0x18 CMakeFiles/ENERGIS_RTOS.dir/src/tasks/MeterTask.c.obj
 .text.MeterTask_Loop
                0x1000b438      0x444 CMakeFiles/ENERGIS_RTOS.dir/src/tasks/MeterTask.c.obj
 .text.MeterTask_Init
                0x1000b87c      0x134 CMakeFiles/ENERGIS_RTOS.dir/src/tasks/MeterTask.c.obj
                0x1000b87c                MeterTask_Init
 .text.Meter_IsReady
                0x1000b9b0       0x10 CMakeFiles/ENERGIS_RTOS.dir/src/tasks/MeterTask.c.obj
                0x1000b9b0                Meter_IsReady
 .text.MeterTask_GetTelemetry
                0x1000b9c0       0x40 CMakeFiles/ENERGIS_RTOS.dir/src/tasks/MeterTask.c.obj
                0x1000b9c0                MeterTask_GetTelemetry
 .text.MeterTask_GetSystemTelemetry
                0x1000ba00       0x30 CMakeFiles/ENERGIS_RTOS.dir/src/tasks/MeterTask.c.obj
                0x1000ba00                MeterTask_GetSystemTelemetry
 .text.MeterTask_SetTempCalibration
                0x1000ba30       0x80 CMakeFiles/ENERGIS_RTOS.dir/src/tasks/MeterTask.c.obj
                0x1000ba30                MeterTask_SetTempCalibration
 .text.MeterTask_GetTempCalibrationInfo
                0x1000bab0       0xa8 CMakeFiles/ENERGIS_RTOS.dir/src/tasks/MeterTask.c.obj
                0x1000bab0                MeterTask_GetTempCalibrationInfo
 .text.deb_init
                0x1000bb58        0xe CMakeFiles/ENERGIS_RTOS.dir/src/tasks/ButtonTask.c.obj
 .text.deb_update
                0x1000bb66       0x54 CMakeFiles/ENERGIS_RTOS.dir/src/tasks/ButtonTask.c.obj
 *fill*         0x1000bbba        0x2 
 .text.vBlinkTimerCb
                0x1000bbbc        0xc CMakeFiles/ENERGIS_RTOS.dir/src/tasks/ButtonTask.c.obj
 .text.window_close
                0x1000bbc8       0x20 CMakeFiles/ENERGIS_RTOS.dir/src/tasks/ButtonTask.c.obj
 .text.process_blink
                0x1000bbe8       0x84 CMakeFiles/ENERGIS_RTOS.dir/src/tasks/ButtonTask.c.obj
 .text.window_open
                0x1000bc6c       0x3c CMakeFiles/ENERGIS_RTOS.dir/src/tasks/ButtonTask.c.obj
 .text.emit     0x1000bca8       0x44 CMakeFiles/ENERGIS_RTOS.dir/src/tasks/ButtonTask.c.obj
 .text.vButtonTask
                0x1000bcec      0x2ec CMakeFiles/ENERGIS_RTOS.dir/src/tasks/ButtonTask.c.obj
 .text.ButtonTask_Init
                0x1000bfd8      0x110 CMakeFiles/ENERGIS_RTOS.dir/src/tasks/ButtonTask.c.obj
                0x1000bfd8                ButtonTask_Init
 .text.Button_IsReady
                0x1000c0e8        0xc CMakeFiles/ENERGIS_RTOS.dir/src/tasks/ButtonTask.c.obj
                0x1000c0e8                Button_IsReady
 .text.pwm_set_chan_level
                0x1000c0f4       0x38 CMakeFiles/ENERGIS_RTOS.dir/src/tasks/HealthTask.c.obj
 .text.dump_block_ring
                0x1000c12c       0x20 CMakeFiles/ENERGIS_RTOS.dir/src/tasks/HealthTask.c.obj
 .text.required_tasks_have_heartbeat_once
                0x1000c14c       0x3c CMakeFiles/ENERGIS_RTOS.dir/src/tasks/HealthTask.c.obj
 .text.max_dt_required
                0x1000c188       0x64 CMakeFiles/ENERGIS_RTOS.dir/src/tasks/HealthTask.c.obj
 .text.stale_mask_required
                0x1000c1ec       0x64 CMakeFiles/ENERGIS_RTOS.dir/src/tasks/HealthTask.c.obj
 .text.hscr_store_intentional
                0x1000c250       0x58 CMakeFiles/ENERGIS_RTOS.dir/src/tasks/HealthTask.c.obj
 .text.report_stale
                0x1000c2a8       0xfc CMakeFiles/ENERGIS_RTOS.dir/src/tasks/HealthTask.c.obj
 .text.hscr_load_is_health_reboot
                0x1000c3a4       0x7c CMakeFiles/ENERGIS_RTOS.dir/src/tasks/HealthTask.c.obj
 .text.print_health_reboot_brief
                0x1000c420       0x94 CMakeFiles/ENERGIS_RTOS.dir/src/tasks/HealthTask.c.obj
 .text.now_ms   0x1000c4b4       0x20 CMakeFiles/ENERGIS_RTOS.dir/src/tasks/HealthTask.c.obj
 .text.log_stack_watermarks
                0x1000c4d4       0x2c CMakeFiles/ENERGIS_RTOS.dir/src/tasks/HealthTask.c.obj
 .text.log_heap_free
                0x1000c500        0x8 CMakeFiles/ENERGIS_RTOS.dir/src/tasks/HealthTask.c.obj
 .text.Health_OnWdtFeed
                0x1000c508       0x4c CMakeFiles/ENERGIS_RTOS.dir/src/tasks/HealthTask.c.obj
 .text.health_task
                0x1000c554      0x250 CMakeFiles/ENERGIS_RTOS.dir/src/tasks/HealthTask.c.obj
 .text.HealthTask_Start
                0x1000c7a4       0x34 CMakeFiles/ENERGIS_RTOS.dir/src/tasks/HealthTask.c.obj
                0x1000c7a4                HealthTask_Start
 .text.Health_RegisterTask
                0x1000c7d8       0x54 CMakeFiles/ENERGIS_RTOS.dir/src/tasks/HealthTask.c.obj
                0x1000c7d8                Health_RegisterTask
 .text.Health_Heartbeat
                0x1000c82c       0x28 CMakeFiles/ENERGIS_RTOS.dir/src/tasks/HealthTask.c.obj
                0x1000c82c                Health_Heartbeat
 .text.Health_RecordBlocked
                0x1000c854       0x64 CMakeFiles/ENERGIS_RTOS.dir/src/tasks/HealthTask.c.obj
                0x1000c854                Health_RecordBlocked
 .text.Health_RebootNow
                0x1000c8b8       0x40 CMakeFiles/ENERGIS_RTOS.dir/src/tasks/HealthTask.c.obj
                0x1000c8b8                Health_RebootNow
 .text.read_relay_mask
                0x1000c8f8       0x2c CMakeFiles/ENERGIS_RTOS.dir/src/tasks/SwitchTask.c.obj
 .text.lock     0x1000c924       0x24 CMakeFiles/ENERGIS_RTOS.dir/src/tasks/SwitchTask.c.obj
 .text.unlock   0x1000c948       0x1c CMakeFiles/ENERGIS_RTOS.dir/src/tasks/SwitchTask.c.obj
 .text.mirror_display_from_relay
                0x1000c964       0x94 CMakeFiles/ENERGIS_RTOS.dir/src/tasks/SwitchTask.c.obj
 .text.SwitchTask_Init
                0x1000c9f8       0x3c CMakeFiles/ENERGIS_RTOS.dir/src/tasks/SwitchTask.c.obj
                0x1000c9f8                SwitchTask_Init
 .text.Switch_IsReady
                0x1000ca34       0x24 CMakeFiles/ENERGIS_RTOS.dir/src/tasks/SwitchTask.c.obj
                0x1000ca34                Switch_IsReady
 .text.Switch_GetState
                0x1000ca58       0x60 CMakeFiles/ENERGIS_RTOS.dir/src/tasks/SwitchTask.c.obj
                0x1000ca58                Switch_GetState
 .text.Switch_GetAllStates
                0x1000cab8       0x50 CMakeFiles/ENERGIS_RTOS.dir/src/tasks/SwitchTask.c.obj
                0x1000cab8                Switch_GetAllStates
 .text.Switch_SetChannel
                0x1000cb08       0x7c CMakeFiles/ENERGIS_RTOS.dir/src/tasks/SwitchTask.c.obj
                0x1000cb08                Switch_SetChannel
 .text.Switch_Toggle
                0x1000cb84       0x44 CMakeFiles/ENERGIS_RTOS.dir/src/tasks/SwitchTask.c.obj
                0x1000cb84                Switch_Toggle
 .text.Switch_AllOn
                0x1000cbc8       0x74 CMakeFiles/ENERGIS_RTOS.dir/src/tasks/SwitchTask.c.obj
                0x1000cbc8                Switch_AllOn
 .text.Switch_AllOff
                0x1000cc3c       0x68 CMakeFiles/ENERGIS_RTOS.dir/src/tasks/SwitchTask.c.obj
                0x1000cc3c                Switch_AllOff
 .text.Switch_SetMask
                0x1000cca4       0x70 CMakeFiles/ENERGIS_RTOS.dir/src/tasks/SwitchTask.c.obj
                0x1000cca4                Switch_SetMask
 .text.Switch_GetStateCompat
                0x1000cd14        0xe CMakeFiles/ENERGIS_RTOS.dir/src/tasks/SwitchTask.c.obj
                0x1000cd14                Switch_GetStateCompat
 .text.Switch_SetChannelCompat
                0x1000cd22        0xe CMakeFiles/ENERGIS_RTOS.dir/src/tasks/SwitchTask.c.obj
                0x1000cd22                Switch_SetChannelCompat
 .text.Switch_AllOnCompat
                0x1000cd30        0xe CMakeFiles/ENERGIS_RTOS.dir/src/tasks/SwitchTask.c.obj
                0x1000cd30                Switch_AllOnCompat
 .text.Switch_AllOffCompat
                0x1000cd3e        0xe CMakeFiles/ENERGIS_RTOS.dir/src/tasks/SwitchTask.c.obj
                0x1000cd3e                Switch_AllOffCompat
 .text.Switch_SelectAllOff
                0x1000cd4c       0x58 CMakeFiles/ENERGIS_RTOS.dir/src/tasks/SwitchTask.c.obj
                0x1000cd4c                Switch_SelectAllOff
 .text.Switch_SelectShow
                0x1000cda4       0x74 CMakeFiles/ENERGIS_RTOS.dir/src/tasks/SwitchTask.c.obj
                0x1000cda4                Switch_SelectShow
 .text.Switch_SetFaultLed
                0x1000ce18       0x7c CMakeFiles/ENERGIS_RTOS.dir/src/tasks/SwitchTask.c.obj
                0x1000ce18                Switch_SetFaultLed
 .text.Switch_SetPwrLed
                0x1000ce94       0x7c CMakeFiles/ENERGIS_RTOS.dir/src/tasks/SwitchTask.c.obj
                0x1000ce94                Switch_SetPwrLed
 .text.Switch_SetEthLed
                0x1000cf10       0x7c CMakeFiles/ENERGIS_RTOS.dir/src/tasks/SwitchTask.c.obj
                0x1000cf10                Switch_SetEthLed
 .text.Switch_SyncFromHardware
                0x1000cf8c       0x2c CMakeFiles/ENERGIS_RTOS.dir/src/tasks/SwitchTask.c.obj
                0x1000cf8c                Switch_SyncFromHardware
 .text.Switch_SetManualPanelActive
                0x1000cfb8        0xc CMakeFiles/ENERGIS_RTOS.dir/src/tasks/SwitchTask.c.obj
                0x1000cfb8                Switch_SetManualPanelActive
 .text.Switch_SetRelayPortBMasked
                0x1000cfc4       0x58 CMakeFiles/ENERGIS_RTOS.dir/src/tasks/SwitchTask.c.obj
                0x1000cfc4                Switch_SetRelayPortBMasked
 .text.skip_ws  0x1000d01c       0x1c CMakeFiles/ENERGIS_RTOS.dir/src/tasks/provisioning_commands.c.obj
 .text.next_tok
                0x1000d038       0x4c CMakeFiles/ENERGIS_RTOS.dir/src/tasks/provisioning_commands.c.obj
 .text.trim_ws_inplace
                0x1000d084       0x4c CMakeFiles/ENERGIS_RTOS.dir/src/tasks/provisioning_commands.c.obj
 .text.prov_unlock
                0x1000d0d0       0x90 CMakeFiles/ENERGIS_RTOS.dir/src/tasks/provisioning_commands.c.obj
 .text.prov_lock
                0x1000d160       0x18 CMakeFiles/ENERGIS_RTOS.dir/src/tasks/provisioning_commands.c.obj
 .text.prov_set_sn
                0x1000d178       0xe0 CMakeFiles/ENERGIS_RTOS.dir/src/tasks/provisioning_commands.c.obj
 .text.prov_set_region
                0x1000d258      0x110 CMakeFiles/ENERGIS_RTOS.dir/src/tasks/provisioning_commands.c.obj
 .text.prov_status
                0x1000d368       0xbc CMakeFiles/ENERGIS_RTOS.dir/src/tasks/provisioning_commands.c.obj
 .text.cmd_prov
                0x1000d424      0x164 CMakeFiles/ENERGIS_RTOS.dir/src/tasks/provisioning_commands.c.obj
                0x1000d424                cmd_prov
 .text.tempcal_crc32
                0x1000d588       0x3c CMakeFiles/ENERGIS_RTOS.dir/src/tasks/storage_submodule/calibration.c.obj
 .text.tempcal_is_valid
                0x1000d5c4       0xbc CMakeFiles/ENERGIS_RTOS.dir/src/tasks/storage_submodule/calibration.c.obj
 .text.tempcal_finalize_crc
                0x1000d680       0x12 CMakeFiles/ENERGIS_RTOS.dir/src/tasks/storage_submodule/calibration.c.obj
 *fill*         0x1000d692        0x2 
 .text.tempcal_defaults
                0x1000d694       0x2c CMakeFiles/ENERGIS_RTOS.dir/src/tasks/storage_submodule/calibration.c.obj
 .text.EEPROM_WriteSensorCalibration
                0x1000d6c0       0x28 CMakeFiles/ENERGIS_RTOS.dir/src/tasks/storage_submodule/calibration.c.obj
                0x1000d6c0                EEPROM_WriteSensorCalibration
 .text.EEPROM_WriteSensorCalibrationForChannel
                0x1000d6e8       0x34 CMakeFiles/ENERGIS_RTOS.dir/src/tasks/storage_submodule/calibration.c.obj
                0x1000d6e8                EEPROM_WriteSensorCalibrationForChannel
 .text.EEPROM_ReadSensorCalibrationForChannel
                0x1000d71c       0x68 CMakeFiles/ENERGIS_RTOS.dir/src/tasks/storage_submodule/calibration.c.obj
                0x1000d71c                EEPROM_ReadSensorCalibrationForChannel
 .text.EEPROM_WriteTempCalibration
                0x1000d784       0x4c CMakeFiles/ENERGIS_RTOS.dir/src/tasks/storage_submodule/calibration.c.obj
                0x1000d784                EEPROM_WriteTempCalibration
 .text.EEPROM_ReadTempCalibration
                0x1000d7d0       0x64 CMakeFiles/ENERGIS_RTOS.dir/src/tasks/storage_submodule/calibration.c.obj
                0x1000d7d0                EEPROM_ReadTempCalibration
 .text.TempCalibration_ComputeSinglePoint
                0x1000d834       0x60 CMakeFiles/ENERGIS_RTOS.dir/src/tasks/storage_submodule/calibration.c.obj
                0x1000d834                TempCalibration_ComputeSinglePoint
 .text.TempCalibration_ComputeTwoPoint
                0x1000d894      0x114 CMakeFiles/ENERGIS_RTOS.dir/src/tasks/storage_submodule/calibration.c.obj
                0x1000d894                TempCalibration_ComputeTwoPoint
 .text.TempCalibration_ApplyToMeterTask
                0x1000d9a8       0x48 CMakeFiles/ENERGIS_RTOS.dir/src/tasks/storage_submodule/calibration.c.obj
                0x1000d9a8                TempCalibration_ApplyToMeterTask
 .text.TempCalibration_LoadAndApply
                0x1000d9f0       0x2e CMakeFiles/ENERGIS_RTOS.dir/src/tasks/storage_submodule/calibration.c.obj
                0x1000d9f0                TempCalibration_LoadAndApply
 *fill*         0x1000da1e        0x2 
 .text.EEPROM_WriteChannelLabel
                0x1000da20       0x78 CMakeFiles/ENERGIS_RTOS.dir/src/tasks/storage_submodule/channel_labels.c.obj
                0x1000da20                EEPROM_WriteChannelLabel
 .text.EEPROM_ReadChannelLabel
                0x1000da98       0x90 CMakeFiles/ENERGIS_RTOS.dir/src/tasks/storage_submodule/channel_labels.c.obj
                0x1000da98                EEPROM_ReadChannelLabel
 .text.ChannelLabels_LoadFromEEPROM
                0x1000db28       0x40 CMakeFiles/ENERGIS_RTOS.dir/src/tasks/storage_submodule/channel_labels.c.obj
                0x1000db28                ChannelLabels_LoadFromEEPROM
 .text.ChannelLabels_GetCached
                0x1000db68       0x68 CMakeFiles/ENERGIS_RTOS.dir/src/tasks/storage_submodule/channel_labels.c.obj
                0x1000db68                ChannelLabels_GetCached
 .text.ChannelLabels_SetAndWrite
                0x1000dbd0       0x48 CMakeFiles/ENERGIS_RTOS.dir/src/tasks/storage_submodule/channel_labels.c.obj
                0x1000dbd0                ChannelLabels_SetAndWrite
 .text.storage_get_channel_label
                0x1000dc18       0x40 CMakeFiles/ENERGIS_RTOS.dir/src/tasks/storage_submodule/channel_labels.c.obj
                0x1000dc18                storage_get_channel_label
 .text.storage_set_channel_label
                0x1000dc58       0x68 CMakeFiles/ENERGIS_RTOS.dir/src/tasks/storage_submodule/channel_labels.c.obj
                0x1000dc58                storage_set_channel_label
 .text.EEPROM_WriteEnergyMonitoring
                0x1000dcc0       0x28 CMakeFiles/ENERGIS_RTOS.dir/src/tasks/storage_submodule/energy_monitor.c.obj
                0x1000dcc0                EEPROM_WriteEnergyMonitoring
 .text.EEPROM_AppendCodeGeneric
                0x1000dce8       0x96 CMakeFiles/ENERGIS_RTOS.dir/src/tasks/storage_submodule/event_log.c.obj
 .text.EEPROM_WriteEventLogs
                0x1000dd7e       0x20 CMakeFiles/ENERGIS_RTOS.dir/src/tasks/storage_submodule/event_log.c.obj
                0x1000dd7e                EEPROM_WriteEventLogs
 .text.EEPROM_AppendErrorCode
                0x1000dd9e       0x12 CMakeFiles/ENERGIS_RTOS.dir/src/tasks/storage_submodule/event_log.c.obj
                0x1000dd9e                EEPROM_AppendErrorCode
 .text.EEPROM_AppendWarningCode
                0x1000ddb0       0x12 CMakeFiles/ENERGIS_RTOS.dir/src/tasks/storage_submodule/event_log.c.obj
                0x1000ddb0                EEPROM_AppendWarningCode
 *fill*         0x1000ddc2        0x2 
 .text.EEPROM_WriteFactoryDefaults
                0x1000ddc4      0x16c CMakeFiles/ENERGIS_RTOS.dir/src/tasks/storage_submodule/factory_defaults.c.obj
                0x1000ddc4                EEPROM_WriteFactoryDefaults
 .text.check_factory_defaults
                0x1000df30      0x1a0 CMakeFiles/ENERGIS_RTOS.dir/src/tasks/storage_submodule/factory_defaults.c.obj
                0x1000df30                check_factory_defaults
 .text.EEPROM_WriteSystemInfo
                0x1000e0d0       0x24 CMakeFiles/ENERGIS_RTOS.dir/src/tasks/storage_submodule/network.c.obj
                0x1000e0d0                EEPROM_WriteSystemInfo
 .text.EEPROM_WriteUserNetworkWithChecksum
                0x1000e0f4       0x78 CMakeFiles/ENERGIS_RTOS.dir/src/tasks/storage_submodule/network.c.obj
                0x1000e0f4                EEPROM_WriteUserNetworkWithChecksum
 .text.EEPROM_ReadUserNetworkWithChecksum
                0x1000e16c       0x8c CMakeFiles/ENERGIS_RTOS.dir/src/tasks/storage_submodule/network.c.obj
                0x1000e16c                EEPROM_ReadUserNetworkWithChecksum
 .text.LoadUserNetworkConfig
                0x1000e1f8       0x6c CMakeFiles/ENERGIS_RTOS.dir/src/tasks/storage_submodule/network.c.obj
                0x1000e1f8                LoadUserNetworkConfig
 .text.calculate_crc8
                0x1000e264       0x36 CMakeFiles/ENERGIS_RTOS.dir/src/tasks/storage_submodule/storage_common.c.obj
                0x1000e264                calculate_crc8
 .text.Energis_FillMacFromSerial
                0x1000e29a        0x8 CMakeFiles/ENERGIS_RTOS.dir/src/tasks/storage_submodule/storage_common.c.obj
                0x1000e29a                Energis_FillMacFromSerial
 .text.Energis_RepairMac
                0x1000e2a2       0x90 CMakeFiles/ENERGIS_RTOS.dir/src/tasks/storage_submodule/storage_common.c.obj
                0x1000e2a2                Energis_RepairMac
 *fill*         0x1000e332        0x2 
 .text.user_output_crc16
                0x1000e334       0x40 CMakeFiles/ENERGIS_RTOS.dir/src/tasks/storage_submodule/user_output.c.obj
 .text.user_output_read_eeprom
                0x1000e374       0xb0 CMakeFiles/ENERGIS_RTOS.dir/src/tasks/storage_submodule/user_output.c.obj
 .text.user_output_init_defaults
                0x1000e424       0x48 CMakeFiles/ENERGIS_RTOS.dir/src/tasks/storage_submodule/user_output.c.obj
 .text.user_output_write_eeprom
                0x1000e46c       0x94 CMakeFiles/ENERGIS_RTOS.dir/src/tasks/storage_submodule/user_output.c.obj
 .text.UserOutput_Init
                0x1000e500       0xb4 CMakeFiles/ENERGIS_RTOS.dir/src/tasks/storage_submodule/user_output.c.obj
                0x1000e500                UserOutput_Init
 .text.UserOutput_GetAllPresets
                0x1000e5b4       0x50 CMakeFiles/ENERGIS_RTOS.dir/src/tasks/storage_submodule/user_output.c.obj
                0x1000e5b4                UserOutput_GetAllPresets
 .text.UserOutput_GetPreset
                0x1000e604       0x60 CMakeFiles/ENERGIS_RTOS.dir/src/tasks/storage_submodule/user_output.c.obj
                0x1000e604                UserOutput_GetPreset
 .text.UserOutput_SavePreset
                0x1000e664       0xf0 CMakeFiles/ENERGIS_RTOS.dir/src/tasks/storage_submodule/user_output.c.obj
                0x1000e664                UserOutput_SavePreset
 .text.UserOutput_DeletePreset
                0x1000e754       0xb8 CMakeFiles/ENERGIS_RTOS.dir/src/tasks/storage_submodule/user_output.c.obj
                0x1000e754                UserOutput_DeletePreset
 .text.UserOutput_GetStartupPreset
                0x1000e80c       0x44 CMakeFiles/ENERGIS_RTOS.dir/src/tasks/storage_submodule/user_output.c.obj
                0x1000e80c                UserOutput_GetStartupPreset
 .text.UserOutput_SetStartupPreset
                0x1000e850       0xc4 CMakeFiles/ENERGIS_RTOS.dir/src/tasks/storage_submodule/user_output.c.obj
                0x1000e850                UserOutput_SetStartupPreset
 .text.UserOutput_ClearStartupPreset
                0x1000e914       0x8c CMakeFiles/ENERGIS_RTOS.dir/src/tasks/storage_submodule/user_output.c.obj
                0x1000e914                UserOutput_ClearStartupPreset
 .text.UserOutput_ApplyPreset
                0x1000e9a0       0x74 CMakeFiles/ENERGIS_RTOS.dir/src/tasks/storage_submodule/user_output.c.obj
                0x1000e9a0                UserOutput_ApplyPreset
 .text.UserOutput_ApplyStartupPreset
                0x1000ea14       0x48 CMakeFiles/ENERGIS_RTOS.dir/src/tasks/storage_submodule/user_output.c.obj
                0x1000ea14                UserOutput_ApplyStartupPreset
 .text.EEPROM_WriteUserOutput
                0x1000ea5c       0x24 CMakeFiles/ENERGIS_RTOS.dir/src/tasks/storage_submodule/user_output.c.obj
                0x1000ea5c                EEPROM_WriteUserOutput
 .text.EEPROM_ReadUserOutput
                0x1000ea80       0x28 CMakeFiles/ENERGIS_RTOS.dir/src/tasks/storage_submodule/user_output.c.obj
                0x1000ea80                EEPROM_ReadUserOutput
 .text.EEPROM_WriteUserPrefsWithChecksum
                0x1000eaa8       0x64 CMakeFiles/ENERGIS_RTOS.dir/src/tasks/storage_submodule/user_prefs.c.obj
                0x1000eaa8                EEPROM_WriteUserPrefsWithChecksum
 .text.EEPROM_ReadUserPrefsWithChecksum
                0x1000eb0c       0xa8 CMakeFiles/ENERGIS_RTOS.dir/src/tasks/storage_submodule/user_prefs.c.obj
                0x1000eb0c                EEPROM_ReadUserPrefsWithChecksum
 .text.LoadUserPreferences
                0x1000ebb4       0x4c CMakeFiles/ENERGIS_RTOS.dir/src/tasks/storage_submodule/user_prefs.c.obj
                0x1000ebb4                LoadUserPreferences
 .text.EEPROM_WriteDefaultNameLocation
                0x1000ec00       0x10 CMakeFiles/ENERGIS_RTOS.dir/src/tasks/storage_submodule/user_prefs.c.obj
                0x1000ec00                EEPROM_WriteDefaultNameLocation
 .text.validate_region
                0x1000ec10       0x14 CMakeFiles/ENERGIS_RTOS.dir/src/tasks/storage_submodule/device_identity.c.obj
 .text.update_cache_from_record
                0x1000ec24       0x4c CMakeFiles/ENERGIS_RTOS.dir/src/tasks/storage_submodule/device_identity.c.obj
 .text.calc_identity_crc_raw
                0x1000ec70        0xa CMakeFiles/ENERGIS_RTOS.dir/src/tasks/storage_submodule/device_identity.c.obj
 *fill*         0x1000ec7a        0x2 
 .text.read_identity_from_eeprom
                0x1000ec7c       0x70 CMakeFiles/ENERGIS_RTOS.dir/src/tasks/storage_submodule/device_identity.c.obj
 .text.is_unlock_window_open
                0x1000ecec       0x4c CMakeFiles/ENERGIS_RTOS.dir/src/tasks/storage_submodule/device_identity.c.obj
 .text.validate_serial_number
                0x1000ed38       0x56 CMakeFiles/ENERGIS_RTOS.dir/src/tasks/storage_submodule/device_identity.c.obj
 *fill*         0x1000ed8e        0x2 
 .text.write_identity_to_eeprom
                0x1000ed90       0x64 CMakeFiles/ENERGIS_RTOS.dir/src/tasks/storage_submodule/device_identity.c.obj
 .text.DeviceIdentity_Init
                0x1000edf4       0xb4 CMakeFiles/ENERGIS_RTOS.dir/src/tasks/storage_submodule/device_identity.c.obj
                0x1000edf4                DeviceIdentity_Init
 .text.DeviceIdentity_Get
                0x1000eea8        0x8 CMakeFiles/ENERGIS_RTOS.dir/src/tasks/storage_submodule/device_identity.c.obj
                0x1000eea8                DeviceIdentity_Get
 .text.DeviceIdentity_GetSerialNumber
                0x1000eeb0        0x8 CMakeFiles/ENERGIS_RTOS.dir/src/tasks/storage_submodule/device_identity.c.obj
                0x1000eeb0                DeviceIdentity_GetSerialNumber
 .text.DeviceIdentity_GetRegion
                0x1000eeb8        0xc CMakeFiles/ENERGIS_RTOS.dir/src/tasks/storage_submodule/device_identity.c.obj
                0x1000eeb8                DeviceIdentity_GetRegion
 .text.DeviceIdentity_GetCurrentLimitA
                0x1000eec4       0x1c CMakeFiles/ENERGIS_RTOS.dir/src/tasks/storage_submodule/device_identity.c.obj
                0x1000eec4                DeviceIdentity_GetCurrentLimitA
 .text.DeviceIdentity_IsValid
                0x1000eee0        0xc CMakeFiles/ENERGIS_RTOS.dir/src/tasks/storage_submodule/device_identity.c.obj
                0x1000eee0                DeviceIdentity_IsValid
 .text.DeviceIdentity_Unlock
                0x1000eeec       0x64 CMakeFiles/ENERGIS_RTOS.dir/src/tasks/storage_submodule/device_identity.c.obj
                0x1000eeec                DeviceIdentity_Unlock
 .text.DeviceIdentity_Lock
                0x1000ef50       0x20 CMakeFiles/ENERGIS_RTOS.dir/src/tasks/storage_submodule/device_identity.c.obj
                0x1000ef50                DeviceIdentity_Lock
 .text.DeviceIdentity_IsUnlocked
                0x1000ef70        0x8 CMakeFiles/ENERGIS_RTOS.dir/src/tasks/storage_submodule/device_identity.c.obj
                0x1000ef70                DeviceIdentity_IsUnlocked
 .text.DeviceIdentity_SetSerialNumber
                0x1000ef78       0xb4 CMakeFiles/ENERGIS_RTOS.dir/src/tasks/storage_submodule/device_identity.c.obj
                0x1000ef78                DeviceIdentity_SetSerialNumber
 .text.DeviceIdentity_SetRegion
                0x1000f02c       0xc0 CMakeFiles/ENERGIS_RTOS.dir/src/tasks/storage_submodule/device_identity.c.obj
                0x1000f02c                DeviceIdentity_SetRegion
 .text.DeviceIdentity_FillMac
                0x1000f0ec       0x44 CMakeFiles/ENERGIS_RTOS.dir/src/tasks/storage_submodule/device_identity.c.obj
                0x1000f0ec                DeviceIdentity_FillMac
 .text.EEPROM_WriteAuthConfigWithChecksum
                0x1000f130       0x3c CMakeFiles/ENERGIS_RTOS.dir/src/tasks/storage_submodule/auth_store.c.obj
                0x1000f130                EEPROM_WriteAuthConfigWithChecksum
 .text.EEPROM_ReadAuthConfigWithChecksum
                0x1000f16c       0x7c CMakeFiles/ENERGIS_RTOS.dir/src/tasks/storage_submodule/auth_store.c.obj
                0x1000f16c                EEPROM_ReadAuthConfigWithChecksum
 .text.EEPROM_WriteDefaultAuthConfig
                0x1000f1e8       0x10 CMakeFiles/ENERGIS_RTOS.dir/src/tasks/storage_submodule/auth_store.c.obj
                0x1000f1e8                EEPROM_WriteDefaultAuthConfig
 .text.LoadAuthConfig
                0x1000f1f8       0x50 CMakeFiles/ENERGIS_RTOS.dir/src/tasks/storage_submodule/auth_store.c.obj
                0x1000f1f8                LoadAuthConfig
 .text.parse_content_length
                0x1000f248       0x6c CMakeFiles/ENERGIS_RTOS.dir/src/web_handlers/http_server.c.obj
 .text.read_http_request
                0x1000f2b4       0xf4 CMakeFiles/ENERGIS_RTOS.dir/src/web_handlers/http_server.c.obj
 .text.send_all
                0x1000f3a8       0x54 CMakeFiles/ENERGIS_RTOS.dir/src/web_handlers/http_server.c.obj
 .text.http_server_init
                0x1000f3fc       0xa8 CMakeFiles/ENERGIS_RTOS.dir/src/web_handlers/http_server.c.obj
                0x1000f3fc                http_server_init
 .text.http_server_process
                0x1000f4a4      0x418 CMakeFiles/ENERGIS_RTOS.dir/src/web_handlers/http_server.c.obj
                0x1000f4a4                http_server_process
 .text.handle_control_request
                0x1000f8bc      0x18c CMakeFiles/ENERGIS_RTOS.dir/src/web_handlers/control_handler.c.obj
                0x1000f8bc                handle_control_request
 .text.settings_send_all
                0x1000fa48       0x50 CMakeFiles/ENERGIS_RTOS.dir/src/web_handlers/settings_handler.c.obj
 .text.handle_settings_request
                0x1000fa98       0x4c CMakeFiles/ENERGIS_RTOS.dir/src/web_handlers/settings_handler.c.obj
                0x1000fa98                handle_settings_request
 .text.handle_settings_api
                0x1000fae4      0x384 CMakeFiles/ENERGIS_RTOS.dir/src/web_handlers/settings_handler.c.obj
                0x1000fae4                handle_settings_api
 .text.handle_settings_post
                0x1000fe68      0x350 CMakeFiles/ENERGIS_RTOS.dir/src/web_handlers/settings_handler.c.obj
                0x1000fe68                handle_settings_post
 .text.oc_state_to_string
                0x100101b8       0x40 CMakeFiles/ENERGIS_RTOS.dir/src/web_handlers/status_handler.c.obj
 .text.json_escape_string
                0x100101f8       0x9a CMakeFiles/ENERGIS_RTOS.dir/src/web_handlers/status_handler.c.obj
 *fill*         0x10010292        0x2 
 .text.handle_status_request
                0x10010294      0x394 CMakeFiles/ENERGIS_RTOS.dir/src/web_handlers/status_handler.c.obj
                0x10010294                handle_status_request
 .text.get_page_content
                0x10010628       0x78 CMakeFiles/ENERGIS_RTOS.dir/src/web_handlers/page_content.c.obj
                0x10010628                get_page_content
 .text.get_page_length
                0x100106a0       0xcc CMakeFiles/ENERGIS_RTOS.dir/src/web_handlers/page_content.c.obj
                0x100106a0                get_page_length